******************************************************************************
                  TI ARM Linker PC v18.12.7                    
******************************************************************************
>> Linked Mon May 10 10:45:36 2021

OUTPUT FILE NAME:   <ece3849d21_lab3_dmsolomon.out>
ENTRY POINT SYMBOL: "_c_int00"  address: 000163e9


MEMORY CONFIGURATION

         name            origin    length      used     unused   attr    fill
----------------------  --------  ---------  --------  --------  ----  --------
  FLASH                 00000000   00100000  00018d72  000e728e  R  X
  SRAM                  20000000   00040000  00012f0e  0002d0f2  RW X


SEGMENT ALLOCATION MAP

run origin  load origin   length   init length attrs members
----------  ----------- ---------- ----------- ----- -------
00000000    00000000    00018d80   00018d80    r-x
  00000000    00000000    0000003c   0000003c    r-- .resetVecs
  00000040    00000040    0000d79c   0000d79c    r-- .const
  0000d7e0    0000d7e0    0000b2b2   0000b2b2    r-x .text
  00018a98    00018a98    000002e8   000002e8    r-- .cinit
20000000    20000000    00000360   00000000    rw-
  20000000    20000000    00000360   00000000    rw- .vecs
20000400    20000400    00012bb0   00000000    rw-
  20000400    20000400    0000a1ba   00000000    rw- .bss
  2000a5bc    2000a5bc    000086f4   00000000    rw- .data
  20012cb0    20012cb0    00000300   00000000    rw- .stack


SECTION ALLOCATION MAP

 output                                  attributes/
section   page    origin      length       input sections
--------  ----  ----------  ----------   ----------------
.const     0    00000040    0000d79c     
                  00000040    0000af82     audio_waveform.obj (.const:.string:gWaveform)
                  0000afc2    000019e2     rtos_pem4f.oem4f (.const:xdc_runtime_Text_charTab__A)
                  0000c9a4    000002f8     grlib.lib : fontfixed6x8.obj (.const:.string:g_pui8FontFixed6x8Data)
                  0000cc9c    00000004     audio_waveform.obj (.const)
                  0000cca0    00000158     rtsv7M4_T_le_v4SPD16_eabi.lib : k_rem_pio2.c.obj (.const:$O1$$)
                  0000cdf8    00000120     Boot.aem4f : Boot_sysctl.oem4f (.const:g_pppui32XTALtoVCO)
                  0000cf18    00000101     rtsv7M4_T_le_v4SPD16_eabi.lib : ctype.c.obj (.const:.string:_ctypes_)
                  0000d019    00000001     rtos_pem4f.oem4f (.const:xdc_runtime_Error_policy__C)
                  0000d01a    000000cc     rtos_pem4f.oem4f (.const:xdc_runtime_Text_nodeTab__A)
                  0000d0e6    00000002     rtos_pem4f.oem4f (.const:ti_catalog_arm_cortexm4_tiva_ce_Boot_Module__id__C)
                  0000d0e8    000000c8     grlib.lib : fontfixed6x8.obj (.const:g_sFontFixed6x8)
                  0000d1b0    00000090     driverlib.lib : gpio.obj (.const:g_pui32GPIOBaseAddrs)
                  0000d240    0000006c     Boot.aem4f : Boot_sysctl.oem4f (.const:g_pui32Xtals)
                  0000d2ac    00000048     rtos_pem4f.oem4f (.const:.string)
                  0000d2f4    00000040     rtos_pem4f.oem4f (.const)
                  0000d334    00000030     Boot.aem4f : Boot_sysctl.oem4f (.const:g_sXTALtoMEMTIM)
                  0000d364    00000028     Crystalfontz128x128_ST7735.obj (.const:g_sCrystalfontz128x128)
                  0000d38c    00000028     rtos_pem4f.oem4f (.const:ti_sysbios_heaps_HeapMem_Module__FXNS__C)
                  0000d3b4    00000028     rtos_pem4f.oem4f (.const:xdc_runtime_Startup_sfxnTab__A)
                  0000d3dc    00000024     rtos_pem4f.oem4f (.const:ti_sysbios_gates_GateHwi_Module__FXNS__C)
                  0000d400    00000024     rtos_pem4f.oem4f (.const:ti_sysbios_gates_GateMutex_Module__FXNS__C)
                  0000d424    00000024     rtos_pem4f.oem4f (.const:ti_sysbios_gates_GateTask_Module__FXNS__C)
                  0000d448    00000024     rtos_pem4f.oem4f (.const:ti_sysbios_heaps_HeapMem_Object__PARAMS__C)
                  0000d46c    00000024     rtos_pem4f.oem4f (.const:ti_sysbios_knl_Semaphore_Object__PARAMS__C)
                  0000d490    00000020     rtos_pem4f.oem4f (.const:ti_sysbios_gates_GateHwi_Object__DESC__C)
                  0000d4b0    00000020     rtos_pem4f.oem4f (.const:ti_sysbios_gates_GateMutex_Object__DESC__C)
                  0000d4d0    00000020     rtos_pem4f.oem4f (.const:ti_sysbios_gates_GateTask_Object__DESC__C)
                  0000d4f0    00000020     rtos_pem4f.oem4f (.const:ti_sysbios_heaps_HeapMem_Object__DESC__C)
                  0000d510    00000020     rtos_pem4f.oem4f (.const:ti_sysbios_knl_Queue_Object__DESC__C)
                  0000d530    00000020     rtos_pem4f.oem4f (.const:ti_sysbios_knl_Semaphore_Object__DESC__C)
                  0000d550    00000018     rtos_pem4f.oem4f (.const:ti_sysbios_gates_GateHwi_Object__PARAMS__C)
                  0000d568    00000018     rtos_pem4f.oem4f (.const:ti_sysbios_gates_GateMutex_Object__PARAMS__C)
                  0000d580    00000018     rtos_pem4f.oem4f (.const:ti_sysbios_gates_GateTask_Object__PARAMS__C)
                  0000d598    00000018     rtos_pem4f.oem4f (.const:ti_sysbios_knl_Queue_Object__PARAMS__C)
                  0000d5b0    00000018     rtos_pem4f.oem4f (.const:xdc_runtime_Startup_firstFxns__A)
                  0000d5c8    00000014     rtos_pem4f.oem4f (.const:xdc_runtime_Startup_sfxnRts__A)
                  0000d5dc    00000010     grlib.lib : context.obj (.const)
                  0000d5ec    00000008     Boot.aem4f : Boot_sysctl.oem4f (.const)
                  0000d5f4    00000008     rtos_pem4f.oem4f (.const:ti_sysbios_family_arm_m3_Hwi_excHookFuncs__A)
                  0000d5fc    00000008     rtos_pem4f.oem4f (.const:ti_sysbios_knl_Idle_funcList__C)
                  0000d604    00000008     rtos_pem4f.oem4f (.const:xdc_runtime_Startup_firstFxns__C)
                  0000d60c    00000008     rtos_pem4f.oem4f (.const:xdc_runtime_Startup_lastFxns__C)
                  0000d614    00000004     rtos_pem4f.oem4f (.const:ti_catalog_arm_cortexm4_tiva_ce_Boot_A_mustNotUseEnhancedClockMode__C)
                  0000d618    00000004     rtos_pem4f.oem4f (.const:ti_catalog_arm_cortexm4_tiva_ce_Boot_Module__diagsEnabled__C)
                  0000d61c    00000004     rtos_pem4f.oem4f (.const:ti_catalog_arm_cortexm4_tiva_ce_Boot_Module__diagsIncluded__C)
                  0000d620    00000004     rtos_pem4f.oem4f (.const:ti_catalog_arm_cortexm4_tiva_ce_Boot_Module__diagsMask__C)
                  0000d624    00000004     rtos_pem4f.oem4f (.const:ti_sysbios_family_arm_lm4_Timer_enableFunc__C)
                  0000d628    00000004     rtos_pem4f.oem4f (.const:ti_sysbios_family_arm_lm4_Timer_numTimerDevices__C)
                  0000d62c    00000004     rtos_pem4f.oem4f (.const:ti_sysbios_family_arm_lm4_Timer_startupNeeded__C)
                  0000d630    00000004     rtos_pem4f.oem4f (.const:ti_sysbios_family_arm_lm4_TimestampProvider_Module__diagsEnabled__C)
                  0000d634    00000004     rtos_pem4f.oem4f (.const:ti_sysbios_family_arm_lm4_TimestampProvider_Module__diagsIncluded__C)
                  0000d638    00000004     rtos_pem4f.oem4f (.const:ti_sysbios_family_arm_lm4_TimestampProvider_Module__diagsMask__C)
                  0000d63c    00000004     rtos_pem4f.oem4f (.const:ti_sysbios_family_arm_m3_Hwi_E_NMI__C)
                  0000d640    00000004     rtos_pem4f.oem4f (.const:ti_sysbios_family_arm_m3_Hwi_E_busFault__C)
                  0000d644    00000004     rtos_pem4f.oem4f (.const:ti_sysbios_family_arm_m3_Hwi_E_debugMon__C)
                  0000d648    00000004     rtos_pem4f.oem4f (.const:ti_sysbios_family_arm_m3_Hwi_E_hardFault__C)
                  0000d64c    00000004     rtos_pem4f.oem4f (.const:ti_sysbios_family_arm_m3_Hwi_E_memFault__C)
                  0000d650    00000004     rtos_pem4f.oem4f (.const:ti_sysbios_family_arm_m3_Hwi_E_noIsr__C)
                  0000d654    00000004     rtos_pem4f.oem4f (.const:ti_sysbios_family_arm_m3_Hwi_E_reserved__C)
                  0000d658    00000004     rtos_pem4f.oem4f (.const:ti_sysbios_family_arm_m3_Hwi_E_svCall__C)
                  0000d65c    00000004     rtos_pem4f.oem4f (.const:ti_sysbios_family_arm_m3_Hwi_E_usageFault__C)
                  0000d660    00000004     rtos_pem4f.oem4f (.const:ti_sysbios_family_arm_m3_Hwi_NUM_INTERRUPTS__C)
                  0000d664    00000004     rtos_pem4f.oem4f (.const:ti_sysbios_family_arm_m3_Hwi_Object__count__C)
                  0000d668    00000004     rtos_pem4f.oem4f (.const:ti_sysbios_family_arm_m3_Hwi_ccr__C)
                  0000d66c    00000004     rtos_pem4f.oem4f (.const:ti_sysbios_family_arm_m3_Hwi_excHandlerFunc__C)
                  0000d670    00000004     rtos_pem4f.oem4f (.const:ti_sysbios_family_arm_m3_Hwi_excHookFuncs__C)
                  0000d674    00000004     rtos_pem4f.oem4f (.const:ti_sysbios_family_arm_m3_Hwi_nullIsrFunc__C)
                  0000d678    00000004     rtos_pem4f.oem4f (.const:ti_sysbios_family_arm_m3_Hwi_priGroup__C)
                  0000d67c    00000004     rtos_pem4f.oem4f (.const:ti_sysbios_gates_GateMutex_A_badContext__C)
                  0000d680    00000004     rtos_pem4f.oem4f (.const:ti_sysbios_gates_GateMutex_Instance_State_sem__O)
                  0000d684    00000004     rtos_pem4f.oem4f (.const:ti_sysbios_gates_GateMutex_Module__diagsEnabled__C)
                  0000d688    00000004     rtos_pem4f.oem4f (.const:ti_sysbios_gates_GateMutex_Module__diagsIncluded__C)
                  0000d68c    00000004     rtos_pem4f.oem4f (.const:ti_sysbios_gates_GateMutex_Module__diagsMask__C)
                  0000d690    00000004     rtos_pem4f.oem4f (.const:ti_sysbios_gates_GateTask_A_badContext__C)
                  0000d694    00000004     rtos_pem4f.oem4f (.const:ti_sysbios_gates_GateTask_Module__diagsEnabled__C)
                  0000d698    00000004     rtos_pem4f.oem4f (.const:ti_sysbios_gates_GateTask_Module__diagsIncluded__C)
                  0000d69c    00000004     rtos_pem4f.oem4f (.const:ti_sysbios_gates_GateTask_Module__diagsMask__C)
                  0000d6a0    00000004     rtos_pem4f.oem4f (.const:ti_sysbios_hal_Hwi_E_stackOverflow__C)
                  0000d6a4    00000004     rtos_pem4f.oem4f (.const:ti_sysbios_heaps_HeapMem_A_align__C)
                  0000d6a8    00000004     rtos_pem4f.oem4f (.const:ti_sysbios_heaps_HeapMem_A_heapSize__C)
                  0000d6ac    00000004     rtos_pem4f.oem4f (.const:ti_sysbios_heaps_HeapMem_A_invalidFree__C)
                  0000d6b0    00000004     rtos_pem4f.oem4f (.const:ti_sysbios_heaps_HeapMem_A_zeroBlock__C)
                  0000d6b4    00000004     rtos_pem4f.oem4f (.const:ti_sysbios_heaps_HeapMem_E_memory__C)
                  0000d6b8    00000004     rtos_pem4f.oem4f (.const:ti_sysbios_heaps_HeapMem_Module__diagsEnabled__C)
                  0000d6bc    00000004     rtos_pem4f.oem4f (.const:ti_sysbios_heaps_HeapMem_Module__diagsIncluded__C)
                  0000d6c0    00000004     rtos_pem4f.oem4f (.const:ti_sysbios_heaps_HeapMem_Module__diagsMask__C)
                  0000d6c4    00000004     rtos_pem4f.oem4f (.const:ti_sysbios_heaps_HeapMem_Module__gateObj__C)
                  0000d6c8    00000004     rtos_pem4f.oem4f (.const:ti_sysbios_heaps_HeapMem_Object__count__C)
                  0000d6cc    00000004     rtos_pem4f.oem4f (.const:ti_sysbios_heaps_HeapMem_reqAlign__C)
                  0000d6d0    00000004     rtos_pem4f.oem4f (.const:ti_sysbios_knl_Clock_Module_State_clockQ__O)
                  0000d6d4    00000004     rtos_pem4f.oem4f (.const:ti_sysbios_knl_Idle_funcList__A)
                  0000d6d8    00000004     rtos_pem4f.oem4f (.const:ti_sysbios_knl_Mailbox_Instance_State_dataQue__O)
                  0000d6dc    00000004     rtos_pem4f.oem4f (.const:ti_sysbios_knl_Mailbox_Instance_State_dataSem__O)
                  0000d6e0    00000004     rtos_pem4f.oem4f (.const:ti_sysbios_knl_Mailbox_Instance_State_freeQue__O)
                  0000d6e4    00000004     rtos_pem4f.oem4f (.const:ti_sysbios_knl_Mailbox_Instance_State_freeSem__O)
                  0000d6e8    00000004     rtos_pem4f.oem4f (.const:ti_sysbios_knl_Mailbox_Object__count__C)
                  0000d6ec    00000004     rtos_pem4f.oem4f (.const:ti_sysbios_knl_Mailbox_maxTypeAlign__C)
                  0000d6f0    00000004     rtos_pem4f.oem4f (.const:ti_sysbios_knl_Semaphore_A_badContext__C)
                  0000d6f4    00000004     rtos_pem4f.oem4f (.const:ti_sysbios_knl_Semaphore_A_noEvents__C)
                  0000d6f8    00000004     rtos_pem4f.oem4f (.const:ti_sysbios_knl_Semaphore_A_overflow__C)
                  0000d6fc    00000004     rtos_pem4f.oem4f (.const:ti_sysbios_knl_Semaphore_A_pendTaskDisabled__C)
                  0000d700    00000004     rtos_pem4f.oem4f (.const:ti_sysbios_knl_Semaphore_Instance_State_pendQ__O)
                  0000d704    00000004     rtos_pem4f.oem4f (.const:ti_sysbios_knl_Semaphore_Module__diagsEnabled__C)
                  0000d708    00000004     rtos_pem4f.oem4f (.const:ti_sysbios_knl_Semaphore_Module__diagsIncluded__C)
                  0000d70c    00000004     rtos_pem4f.oem4f (.const:ti_sysbios_knl_Semaphore_Module__diagsMask__C)
                  0000d710    00000004     rtos_pem4f.oem4f (.const:ti_sysbios_knl_Swi_Object__count__C)
                  0000d714    00000004     rtos_pem4f.oem4f (.const:ti_sysbios_knl_Task_E_spOutOfBounds__C)
                  0000d718    00000004     rtos_pem4f.oem4f (.const:ti_sysbios_knl_Task_E_stackOverflow__C)
                  0000d71c    00000004     rtos_pem4f.oem4f (.const:ti_sysbios_knl_Task_Module_State_inactiveQ__O)
                  0000d720    00000004     rtos_pem4f.oem4f (.const:ti_sysbios_knl_Task_Object__count__C)
                  0000d724    00000004     rtos_pem4f.oem4f (.const:ti_sysbios_knl_Task_allBlockedFunc__C)
                  0000d728    00000004     rtos_pem4f.oem4f (.const:ti_sysbios_knl_Task_numConstructedTasks__C)
                  0000d72c    00000004     rtos_pem4f.oem4f (.const:xdc_runtime_Assert_E_assertFailed__C)
                  0000d730    00000004     rtos_pem4f.oem4f (.const:xdc_runtime_Core_A_initializedParams__C)
                  0000d734    00000004     rtos_pem4f.oem4f (.const:xdc_runtime_Core_Module__diagsEnabled__C)
                  0000d738    00000004     rtos_pem4f.oem4f (.const:xdc_runtime_Core_Module__diagsIncluded__C)
                  0000d73c    00000004     rtos_pem4f.oem4f (.const:xdc_runtime_Core_Module__diagsMask__C)
                  0000d740    00000004     rtos_pem4f.oem4f (.const:xdc_runtime_Error_E_memory__C)
                  0000d744    00000004     rtos_pem4f.oem4f (.const:xdc_runtime_Error_Module__diagsEnabled__C)
                  0000d748    00000004     rtos_pem4f.oem4f (.const:xdc_runtime_Error_Module__diagsIncluded__C)
                  0000d74c    00000004     rtos_pem4f.oem4f (.const:xdc_runtime_Error_Module__diagsMask__C)
                  0000d750    00000004     rtos_pem4f.oem4f (.const:xdc_runtime_Error_Module__loggerFxn8__C)
                  0000d754    00000004     rtos_pem4f.oem4f (.const:xdc_runtime_Error_Module__loggerObj__C)
                  0000d758    00000004     rtos_pem4f.oem4f (.const:xdc_runtime_Error_policyFxn__C)
                  0000d75c    00000004     rtos_pem4f.oem4f (.const:xdc_runtime_Error_raiseHook__C)
                  0000d760    00000004     rtos_pem4f.oem4f (.const:xdc_runtime_IGateProvider_Interface__BASE__C)
                  0000d764    00000004     rtos_pem4f.oem4f (.const:xdc_runtime_IHeap_Interface__BASE__C)
                  0000d768    00000004     rtos_pem4f.oem4f (.const:xdc_runtime_IModule_Interface__BASE__C)
                  0000d76c    00000004     rtos_pem4f.oem4f (.const:xdc_runtime_Log_L_error__C)
                  0000d770    00000004     rtos_pem4f.oem4f (.const:xdc_runtime_Memory_defaultHeapInstance__C)
                  0000d774    00000004     rtos_pem4f.oem4f (.const:xdc_runtime_Startup_execImpl__C)
                  0000d778    00000004     rtos_pem4f.oem4f (.const:xdc_runtime_Startup_maxPasses__C)
                  0000d77c    00000004     rtos_pem4f.oem4f (.const:xdc_runtime_Startup_sfxnRts__C)
                  0000d780    00000004     rtos_pem4f.oem4f (.const:xdc_runtime_Startup_sfxnTab__C)
                  0000d784    00000004     rtos_pem4f.oem4f (.const:xdc_runtime_SysMin_bufSize__C)
                  0000d788    00000004     rtos_pem4f.oem4f (.const:xdc_runtime_SysMin_outputFunc__C)
                  0000d78c    00000004     rtos_pem4f.oem4f (.const:xdc_runtime_System_Module__gateObj__C)
                  0000d790    00000004     rtos_pem4f.oem4f (.const:xdc_runtime_System_abortFxn__C)
                  0000d794    00000004     rtos_pem4f.oem4f (.const:xdc_runtime_System_exitFxn__C)
                  0000d798    00000004     rtos_pem4f.oem4f (.const:xdc_runtime_System_extendFxn__C)
                  0000d79c    00000004     rtos_pem4f.oem4f (.const:xdc_runtime_System_maxAtexitHandlers__C)
                  0000d7a0    00000004     rtos_pem4f.oem4f (.const:xdc_runtime_Text_charTab__C)
                  0000d7a4    00000004     rtos_pem4f.oem4f (.const:xdc_runtime_Text_nameEmpty__C)
                  0000d7a8    00000004     rtos_pem4f.oem4f (.const:xdc_runtime_Text_nameStatic__C)
                  0000d7ac    00000004     rtos_pem4f.oem4f (.const:xdc_runtime_Text_nameUnknown__C)
                  0000d7b0    00000004     rtos_pem4f.oem4f (.const:xdc_runtime_Text_nodeTab__C)
                  0000d7b4    00000004     rtos_pem4f.oem4f (.const:xdc_runtime_Text_visitRopeFxn__C)
                  0000d7b8    00000002     rtos_pem4f.oem4f (.const:ti_sysbios_family_arm_lm4_TimestampProvider_Module__id__C)
                  0000d7ba    00000002     rtos_pem4f.oem4f (.const:ti_sysbios_family_arm_lm4_TimestampProvider_useClockTimer__C)
                  0000d7bc    00000002     rtos_pem4f.oem4f (.const:ti_sysbios_family_arm_m3_Hwi_Module__id__C)
                  0000d7be    00000002     rtos_pem4f.oem4f (.const:ti_sysbios_gates_GateMutex_Module__id__C)
                  0000d7c0    00000002     rtos_pem4f.oem4f (.const:ti_sysbios_gates_GateTask_Module__id__C)
                  0000d7c2    00000002     rtos_pem4f.oem4f (.const:ti_sysbios_hal_Hwi_Module__id__C)
                  0000d7c4    00000002     rtos_pem4f.oem4f (.const:ti_sysbios_heaps_HeapMem_Module__id__C)
                  0000d7c6    00000002     rtos_pem4f.oem4f (.const:ti_sysbios_knl_Semaphore_Module__id__C)
                  0000d7c8    00000002     rtos_pem4f.oem4f (.const:ti_sysbios_knl_Task_Module__id__C)
                  0000d7ca    00000002     rtos_pem4f.oem4f (.const:xdc_runtime_Core_Module__id__C)
                  0000d7cc    00000002     rtos_pem4f.oem4f (.const:xdc_runtime_Error_Module__loggerDefined__C)
                  0000d7ce    00000002     rtos_pem4f.oem4f (.const:xdc_runtime_Error_maxDepth__C)
                  0000d7d0    00000002     rtos_pem4f.oem4f (.const:xdc_runtime_Memory_Module__id__C)
                  0000d7d2    00000002     rtos_pem4f.oem4f (.const:xdc_runtime_SysMin_flushAtExit__C)
                  0000d7d4    00000002     rtos_pem4f.oem4f (.const:xdc_runtime_Text_charCnt__C)
                  0000d7d6    00000002     rtos_pem4f.oem4f (.const:xdc_runtime_Text_isLoaded__C)
                  0000d7d8    00000002     rtos_pem4f.oem4f (.const:xdc_runtime_Text_registryModsLastId__C)
                  0000d7da    00000002     rtos_pem4f.oem4f (.const:xdc_runtime_Text_unnamedModsLastId__C)

.text      0    0000d7e0    0000b2b2     
                  0000d7e0    00000a4e     rtsv7M4_T_le_v4SPD16_eabi.lib : _printfi.c.obj (.text:__TI_printfi)
                  0000e22e    00000002                                   : _lock.c.obj (.text:_nop)
                  0000e230    00000738                                   : k_rem_pio2.c.obj (.text:__kernel_rem_pio2)
                  0000e968    000005dc                                   : s_cos.c.obj (.text:cos)
                  0000ef44    000005c4                                   : s_sin.c.obj (.text:sin)
                  0000f508    00000430     sysbios.aem4f : BIOS.obj (.text:ti_sysbios_family_arm_m3_Hwi_excDumpRegs__I)
                  0000f938    000003e4     main.obj (.text:display_task)
                  0000fd1c    0000034c     ti.targets.arm.rtsarm.aem4f : System.oem4f (.text:xdc_runtime_System_doPrint__I)
                  00010068    000002a4     sysbios.aem4f : BIOS.obj (.text:ti_sysbios_knl_Semaphore_pend__E)
                  0001030c    00000004     driverlib.lib : adc.obj (.text:ADCIntClearEx)
                  00010310    0000028e     kiss_fft.obj (.text:kf_bfly5)
                  0001059e    00000002     rtsv7M4_T_le_v4SPD16_eabi.lib : div0.asm.obj (.text)
                  000105a0    00000270                                   : _printfi.c.obj (.text:_pconv_a)
                  00010810    0000026c     sysbios.aem4f : BIOS.obj (.text:ti_sysbios_heaps_HeapMem_free__E)
                  00010a7c    00000256     grlib.lib : string.obj (.text:GrFontGlyphRender)
                  00010cd2    00000006     driverlib.lib : gpio.obj (.text:GPIOPinRead)
                  00010cd8    00000250     sysbios.aem4f : BIOS.obj (.text:ti_sysbios_heaps_HeapMem_alloc__E)
                  00010f28    00000204     Boot.aem4f : Boot_sysctl.oem4f (.text:ti_catalog_arm_cortexm4_tiva_ce_Boot_sysCtlClockFreqSetI__I)
                  0001112c    00000004     driverlib.lib : timer.obj (.text:TimerIntClear)
                  00011130    000001f4     sysbios.aem4f : BIOS.obj (.text:ti_sysbios_family_arm_m3_Hwi_excHandlerMax__I)
                  00011324    00000004     rtsv7M4_T_le_v4SPD16_eabi.lib : exit.c.obj (.text:abort:abort)
                  00011328    000001f0     kiss_fft.obj (.text:kf_bfly4)
                  00011518    000001d0     rtsv7M4_T_le_v4SPD16_eabi.lib : _printfi.c.obj (.text:_pconv_g)
                  000116e8    000001cc     buttons.obj (.text:ButtonInit)
                  000118b4    000001b6     rtsv7M4_T_le_v4SPD16_eabi.lib : fd_add_t2.asm.obj (.text)
                  00011a6a    00000006     driverlib.lib : gpio.obj (.text:GPIOPinWrite)
                  00011a70    000001b4     kiss_fft.obj (.text:kf_bfly3)
                  00011c24    00000174     rtsv7M4_T_le_v4SPD16_eabi.lib : k_sin.c.obj (.text:__kernel_sin)
                  00011d98    00000174     sysbios.aem4f : BIOS.obj (.text:ti_sysbios_family_arm_m3_Hwi_excBusFault__I)
                  00011f0c    0000016c     rtsv7M4_T_le_v4SPD16_eabi.lib : k_cos.c.obj (.text:__kernel_cos)
                  00012078    00000164     sysbios.aem4f : BIOS.obj (.text:ti_sysbios_family_arm_m3_Hwi_excUsageFault__I)
                  000121dc    00000004                   : BIOS.obj (.text:ti_sysbios_family_arm_lm4_Timer_masterEnable__I)
                  000121e0    00000160     main.obj (.text:processing_task)
                  00012340    0000015c     rtsv7M4_T_le_v4SPD16_eabi.lib : e_log10f.c.obj (.text:log10f)
                  0001249c    00000158                                   : e_sqrt.c.obj (.text:sqrt)
                  000125f4    00000004     ti.targets.arm.rtsarm.aem4f : Error.oem4f (.text:xdc_runtime_Error_getSite__E)
                  000125f8    00000148     sysbios.aem4f : BIOS.obj (.text:ti_sysbios_family_arm_m3_Hwi_excMemFault__I)
                  00012740    0000013c     rtsv7M4_T_le_v4SPD16_eabi.lib : _printfi.c.obj (.text:_pconv_e)
                  0001287c    00000004     ti.targets.arm.rtsarm.aem4f : System.oem4f (.text:xdc_runtime_System_aprintf_va__F)
                  00012880    0000013c     sysbios.aem4f : BIOS.obj (.text:ti_sysbios_heaps_HeapMem_Instance_init__E)
                  000129bc    00000004     ti.targets.arm.rtsarm.aem4f : System.oem4f (.text:xdc_runtime_System_printf_va__F)
                  000129c0    00000138     main.obj (.text:signal_init)
                  00012af8    00000136     rtsv7M4_T_le_v4SPD16_eabi.lib : fd_div_t2.asm.obj (.text)
                  00012c2e    00000130     driverlib.lib : gpio.obj (.text:GPIOPadConfigSet)
                  00012d5e    00000002     --HOLE-- [fill = 0]
                  00012d60    00000124     rtsv7M4_T_le_v4SPD16_eabi.lib : _printfi.c.obj (.text:fcvt)
                  00012e84    00000004     --HOLE-- [fill = 0]
                  00012e88    00000118     main.obj (.text:button_task)
                  00012fa0    00000118     ti.targets.arm.rtsarm.aem4f : Error.oem4f (.text:xdc_runtime_Error_policyDefault__E)
                  000130b8    00000110     rtsv7M4_T_le_v4SPD16_eabi.lib : s_scalbn.c.obj (.text:scalbn)
                  000131c8    00000108     sysbios.aem4f : BIOS.obj (.text:ti_sysbios_family_arm_lm4_Timer_start__E)
                  000132d0    00000106     grlib.lib : line.obj (.text:GrLineDraw)
                  000133d6    00000002     --HOLE-- [fill = 0]
                  000133d8    00000100     ti.targets.arm.rtsarm.aem4f : Core-mem.oem4f (.text:xdc_runtime_Core_createObject__I)
                  000134d8    000000fc     kiss_fft.obj (.text:kf_bfly_generic)
                  000135d4    000000fc     rtsv7M4_T_le_v4SPD16_eabi.lib : fd_mul_t2.asm.obj (.text)
                  000136d0    000000fc     rtos_pem4f.oem4f (.text:xdc_runtime_System_printfExtend__I)
                  000137cc    000000f8     rtsv7M4_T_le_v4SPD16_eabi.lib : s_floor.c.obj (.text:floor)
                  000138c4    000000f8     ti.targets.arm.rtsarm.aem4f : Startup.oem4f (.text:xdc_runtime_Startup_startMods__I)
                  000139bc    000000f4     sysbios.aem4f : m3_Hwi_asm.obj (.text:ti_sysbios_family_arm_m3_Hwi_dispatch__I)
                  00013ab0    000000ec                   : BIOS.obj (.text:ti_sysbios_knl_Semaphore_post__E)
                  00013b9c    00000004     --HOLE-- [fill = 0]
                  00013ba0    000000e2     kiss_fft.obj (.text:kf_work)
                  00013c82    00000006     grlib.lib : string.obj (.text:GrContextFontSet)
                  00013c88    000000e0     main.obj (.text:userInput_task)
                  00013d68    000000dc     Crystalfontz128x128_ST7735.obj (.text:Crystalfontz128x128_PixelDrawMultiple)
                  00013e44    00000004     --HOLE-- [fill = 0]
                  00013e48    000000d4     buttons.obj (.text:ButtonReadJoystick)
                  00013f1c    00000004     --HOLE-- [fill = 0]
                  00013f20    000000d4     main.obj (.text:PWM_init)
                  00013ff4    00000004     --HOLE-- [fill = 0]
                  00013ff8    000000cc     kiss_fft.obj (.text:kiss_fft_alloc)
                  000140c4    000000cc     ti.targets.arm.rtsarm.aem4f : Core-smem.oem4f (.text:xdc_runtime_Core_constructObject__I)
                  00014190    000000c4     grlib.lib : string.obj (.text:GrDefaultStringRenderer)
                  00014254    000000c0               : line.obj (.text:GrLineClip)
                  00014314    00000004     --HOLE-- [fill = 0]
                  00014318    000000bc     Crystalfontz128x128_ST7735.obj (.text:Crystalfontz128x128_Init)
                  000143d4    00000004     --HOLE-- [fill = 0]
                  000143d8    000000bc     sysbios.aem4f : BIOS.obj (.text:ti_sysbios_family_arm_m3_Hwi_excDebugMon__I)
                  00014494    00000004     --HOLE-- [fill = 0]
                  00014498    000000bc                   : BIOS.obj (.text:ti_sysbios_family_arm_m3_Hwi_excHardFault__I)
                  00014554    00000004     --HOLE-- [fill = 0]
                  00014558    000000bc     main.obj (.text:waveform_task)
                  00014614    00000004     --HOLE-- [fill = 0]
                  00014618    000000b4     sysbios.aem4f : BIOS.obj (.text:ti_sysbios_gates_GateMutex_enter__E)
                  000146cc    00000004     --HOLE-- [fill = 0]
                  000146d0    000000b4                   : BIOS.obj (.text:ti_sysbios_knl_Task_checkStacks__E)
                  00014784    000000b1     rtsv7M4_T_le_v4SPD16_eabi.lib : _printfi.c.obj (.text:_ltostr)
                  00014835    00000003     --HOLE-- [fill = 0]
                  00014838    000000ac     sysbios.aem4f : BIOS.obj (.text:ti_sysbios_family_arm_lm4_Timer_enableTiva__I)
                  000148e4    00000004     --HOLE-- [fill = 0]
                  000148e8    000000a0     sampling.obj (.text:ADCInit)
                  00014988    000000a0     auto_init.aem4f : auto_init.oem4f (.text)
                  00014a28    000000a0     ti.targets.arm.rtsarm.aem4f : Text.oem4f (.text:xdc_runtime_Text_putMod__E)
                  00014ac8    0000009c     Crystalfontz128x128_ST7735.obj (.text:Crystalfontz128x128_SetDrawFrame)
                  00014b64    0000009c     rtsv7M4_T_le_v4SPD16_eabi.lib : memcpy_t2.asm.obj (.text)
                  00014c00    0000009c     sysbios.aem4f : BIOS.obj (.text:ti_sysbios_knl_Semaphore_Instance_init__E)
                  00014c9c    0000009a     ti.targets.arm.rtsarm.aem4f : Text.oem4f (.text:xdc_runtime_Text_putSite__E)
                  00014d36    00000002     --HOLE-- [fill = 0]
                  00014d38    00000098     Boot.aem4f : Boot.oem4f (.text:ti_catalog_arm_cortexm4_tiva_ce_Boot_sysCtlClockFreqSet__E)
                  00014dd0    00000096     rtsv7M4_T_le_v4SPD16_eabi.lib : ull_div_t2.asm.obj (.text)
                  00014e66    00000002     --HOLE-- [fill = 0]
                  00014e68    00000094     sysbios.aem4f : BIOS.obj (.text:ti_sysbios_family_arm_m3_Hwi_initNVIC__E)
                  00014efc    00000004     --HOLE-- [fill = 0]
                  00014f00    00000094                   : BIOS.obj (.text:ti_sysbios_gates_GateTask_enter__E)
                  00014f94    00000004     --HOLE-- [fill = 0]
                  00014f98    00000094                   : BIOS.obj (.text:ti_sysbios_knl_Task_postInit__I)
                  0001502c    0000008c                   : m3_TaskSupport_asm.obj (.text:ti_sysbios_family_arm_m3_TaskSupport_buildTaskStack)
                  000150b8    00000088                   : BIOS.obj (.text:ti_sysbios_knl_Mailbox_post__E)
                  00015140    00000086     grlib.lib : rectangle.obj (.text:GrRectFill)
                  000151c6    00000086     rtsv7M4_T_le_v4SPD16_eabi.lib : fd_cmp_t2.asm.obj (.text:__aeabi_cdcmple)
                  0001524c    00000086                                   : fd_cmp_t2.asm.obj (.text:__aeabi_cdrcmple)
                  000152d2    00000006     driverlib.lib : pwm.obj (.text:PWMGenIntClear)
                  000152d8    00000084     sysbios.aem4f : BIOS.obj (.text:ti_sysbios_family_arm_m3_Hwi_postInit__I)
                  0001535c    00000084     driverlib.lib : udma.obj (.text:uDMAChannelTransferSet)
                  000153e0    00000080     Crystalfontz128x128_ST7735.obj (.text:Crystalfontz128x128_RectFill)
                  00015460    00000080     rtsv7M4_T_le_v4SPD16_eabi.lib : s_floorf.c.obj (.text:floorf)
                  000154e0    00000080     kiss_fft.obj (.text:kf_bfly2)
                  00015560    0000007a     driverlib.lib : adc.obj (.text:ADCSequenceStepConfigure)
                  000155da    0000007a     rtsv7M4_T_le_v4SPD16_eabi.lib : memset_t2.asm.obj (.text)
                  00015654    00000004     --HOLE-- [fill = 0]
                  00015658    00000078     main.obj (.text:DMA_init)
                  000156d0    00000078     HAL_EK_TM4C1294XL_Crystalfontz128x128_ST7735.obj (.text:HAL_LCD_PortInit)
                  00015748    00000078     HAL_EK_TM4C1294XL_Crystalfontz128x128_ST7735.obj (.text:HAL_LCD_SpiInit)
                  000157c0    00000074     sysbios.aem4f : BIOS.obj (.text:ti_sysbios_knl_Mailbox_pend__E)
                  00015834    00000004     --HOLE-- [fill = 0]
                  00015838    00000070     sampling.obj (.text:ADC_ISR)
                  000158a8    00000070     sysbios.aem4f : BIOS.obj (.text:ti_sysbios_knl_Clock_workFunc__E)
                  00015918    00000070                   : BIOS.obj (.text:ti_sysbios_knl_Task_exit__E)
                  00015988    0000006e     rtsv7M4_T_le_v4SPD16_eabi.lib : _printfi.c.obj (.text:_mcpy)
                  000159f6    0000006e                                   : s_roundf.c.obj (.text:roundf)
                  00015a64    0000006e                                   : fd_tos_t2.asm.obj (.text)
                  00015ad2    00000002     --HOLE-- [fill = 0]
                  00015ad4    0000006d     ti.targets.arm.rtsarm.aem4f : System.oem4f (.text:xdc_runtime_System_formatNum__I)
                  00015b41    00000001     --HOLE-- [fill = 0]
                  00015b42    00000006     driverlib.lib : sysctl.obj (.text:SysCtlDelay)
                  00015b48    0000006c     kiss_fft.obj (.text:kf_factor)
                  00015bb4    00000004     --HOLE-- [fill = 0]
                  00015bb8    0000006c     sysbios.aem4f : BIOS.obj (.text:ti_sysbios_knl_Swi_restoreHwi__E)
                  00015c24    0000006c     ti.targets.arm.rtsarm.aem4f : Error.oem4f (.text:xdc_runtime_Error_print__E)
                  00015c90    0000006c                                 : Memory.oem4f (.text:xdc_runtime_Memory_alloc__E)
                  00015cfc    00000068     grlib.lib : context.obj (.text:GrContextInit)
                  00015d64    00000068     rtsv7M4_T_le_v4SPD16_eabi.lib : copy_decompress_lzss.c.obj (.text:decompress:lzss:__TI_decompress_lzss)
                  00015dcc    00000004     --HOLE-- [fill = 0]
                  00015dd0    00000068     sysbios.aem4f : BIOS.obj (.text:ti_sysbios_family_arm_lm4_TimestampProvider_initTimerHandle__I)
                  00015e38    00000066     ti.targets.arm.rtsarm.aem4f : Core-mem.oem4f (.text:xdc_runtime_Core_deleteObject__I)
                  00015e9e    00000002     --HOLE-- [fill = 0]
                  00015ea0    00000064     rtsv7M4_T_le_v4SPD16_eabi.lib : s_frexp.c.obj (.text:frexp)
                  00015f04    00000004     --HOLE-- [fill = 0]
                  00015f08    00000064     sysbios.aem4f : BIOS.obj (.text:ti_sysbios_family_arm_lm4_Timer_Module_startup__E)
                  00015f6c    00000004     --HOLE-- [fill = 0]
                  00015f70    00000064                   : BIOS.obj (.text:ti_sysbios_family_arm_m3_Hwi_dispatchC__I)
                  00015fd4    00000004     --HOLE-- [fill = 0]
                  00015fd8    00000060     buttons.obj (.text:ButtonDebounce)
                  00016038    00000060     driverlib.lib : timer.obj (.text:TimerConfigure)
                  00016098    00000060     sysbios.aem4f : BIOS.obj (.text:ti_sysbios_knl_Task_schedule__I)
                  000160f8    0000005c     kiss_fft.obj (.text:kiss_fft_stride)
                  00016154    00000004     --HOLE-- [fill = 0]
                  00016158    0000005c     sysbios.aem4f : BIOS.obj (.text:ti_sysbios_knl_Swi_run__I)
                  000161b4    00000004     --HOLE-- [fill = 0]
                  000161b8    0000005c                   : BIOS.obj (.text:ti_sysbios_knl_Swi_schedule__I)
                  00016214    00000004     --HOLE-- [fill = 0]
                  00016218    0000005c                   : BIOS.obj (.text:ti_sysbios_knl_Task_Module_startup__E)
                  00016274    00000004     --HOLE-- [fill = 0]
                  00016278    0000005c                   : BIOS.obj (.text:ti_sysbios_knl_Task_startCore__E)
                  000162d4    0000005b     ti.targets.arm.rtsarm.aem4f : Text.oem4f (.text:xdc_runtime_Text_putLab__E)
                  0001632f    00000001     --HOLE-- [fill = 0]
                  00016330    0000005a     grlib.lib : string.obj (.text:FontWideGlyphDataGet)
                  0001638a    00000006     ti.targets.arm.rtsarm.aem4f : System.oem4f (.text:xdc_runtime_System_Module_startup__E)
                  00016390    00000058     buttons.obj (.text:ButtonAutoRepeat)
                  000163e8    00000058     boot.aem4f : boot.oem4f (.text)
                  00016440    00000058     rtsv7M4_T_le_v4SPD16_eabi.lib : hostwrite.c.obj (.text:HOSTwrite)
                  00016498    00000058     main.obj (.text:PWM_ISR)
                  000164f0    00000058     sysbios.aem4f : m3_Hwi_asm_switch.obj (.text:ti_sysbios_family_arm_m3_Hwi_initStacks__E)
                  00016548    00000056     rtsv7M4_T_le_v4SPD16_eabi.lib : _printfi.c.obj (.text:_pconv_f)
                  0001659e    00000054                                   : ltoa.c.obj (.text:ltoa)
                  000165f2    00000006     --HOLE-- [fill = 0]
                  000165f8    00000054     sysbios.aem4f : BIOS.obj (.text:ti_sysbios_family_arm_lm4_Timer_initDevice__I)
                  0001664c    00000054     ti.targets.arm.rtsarm.aem4f : Assert.oem4f (.text:xdc_runtime_Assert_raise__I)
                  000166a0    00000052     rtsv7M4_T_le_v4SPD16_eabi.lib : _printfi.c.obj (.text:_ecpy)
                  000166f2    00000002     --HOLE-- [fill = 0]
                  000166f4    00000050     Boot.aem4f : Boot_sysctl.oem4f (.text:_SysCtlFrequencyGet)
                  00016744    00000004     --HOLE-- [fill = 0]
                  00016748    00000050     sampling.obj (.text:getADCBufferIndex)
                  00016798    00000050     sysbios.aem4f : BIOS.obj (.text:ti_sysbios_family_arm_m3_Hwi_Module_startup__E)
                  000167e8    00000050     ti.targets.arm.rtsarm.aem4f : Startup.oem4f (.text:xdc_runtime_Startup_exec__E)
                  00016838    00000050                                 : Text.oem4f (.text:xdc_runtime_Text_visitRope2__I)
                  00016888    0000004c     sampling.obj (.text:FallingTrigger)
                  000168d4    00000004     --HOLE-- [fill = 0]
                  000168d8    0000004c     sampling.obj (.text:RisingTrigger)
                  00016924    0000004c     rtsv7M4_T_le_v4SPD16_eabi.lib : atoi.c.obj (.text:atoi)
                  00016970    0000004c                                   : cpy_tbl.c.obj (.text:copy_in)
                  000169bc    0000004c                                   : snprintf.c.obj (.text:snprintf)
                  00016a08    0000004c     sysbios.aem4f : BIOS.obj (.text:ti_sysbios_heaps_HeapMem_getStats__E)
                  00016a54    00000004     --HOLE-- [fill = 0]
                  00016a58    0000004c                   : BIOS.obj (.text:ti_sysbios_knl_Swi_runLoop__I)
                  00016aa4    00000004     --HOLE-- [fill = 0]
                  00016aa8    0000004c                   : BIOS.obj (.text:ti_sysbios_knl_Task_allBlockedFunction__I)
                  00016af4    0000004a     grlib.lib : string.obj (.text:UpdateContextCharMapping)
                  00016b3e    00000002     --HOLE-- [fill = 0]
                  00016b40    00000048     driverlib.lib : gpio.obj (.text:GPIOPinConfigure)
                  00016b88    00000048     HAL_EK_TM4C1294XL_Crystalfontz128x128_ST7735.obj (.text:HAL_LCD_writeCommand)
                  00016bd0    00000048     sysctl_pll.obj (.text:SysCtlFrequencyGet)
                  00016c18    00000048     rtsv7M4_T_le_v4SPD16_eabi.lib : fd_toi_t2.asm.obj (.text)
                  00016c60    00000048     sysbios.aem4f : BIOS.obj (.text:ti_sysbios_family_arm_lm4_Timer_enableTimers__I)
                  00016ca8    00000048                   : BIOS.obj (.text:ti_sysbios_family_arm_m3_Hwi_disableInterrupt__E)
                  00016cf0    00000048                   : BIOS.obj (.text:ti_sysbios_family_arm_m3_Hwi_enableInterrupt__E)
                  00016d38    00000048                   : BIOS.obj (.text:ti_sysbios_family_arm_m3_Hwi_excReserved__I)
                  00016d80    00000048                   : BIOS.obj (.text:ti_sysbios_knl_Mailbox_Module_startup__E)
                  00016dc8    00000048     driverlib.lib : udma.obj (.text:uDMAChannelAttributeDisable)
                  00016e10    00000046     grlib.lib : line.obj (.text:GrLineDrawH)
                  00016e56    00000046               : line.obj (.text:GrLineDrawV)
                  00016e9c    00000046     ti.targets.arm.rtsarm.aem4f : Core-params.oem4f (.text:xdc_runtime_Core_assignParams__I)
                  00016ee2    00000006     --HOLE-- [fill = 0]
                  00016ee8    00000044     Crystalfontz128x128_ST7735.obj (.text:Crystalfontz128x128_SetOrientation)
                  00016f2c    00000004     --HOLE-- [fill = 0]
                  00016f30    00000044     sysbios.aem4f : BIOS.obj (.text:ti_sysbios_family_arm_lm4_Timer_isrStub__E)
                  00016f74    00000004     --HOLE-- [fill = 0]
                  00016f78    00000044                   : BIOS.obj (.text:ti_sysbios_family_arm_m3_Hwi_getStackInfo__E)
                  00016fbc    00000004     --HOLE-- [fill = 0]
                  00016fc0    00000044                   : BIOS.obj (.text:ti_sysbios_knl_Swi_post__E)
                  00017004    00000044     ti.targets.arm.rtsarm.aem4f : Error.oem4f (.text:xdc_runtime_Error_setX__E)
                  00017048    00000044                                 : SysMin.oem4f (.text:xdc_runtime_SysMin_flush__E)
                  0001708c    00000044                                 : Text.oem4f (.text:xdc_runtime_Text_xprintf__I)
                  000170d0    00000040     Crystalfontz128x128_ST7735.obj (.text:Crystalfontz128x128_LineDrawH)
                  00017110    00000040     rtsv7M4_T_le_v4SPD16_eabi.lib : u_divt2.asm.obj (.text)
                  00017150    00000040     sysbios.aem4f : BIOS.obj (.text:ti_sysbios_family_arm_lm4_Timer_startup__E)
                  00017190    0000003e     driverlib.lib : adc.obj (.text:ADCSequenceConfigure)
                  000171ce    0000003e     rtsv7M4_T_le_v4SPD16_eabi.lib : _printfi.c.obj (.text:_fcpy)
                  0001720c    0000003c     driverlib.lib : ssi.obj (.text:SSIConfigSetExpClk)
                  00017248    0000003c     sysbios.aem4f : BIOS.obj (.text:ti_sysbios_family_arm_m3_Hwi_excSvCall__I)
                  00017284    00000004     --HOLE-- [fill = 0]
                  00017288    0000003c                   : BIOS.obj (.text:ti_sysbios_heaps_HeapMem_init__I)
                  000172c4    00000004     --HOLE-- [fill = 0]
                  000172c8    0000003c                   : BIOS.obj (.text:ti_sysbios_knl_Swi_restore__E)
                  00017304    0000003a     grlib.lib : string.obj (.text:FontGlyphDataGet)
                  0001733e    00000002     --HOLE-- [fill = 0]
                  00017340    00000038     Crystalfontz128x128_ST7735.obj (.text:Crystalfontz128x128_Flush)
                  00017378    00000038     rtsv7M4_T_le_v4SPD16_eabi.lib : trgmsg.c.obj (.text:__TI_writemsg)
                  000173b0    00000038     main.obj (.text:captureTimer_ISR)
                  000173e8    00000038     rtsv7M4_T_le_v4SPD16_eabi.lib : fs_tod_t2.asm.obj (.text)
                  00017420    00000038     sysbios.aem4f : BIOS.obj (.text:ti_sysbios_family_arm_m3_Hwi_excNoIsr__I)
                  00017458    00000038                   : BIOS.obj (.text:ti_sysbios_knl_Task_processVitalTaskFlag__I)
                  00017490    00000038     ti.targets.arm.rtsarm.aem4f : SysMin.oem4f (.text:xdc_runtime_SysMin_putch__E)
                  000174c8    00000038                                 : System.oem4f (.text:xdc_runtime_System_atexit__E)
                  00017500    00000036     grlib.lib : line.obj (.text:GrClipCodeGet)
                  00017536    00000002     --HOLE-- [fill = 0]
                  00017538    00000034     driverlib.lib : sysctl.obj (.text:SysCtlPeripheralEnable)
                  0001756c    00000034     rtsv7M4_T_le_v4SPD16_eabi.lib : trgmsg.c.obj (.text:__TI_readmsg)
                  000175a0    00000034     sysbios.aem4f : BIOS.obj (.text:ti_sysbios_family_arm_m3_Hwi_excNmi__I)
                  000175d4    00000004     --HOLE-- [fill = 0]
                  000175d8    00000034                   : BIOS.obj (.text:ti_sysbios_hal_Hwi_checkStack)
                  0001760c    00000034     ti.targets.arm.rtsarm.aem4f : Core-label.oem4f (.text:xdc_runtime_Core_assignLabel__I)
                  00017640    00000033                                 : Text.oem4f (.text:xdc_runtime_Text_printVisFxn__I)
                  00017673    00000005     --HOLE-- [fill = 0]
                  00017678    00000032     sysbios.aem4f : BIOS.obj (.text:ti_sysbios_hal_Hwi_initStack)
                  000176aa    00000030     rtsv7M4_T_le_v4SPD16_eabi.lib : snprintf.c.obj (.text:_outs)
                  000176da    00000006     --HOLE-- [fill = 0]
                  000176e0    00000030     main.obj (.text:cpu_load_count)
                  00017710    00000030     rtos_pem4f.oem4f (.text:ti_sysbios_BIOS_atExitFunc__I)
                  00017740    00000030     sysbios.aem4f : BIOS.obj (.text:ti_sysbios_family_arm_lm4_Timer_stop__E)
                  00017770    00000030                   : BIOS.obj (.text:ti_sysbios_family_arm_m3_TaskSupport_start__E)
                  000177a0    00000030     rtos_pem4f.oem4f (.text:ti_sysbios_gates_GateHwi_Object__create__S)
                  000177d0    00000030     rtos_pem4f.oem4f (.text:ti_sysbios_gates_GateMutex_Object__create__S)
                  00017800    00000030     rtos_pem4f.oem4f (.text:ti_sysbios_gates_GateTask_Object__create__S)
                  00017830    00000030     rtos_pem4f.oem4f (.text:ti_sysbios_heaps_HeapMem_Object__create__S)
                  00017860    00000030     sysbios.aem4f : BIOS.obj (.text:ti_sysbios_knl_Mailbox_postInit__I)
                  00017890    00000030     rtos_pem4f.oem4f (.text:ti_sysbios_knl_Semaphore_construct)
                  000178c0    00000030     sysbios.aem4f : BIOS.obj (.text:ti_sysbios_knl_Semaphore_pendTimeout__I)
                  000178f0    00000030                   : BIOS.obj (.text:ti_sysbios_knl_Task_unblockI__E)
                  00017920    00000030     ti.targets.arm.rtsarm.aem4f : SysMin.oem4f (.text:xdc_runtime_SysMin_abort__E)
                  00017950    00000030                                 : System.oem4f (.text:xdc_runtime_System_processAtExit__E)
                  00017980    0000002e     driverlib.lib : adc.obj (.text:ADCIntStatus)
                  000179ae    0000002e     grlib.lib : string.obj (.text:GrStringNextCharGet)
                  000179dc    00000004     --HOLE-- [fill = 0]
                  000179e0    0000002e     rtos_pem4f.oem4f (.text:malloc)
                  00017a0e    0000002e     rtsv7M4_T_le_v4SPD16_eabi.lib : i_tofd_t2.asm.obj (.text)
                  00017a3c    00000004     --HOLE-- [fill = 0]
                  00017a40    0000002c     main.obj (.text:main)
                  00017a6c    00000004     --HOLE-- [fill = 0]
                  00017a70    0000002c     rtos_pem4f.oem4f (.text:ti_sysbios_knl_Clock_doTick__I)
                  00017a9c    00000004     --HOLE-- [fill = 0]
                  00017aa0    0000002c     rtos_pem4f.oem4f (.text:ti_sysbios_knl_Queue_construct)
                  00017acc    00000004     --HOLE-- [fill = 0]
                  00017ad0    0000002c     sysbios.aem4f : BIOS.obj (.text:ti_sysbios_knl_Task_restore__E)
                  00017afc    0000002c     driverlib.lib : udma.obj (.text:uDMAChannelAssign)
                  00017b28    0000002c     ti.targets.arm.rtsarm.aem4f : Text.oem4f (.text:xdc_runtime_Text_cordText__E)
                  00017b54    0000002a     driverlib.lib : gpio.obj (.text:GPIODirModeSet)
                  00017b7e    0000002a     ti.targets.arm.rtsarm.aem4f : System.oem4f (.text:xdc_runtime_System_putchar__I)
                  00017ba8    00000028     sysbios.aem4f : BIOS.obj (.text:ti_sysbios_knl_Clock_addI__E)
                  00017bd0    00000028                   : BIOS.obj (.text:ti_sysbios_knl_Swi_Module_startup__E)
                  00017bf8    00000028     driverlib.lib : udma.obj (.text:uDMAChannelModeGet)
                  00017c20    00000026     grlib.lib : string.obj (.text:GrFontInfoGet)
                  00017c46    00000026     sysbios.aem4f : m3_Hwi_asm.obj (.text:ti_sysbios_family_arm_m3_Hwi_pendSV__I)
                  00017c6c    00000026     ti.targets.arm.rtsarm.aem4f : System.oem4f (.text:xdc_runtime_System_avprintf__E)
                  00017c92    00000006     --HOLE-- [fill = 0]
                  00017c98    00000024     rtos_pem4f.oem4f (.text:ti_sysbios_BIOS_errorRaiseHook__I)
                  00017cbc    00000004     --HOLE-- [fill = 0]
                  00017cc0    00000024     rtos_pem4f.oem4f (.text:ti_sysbios_BIOS_registerRTSLock__I)
                  00017ce4    00000004     --HOLE-- [fill = 0]
                  00017ce8    00000024     rtos_pem4f.oem4f (.text:ti_sysbios_BIOS_removeRTSLock__I)
                  00017d0c    00000004     --HOLE-- [fill = 0]
                  00017d10    00000024     rtos_pem4f.oem4f (.text:ti_sysbios_BIOS_startFunc__I)
                  00017d34    00000004     --HOLE-- [fill = 0]
                  00017d38    00000024     rtos_pem4f.oem4f (.text:ti_sysbios_gates_GateMutex_Object__delete__S)
                  00017d5c    00000004     --HOLE-- [fill = 0]
                  00017d60    00000024     sysbios.aem4f : BIOS.obj (.text:ti_sysbios_knl_Clock_Module_startup__E)
                  00017d84    00000004     --HOLE-- [fill = 0]
                  00017d88    00000024                   : BIOS.obj (.text:ti_sysbios_knl_Task_restoreHwi__E)
                  00017dac    00000024     driverlib.lib : udma.obj (.text:uDMAChannelControlSet)
                  00017dd0    00000024                   : udma.obj (.text:uDMAChannelSizeGet)
                  00017df4    00000024     ti.targets.arm.rtsarm.aem4f : System.oem4f (.text:xdc_runtime_System_vprintf__E)
                  00017e18    00000022     grlib.lib : string.obj (.text:GrFontGlyphDataGet)
                  00017e3a    00000022     driverlib.lib : pwm.obj (.text:PWMGenConfigure)
                  00017e5c    00000004     --HOLE-- [fill = 0]
                  00017e60    00000022     sysbios.aem4f : BIOS.obj (.text:ti_sysbios_family_arm_lm4_Timer_write__I)
                  00017e82    00000006     --HOLE-- [fill = 0]
                  00017e88    00000022     rtos_pem4f.oem4f (.text:xdc_runtime_SysMin_output__I)
                  00017eaa    00000002     --HOLE-- [fill = 0]
                  00017eac    00000020     Boot.aem4f : Boot_sysctl.oem4f (.text:_SysCtlMemTimingGet)
                  00017ecc    00000004     --HOLE-- [fill = 0]
                  00017ed0    00000020     rtos_pem4f.oem4f (.text:ti_sysbios_BIOS_rtsLock__I)
                  00017ef0    00000020     sysbios.aem4f : m3_Hwi_asm.obj (.text:ti_sysbios_family_arm_m3_Hwi_excHandlerAsm__I)
                  00017f10    00000020                   : BIOS.obj (.text:ti_sysbios_family_arm_m3_Hwi_excHandler__I)
                  00017f30    00000020     rtos_pem4f.oem4f (.text:ti_sysbios_gates_GateHwi_Object__delete__S)
                  00017f50    00000020     rtos_pem4f.oem4f (.text:ti_sysbios_gates_GateTask_Object__delete__S)
                  00017f70    00000020     rtos_pem4f.oem4f (.text:ti_sysbios_heaps_HeapMem_Object__delete__S)
                  00017f90    00000020     sysbios.aem4f : BIOS.obj (.text:ti_sysbios_knl_Idle_run__E)
                  00017fb0    00000020     rtos_pem4f.oem4f (.text:ti_sysbios_knl_Semaphore_Object__destruct__S)
                  00017fd0    00000020     ti.targets.arm.rtsarm.aem4f : Registry.oem4f (.text:xdc_runtime_Registry_findById__E)
                  00017ff0    00000020                                 : SysMin.oem4f (.text:xdc_runtime_SysMin_Module_startup__E)
                  00018010    0000001e     driverlib.lib : adc.obj (.text:ADCSequenceDataGet)
                  0001802e    00000002     --HOLE-- [fill = 0]
                  00018030    0000001e     Crystalfontz128x128_ST7735.obj (.text:Crystalfontz128x128_ColorTranslate)
                  0001804e    0000001e     grlib.lib : string.obj (.text:GrFontCodepageGet)
                  0001806c    0000001e     driverlib.lib : pwm.obj (.text:PWMPulseWidthSet)
                  0001808a    0000001e     sysbios.aem4f : m3_Hwi_asm_switch.obj (.text:ti_sysbios_family_xxx_Hwi_switchAndRunFunc)
                  000180a8    0000001c     Crystalfontz128x128_ST7735.obj (.text:Crystalfontz128x128_LineDrawV)
                  000180c4    0000001c     rtsv7M4_T_le_v4SPD16_eabi.lib : memccpy.c.obj (.text:memccpy)
                  000180e0    0000001c     sysbios.aem4f : BIOS.obj (.text:ti_sysbios_gates_GateMutex_Instance_init__E)
                  000180fc    00000004     --HOLE-- [fill = 0]
                  00018100    0000001c     rtos_pem4f.oem4f (.text:ti_sysbios_knl_Queue_Object__destruct__S)
                  0001811c    00000004     --HOLE-- [fill = 0]
                  00018120    0000001c     sysbios.aem4f : BIOS.obj (.text:ti_sysbios_knl_Queue_get__E)
                  0001813c    00000004     --HOLE-- [fill = 0]
                  00018140    0000001c                   : BIOS.obj (.text:ti_sysbios_knl_Queue_put__E)
                  0001815c    00000004     --HOLE-- [fill = 0]
                  00018160    0000001c                   : BIOS.obj (.text:ti_sysbios_knl_Task_enter__I)
                  0001817c    0000001c     ti.targets.arm.rtsarm.aem4f : Error.oem4f (.text:xdc_runtime_Error_raiseX__E)
                  00018198    0000001c                                 : Memory.oem4f (.text:xdc_runtime_Memory_valloc__E)
                  000181b4    0000001c                                 : SysMin.oem4f (.text:xdc_runtime_SysMin_exit__E)
                  000181d0    0000001c                                 : System.oem4f (.text:xdc_runtime_System_abort__E)
                  000181ec    0000001a     rtsv7M4_T_le_v4SPD16_eabi.lib : s_copysign.c.obj (.text:copysign)
                  00018206    00000002     --HOLE-- [fill = 0]
                  00018208    0000001a     rtos_pem4f.oem4f (.text:free)
                  00018222    00000006     --HOLE-- [fill = 0]
                  00018228    0000001a     rtos_pem4f.oem4f (.text:ti_sysbios_family_arm_m3_Hwi_Handle__label__S)
                  00018242    00000006     --HOLE-- [fill = 0]
                  00018248    0000001a     rtos_pem4f.oem4f (.text:ti_sysbios_gates_GateHwi_Handle__label__S)
                  00018262    00000006     --HOLE-- [fill = 0]
                  00018268    0000001a     rtos_pem4f.oem4f (.text:ti_sysbios_gates_GateMutex_Handle__label__S)
                  00018282    00000006     --HOLE-- [fill = 0]
                  00018288    0000001a     rtos_pem4f.oem4f (.text:ti_sysbios_gates_GateTask_Handle__label__S)
                  000182a2    00000006     --HOLE-- [fill = 0]
                  000182a8    0000001a     rtos_pem4f.oem4f (.text:ti_sysbios_heaps_HeapMem_Handle__label__S)
                  000182c2    00000006     --HOLE-- [fill = 0]
                  000182c8    0000001a     rtos_pem4f.oem4f (.text:ti_sysbios_knl_Swi_Handle__label__S)
                  000182e2    00000006     --HOLE-- [fill = 0]
                  000182e8    0000001a     rtos_pem4f.oem4f (.text:ti_sysbios_knl_Task_Handle__label__S)
                  00018302    00000006     --HOLE-- [fill = 0]
                  00018308    0000001a     rtos_pem4f.oem4f (.text:xdc_runtime_System_aprintf__E)
                  00018322    00000006     --HOLE-- [fill = 0]
                  00018328    0000001a     rtos_pem4f.oem4f (.text:xdc_runtime_System_printf__E)
                  00018342    00000018     driverlib.lib : adc.obj (.text:ADCClockConfigSet)
                  0001835a    00000018                   : adc.obj (.text:ADCProcessorTrigger)
                  00018372    00000018                   : gpio.obj (.text:GPIOPinTypeGPIOOutput)
                  0001838a    00000002     --HOLE-- [fill = 0]
                  0001838c    00000018     rtsv7M4_T_le_v4SPD16_eabi.lib : args_main.c.obj (.text:_args_main)
                  000183a4    00000018                                   : snprintf.c.obj (.text:_outc)
                  000183bc    00000004     --HOLE-- [fill = 0]
                  000183c0    00000018     rtos_pem4f.oem4f (.text:ti_sysbios_BIOS_rtsUnlock__I)
                  000183d8    00000018     rtos_pem4f.oem4f (.text:ti_sysbios_family_arm_lm4_Timer_Module__startupDone__F)
                  000183f0    00000018     rtos_pem4f.oem4f (.text:ti_sysbios_family_arm_m3_Hwi_Module__startupDone__F)
                  00018408    00000018     sysbios.aem4f : m3_TaskSupport_asm.obj (.text:ti_sysbios_family_arm_m3_TaskSupport_swap__E)
                  00018420    00000018                   : BIOS.obj (.text:ti_sysbios_gates_GateMutex_leave__E)
                  00018438    00000018     driverlib.lib : udma.obj (.text:uDMAChannelEnable)
                  00018450    00000018                   : udma.obj (.text:uDMAChannelIsEnabled)
                  00018468    00000018     ti.targets.arm.rtsarm.aem4f : Error.oem4f (.text:xdc_runtime_Error_check__E)
                  00018480    00000018                                 : System.oem4f (.text:xdc_runtime_System_exit__E)
                  00018498    00000018                                 : Text.oem4f (.text:xdc_runtime_Text_ropeText__E)
                  000184b0    00000016     grlib.lib : string.obj (.text:GrStringDraw)
                  000184c6    00000016     driverlib.lib : timer.obj (.text:TimerControlEvent)
                  000184dc    00000016     rtsv7M4_T_le_v4SPD16_eabi.lib : strchr.c.obj (.text:strchr)
                  000184f2    00000006     --HOLE-- [fill = 0]
                  000184f8    00000016     rtos_pem4f.oem4f (.text:ti_sysbios_BIOS_exitFunc__I)
                  0001850e    00000002     --HOLE-- [fill = 0]
                  00018510    00000014     Crystalfontz128x128_ST7735.obj (.text:Crystalfontz128x128_PixelDraw)
                  00018524    00000014     driverlib.lib : pwm.obj (.text:PWMClockSet)
                  00018538    00000014                   : timer.obj (.text:TimerDisable)
                  0001854c    00000014     rtsv7M4_T_le_v4SPD16_eabi.lib : strlen.c.obj (.text:strlen)
                  00018560    00000014     rtos_pem4f.oem4f (.text:ti_sysbios_family_arm_m3_Hwi_Object__get__S)
                  00018574    00000004     --HOLE-- [fill = 0]
                  00018578    00000014     sysbios.aem4f : BIOS.obj (.text:ti_sysbios_family_arm_m3_Hwi_switchFromBootStack__E)
                  0001858c    00000004     --HOLE-- [fill = 0]
                  00018590    00000014     rtos_pem4f.oem4f (.text:ti_sysbios_heaps_HeapMem_Object__get__S)
                  000185a4    00000004     --HOLE-- [fill = 0]
                  000185a8    00000014     rtos_pem4f.oem4f (.text:ti_sysbios_knl_Mailbox_Object__get__S)
                  000185bc    00000004     --HOLE-- [fill = 0]
                  000185c0    00000014     rtos_pem4f.oem4f (.text:ti_sysbios_knl_Swi_Object__get__S)
                  000185d4    00000012     driverlib.lib : gpio.obj (.text:GPIOPinTypeADC)
                  000185e6    00000012                   : gpio.obj (.text:GPIOPinTypeGPIOInput)
                  000185f8    00000012                   : gpio.obj (.text:GPIOPinTypePWM)
                  0001860a    00000012                   : gpio.obj (.text:GPIOPinTypeSSI)
                  0001861c    00000012                   : gpio.obj (.text:GPIOPinTypeTimer)
                  0001862e    00000012                   : pwm.obj (.text:PWMOutputState)
                  00018640    00000012                   : timer.obj (.text:TimerLoadSet)
                  00018652    00000012                   : timer.obj (.text:TimerPrescaleSet)
                  00018664    00000004     --HOLE-- [fill = 0]
                  00018668    00000012     sysbios.aem4f : BIOS.obj (.text:ti_sysbios_hal_Hwi_Module_startup__E)
                  0001867a    00000012     rtsv7M4_T_le_v4SPD16_eabi.lib : wcslen.c.obj (.text:wcslen)
                  0001868c    00000004     --HOLE-- [fill = 0]
                  00018690    00000012     rtos_pem4f.oem4f (.text:xdc_runtime_Startup_exec__I)
                  000186a2    00000006     --HOLE-- [fill = 0]
                  000186a8    00000010     rtos_pem4f.oem4f (.text:.bootCodeSection:ti_catalog_arm_cortexm4_tiva_ce_Boot_init__I)
                  000186b8    00000010     driverlib.lib : adc.obj (.text:ADCSequenceDMAEnable)
                  000186c8    00000010                   : interrupt.obj (.text:IntMasterDisable)
                  000186d8    00000010                   : interrupt.obj (.text:IntMasterEnable)
                  000186e8    00000010                   : pwm.obj (.text:PWMGenPeriodSet)
                  000186f8    00000010     sysbios.aem4f : BIOS.obj (.text:ti_sysbios_BIOS_setThreadType__E)
                  00018708    00000010                   : BIOS.obj (.text:ti_sysbios_BIOS_start__E)
                  00018718    00000010                   : m3_TaskSupport_asm.obj (.text:ti_sysbios_family_arm_m3_TaskSupport_glue)
                  00018728    00000010                   : BIOS.obj (.text:ti_sysbios_gates_GateMutex_Instance_finalize__E)
                  00018738    00000010                   : BIOS.obj (.text:ti_sysbios_knl_Semaphore_Instance_finalize__E)
                  00018748    00000010                   : BIOS.obj (.text:ti_sysbios_knl_Swi_disable__E)
                  00018758    00000010     rtos_pem4f.oem4f (.text:ti_sysbios_knl_Task_Object__get__S)
                  00018768    00000010     sysbios.aem4f : BIOS.obj (.text:ti_sysbios_knl_Task_disable__E)
                  00018778    00000010     driverlib.lib : udma.obj (.text:uDMAEnable)
                  00018788    00000010     ti.targets.arm.rtsarm.aem4f : Gate.oem4f (.text:xdc_runtime_Gate_leaveSystem__E)
                  00018798    00000010                                 : Memory.oem4f (.text:xdc_runtime_Memory_free__E)
                  000187a8    00000010                                 : SysMin.oem4f (.text:xdc_runtime_SysMin_ready__E)
                  000187b8    00000010                                 : System.oem4f (.text:xdc_runtime_System_vsnprintf__E)
                  000187c8    00000010     rtos_pem4f.oem4f (.text:xdc_runtime_Text_visitRope__I)
                  000187d8    0000000e     driverlib.lib : adc.obj (.text:ADCSequenceDisable)
                  000187e6    0000000e                   : adc.obj (.text:ADCSequenceEnable)
                  000187f4    0000000e                   : timer.obj (.text:TimerEnable)
                  00018802    0000000e     rtsv7M4_T_le_v4SPD16_eabi.lib : copy_decompress_none.c.obj (.text:decompress:none:__TI_decompress_none)
                  00018810    0000000e     sysbios.aem4f : BIOS.obj (.text:ti_sysbios_knl_Idle_loop__E)
                  0001881e    00000002     --HOLE-- [fill = 0]
                  00018820    0000000e                   : BIOS.obj (.text:ti_sysbios_knl_Queue_empty__E)
                  0001882e    0000000c     driverlib.lib : cpu.obj (.text:CPUcpsid)
                  0001883a    0000000c                   : cpu.obj (.text:CPUcpsie)
                  00018846    00000002     --HOLE-- [fill = 0]
                  00018848    0000000c     HAL_EK_TM4C1294XL_Crystalfontz128x128_ST7735.obj (.text:HAL_LCD_writeData)
                  00018854    0000000c     driverlib.lib : pwm.obj (.text:PWMGenEnable)
                  00018860    0000000c     rtsv7M4_T_le_v4SPD16_eabi.lib : _lock.c.obj (.text:_register_lock)
                  0001886c    0000000c                                   : _lock.c.obj (.text:_register_unlock)
                  00018878    0000000c     main.obj (.text:clock0_task)
                  00018884    0000000c     rtsv7M4_T_le_v4SPD16_eabi.lib : copy_zero_init.c.obj (.text:decompress:ZI:__TI_zero_init)
                  00018890    0000000c     sysbios.aem4f : BIOS.obj (.text:ti_sysbios_family_arm_lm4_Timer_getMaxTicks__E)
                  0001889c    00000004     --HOLE-- [fill = 0]
                  000188a0    0000000c                   : BIOS.obj (.text:ti_sysbios_family_arm_m3_TaskSupport_checkStack__E)
                  000188ac    00000004     --HOLE-- [fill = 0]
                  000188b0    0000000c                   : BIOS.obj (.text:ti_sysbios_gates_GateHwi_enter__E)
                  000188bc    00000004     --HOLE-- [fill = 0]
                  000188c0    0000000c                   : BIOS.obj (.text:ti_sysbios_gates_GateTask_query__E)
                  000188cc    00000004     --HOLE-- [fill = 0]
                  000188d0    0000000c     rtos_pem4f.oem4f (.text:ti_sysbios_knl_Queue_Object__get__S)
                  000188dc    0000000c     driverlib.lib : udma.obj (.text:uDMAControlBaseSet)
                  000188e8    0000000c     ti.targets.arm.rtsarm.aem4f : Error.oem4f (.text:xdc_runtime_Error_init__E)
                  000188f4    0000000c                                 : Gate.oem4f (.text:xdc_runtime_Gate_enterSystem__E)
                  00018900    0000000c                                 : Memory.oem4f (.text:xdc_runtime_Memory_calloc__E)
                  0001890c    0000000c                                 : Memory.oem4f (.text:xdc_runtime_Memory_getMaxDefaultTypeAlign__E)
                  00018918    0000000a     driverlib.lib : adc.obj (.text:ADCIntClear)
                  00018922    0000000a                   : pwm.obj (.text:PWMGenIntTrigEnable)
                  0001892c    0000000a                   : pwm.obj (.text:PWMIntDisable)
                  00018936    0000000a                   : ssi.obj (.text:SSIDataPut)
                  00018940    0000000a                   : ssi.obj (.text:SSIEnable)
                  0001894a    0000000a                   : timer.obj (.text:TimerIntStatus)
                  00018954    0000000a                   : timer.obj (.text:TimerValueGet)
                  0001895e    00000002     --HOLE-- [fill = 0]
                  00018960    0000000a     rtos_pem4f.oem4f (.text:xdc_runtime_IHeap_alloc)
                  0001896a    00000006     --HOLE-- [fill = 0]
                  00018970    0000000a     rtos_pem4f.oem4f (.text:xdc_runtime_IHeap_free)
                  0001897a    00000008     driverlib.lib : adc.obj (.text:ADCIntEnableEx)
                  00018982    00000008     grlib.lib : charmap.obj (.text:GrMapISO8859_1_Unicode)
                  0001898a    00000008     driverlib.lib : pwm.obj (.text:PWMIntEnable)
                  00018992    00000008                   : ssi.obj (.text:SSIBusy)
                  0001899a    00000008                   : timer.obj (.text:TimerIntEnable)
                  000189a2    00000002     --HOLE-- [fill = 0]
                  000189a4    00000008     rtsv7M4_T_le_v4SPD16_eabi.lib : errno.c.obj (.text:__aeabi_errno_addr)
                  000189ac    00000008     sysbios.aem4f : BIOS.obj (.text:ti_sysbios_family_arm_lm4_Timer_masterDisable__I)
                  000189b4    00000004     --HOLE-- [fill = 0]
                  000189b8    00000008                   : BIOS.obj (.text:ti_sysbios_family_arm_m3_Hwi_doSwiRestore__I)
                  000189c0    00000008                   : BIOS.obj (.text:ti_sysbios_family_arm_m3_Hwi_startup__E)
                  000189c8    00000006     kiss_fft.obj (.text:kiss_fft)
                  000189ce    00000002     --HOLE-- [fill = 0]
                  000189d0    00000006     sysbios.aem4f : BIOS.obj (.text:ti_sysbios_family_arm_lm4_TimestampProvider_Module_startup__E)
                  000189d6    00000002     --HOLE-- [fill = 0]
                  000189d8    00000006                   : BIOS.obj (.text:ti_sysbios_family_arm_m3_Hwi_doTaskRestore__I)
                  000189de    00000002     --HOLE-- [fill = 0]
                  000189e0    00000006                   : BIOS.obj (.text:ti_sysbios_gates_GateHwi_leave__E)
                  000189e6    00000002     --HOLE-- [fill = 0]
                  000189e8    00000006                   : BIOS.obj (.text:ti_sysbios_gates_GateTask_leave__E)
                  000189ee    00000002     --HOLE-- [fill = 0]
                  000189f0    00000006                   : BIOS.obj (.text:ti_sysbios_heaps_HeapMem_isBlocking__E)
                  000189f6    00000002     --HOLE-- [fill = 0]
                  000189f8    00000006                   : BIOS.obj (.text:ti_sysbios_knl_Queue_Instance_init__E)
                  000189fe    00000002     --HOLE-- [fill = 0]
                  00018a00    00000006                   : BIOS.obj (.text:ti_sysbios_knl_Swi_startup__E)
                  00018a06    00000002     --HOLE-- [fill = 0]
                  00018a08    00000004     rtos_pem4f.oem4f (.text:ti_sysbios_BIOS_RtsGateProxy_enter__E)
                  00018a0c    00000004     --HOLE-- [fill = 0]
                  00018a10    00000004     rtos_pem4f.oem4f (.text:ti_sysbios_BIOS_RtsGateProxy_leave__E)
                  00018a14    00000004     --HOLE-- [fill = 0]
                  00018a18    00000004     rtos_pem4f.oem4f (.text:ti_sysbios_family_arm_m3_TaskSupport_Module__startupDone__S)
                  00018a1c    00000004     --HOLE-- [fill = 0]
                  00018a20    00000004     sysbios.aem4f : BIOS.obj (.text:ti_sysbios_gates_GateHwi_query__E)
                  00018a24    00000004     --HOLE-- [fill = 0]
                  00018a28    00000004                   : BIOS.obj (.text:ti_sysbios_gates_GateMutex_query__E)
                  00018a2c    00000004     --HOLE-- [fill = 0]
                  00018a30    00000004     rtos_pem4f.oem4f (.text:ti_sysbios_heaps_HeapMem_Module_GateProxy_enter__E)
                  00018a34    00000004     --HOLE-- [fill = 0]
                  00018a38    00000004     rtos_pem4f.oem4f (.text:ti_sysbios_heaps_HeapMem_Module_GateProxy_leave__E)
                  00018a3c    00000004     --HOLE-- [fill = 0]
                  00018a40    00000004     rtos_pem4f.oem4f (.text:ti_sysbios_knl_Clock_TimerProxy_getMaxTicks__E)
                  00018a44    00000004     --HOLE-- [fill = 0]
                  00018a48    00000004     rtos_pem4f.oem4f (.text:ti_sysbios_knl_Queue_destruct)
                  00018a4c    00000004     --HOLE-- [fill = 0]
                  00018a50    00000004     rtos_pem4f.oem4f (.text:ti_sysbios_knl_Semaphore_destruct)
                  00018a54    00000004     --HOLE-- [fill = 0]
                  00018a58    00000004     sysbios.aem4f : BIOS.obj (.text:ti_sysbios_knl_Task_startup__E)
                  00018a5c    00000004     --HOLE-- [fill = 0]
                  00018a60    00000004     rtos_pem4f.oem4f (.text:xdc_runtime_System_Module_GateProxy_enter__E)
                  00018a64    00000004     --HOLE-- [fill = 0]
                  00018a68    00000004     rtos_pem4f.oem4f (.text:xdc_runtime_System_Module_GateProxy_leave__E)
                  00018a6c    00000004     --HOLE-- [fill = 0]
                  00018a70    00000002     rtos_pem4f.oem4f (.text:ti_sysbios_BIOS_nullFunc__I)
                  00018a72    00000006     --HOLE-- [fill = 0]
                  00018a78    00000002     sysbios.aem4f : BIOS.obj (.text:ti_sysbios_gates_GateHwi_Instance_init__E)
                  00018a7a    00000006     --HOLE-- [fill = 0]
                  00018a80    00000002                   : BIOS.obj (.text:ti_sysbios_gates_GateTask_Instance_init__E)
                  00018a82    00000006     --HOLE-- [fill = 0]
                  00018a88    00000002                   : BIOS.obj (.text:ti_sysbios_knl_Clock_logTick__E)
                  00018a8a    00000006     --HOLE-- [fill = 0]
                  00018a90    00000002     rtos_pem4f.oem4f (.text:xdc_runtime_Startup_reset__I)

.cinit     0    00018a98    000002e8     
                  00018a98    000002b1     (.cinit..data.load) [load image, compression = lzss]
                  00018d49    00000003     --HOLE-- [fill = 0]
                  00018d4c    0000000c     (__TI_handler_table)
                  00018d58    00000008     (.cinit..bss.load) [load image, compression = zero_init]
                  00018d60    00000008     (.cinit..vecs.load) [load image, compression = zero_init]
                  00018d68    00000018     (__TI_cinit_table)

.init_array 
*          0    00000000    00000000     UNINITIALIZED

.resetVecs 
*          0    00000000    0000003c     
                  00000000    0000003c     rtos_pem4f.oem4f (.resetVecs)

.bss       0    20000400    0000a1ba     UNINITIALIZED
                  20000400    00002108     main.obj (.bss:kiss_fft_cfg_buffer)
                  20002508    00002000     main.obj (.bss:in)
                  20004508    00002000     main.obj (.bss:out)
                  20006508    00001600     rtos_pem4f.oem4f (.bss:taskStackSection)
                  20007b08    00001000     (.common:gADCBuffer)
                  20008b08    00000800     (.common:fft_sample)
                  20009308    00000080     (.common:xdc_runtime_SysMin_Module_State_0_outbuf__A)
                  20009388    00000034     (.common:str)
                  200093bc    00000014     buttons.obj (.bss:state$1)
                  200093d0    00000014     (.common:freq_str)
                  200093e4    00000014     (.common:period_str)
                  200093f8    00000008     (.common:parmbuf)
                  20009400    00000400     (.common:gDMAControlTable)
                  20009800    00000400     (.common:ti_sysbios_heaps_HeapMem_Instance_State_0_buf__A)
                  20009c00    00000360     (.common:ti_sysbios_family_arm_m3_Hwi_dispatchTable)
                  20009f60    00000200     (.common:displayBuffer)
                  2000a160    00000200     (.common:out_db)
                  2000a360    00000120     rtsv7M4_T_le_v4SPD16_eabi.lib : trgmsg.c.obj (.bss:_CIOBUF_)
                  2000a480    00000100     (.common:sample)
                  2000a580    00000010     (.common:ti_sysbios_knl_Mailbox_Instance_State_0_allocBuf__A)
                  2000a590    00000004     (.common:DMAbufferIndex)
                  2000a594    00000004     (.common:cfg)
                  2000a598    00000004     (.common:cpu_load)
                  2000a59c    00000004     (.common:cpu_unload_count)
                  2000a5a0    00000004     (.common:fScale)
                  2000a5a4    00000004     (.common:gADCSamplingRate)
                  2000a5a8    00000004     (.common:g_psGrLibDefaults)
                  2000a5ac    00000004     (.common:load_count)
                  2000a5b0    00000002     (.common:Lcd_ScreenHeigth)
                  2000a5b2    00000002     (.common:Lcd_ScreenWidth)
                  2000a5b4    00000002     (.common:Lcd_TouchTrim)
                  2000a5b6    00000001     (.common:Lcd_FlagRead)
                  2000a5b7    00000001     (.common:Lcd_FontSolid)
                  2000a5b8    00000001     (.common:Lcd_Orientation)
                  2000a5b9    00000001     (.common:Lcd_PenSolid)

.data      0    2000a5bc    000086f4     UNINITIALIZED
                  2000a5bc    00008000     Crystalfontz128x128_ST7735.obj (.data:Lcd_buffer)
                  200125bc    000001c8     rtos_pem4f.oem4f (.data:ti_sysbios_knl_Task_Object__table__V)
                  20012784    00000080     rtos_pem4f.oem4f (.data:ti_sysbios_knl_Swi_Module_State_0_readyQ__A)
                  20012804    00000080     rtos_pem4f.oem4f (.data:ti_sysbios_knl_Task_Module_State_0_readyQ__A)
                  20012884    00000060     rtos_pem4f.oem4f (.data:ti_sysbios_family_arm_m3_Hwi_Object__table__V)
                  200128e4    00000050     rtos_pem4f.oem4f (.data:ti_sysbios_knl_Mailbox_Object__table__V)
                  20012934    00000050     rtos_pem4f.oem4f (.data:ti_sysbios_knl_Semaphore_Object__table__V)
                  20012984    00000044     rtos_pem4f.oem4f (.data:ti_sysbios_knl_Task_Module__state__V)
                  200129c8    00000040     rtos_pem4f.oem4f (.data:ti_sysbios_family_arm_lm4_Timer_Module_State_0_device__A)
                  20012a08    00000040     rtos_pem4f.oem4f (.data:ti_sysbios_family_arm_lm4_Timer_Object__table__V)
                  20012a48    00000038     rtos_pem4f.oem4f (.data:ti_sysbios_gates_GateMutex_Object__table__V)
                  20012a80    00000034     rtos_pem4f.oem4f (.data:ti_sysbios_family_arm_m3_Hwi_Module__state__V)
                  20012ab4    00000030     rtos_pem4f.oem4f (.data:ti_sysbios_knl_Swi_Object__table__V)
                  20012ae4    0000002c     rtos_pem4f.oem4f (.data:ti_sysbios_knl_Clock_Module__state__V)
                  20012b10    00000028     main.obj (.data)
                  20012b38    00000024     buttons.obj (.data:count$2)
                  20012b5c    00000024     rtos_pem4f.oem4f (.data:ti_sysbios_BIOS_Module__state__V)
                  20012b80    00000020     rtos_pem4f.oem4f (.data:ti_sysbios_family_arm_lm4_Timer_Module_State_0_handles__A)
                  20012ba0    00000020     rtos_pem4f.oem4f (.data:ti_sysbios_knl_Clock_Object__table__V)
                  20012bc0    0000001c     rtos_pem4f.oem4f (.data:ti_sysbios_knl_Swi_Module__state__V)
                  20012bdc    00000018     rtos_pem4f.oem4f (.data:ti_sysbios_heaps_HeapMem_Object__table__V)
                  20012bf4    0000000e     buttons.obj (.data)
                  20012c02    00000002     rtos_pem4f.oem4f (.data:ti_sysbios_family_arm_m3_Hwi_Module_State_0_excActive__A)
                  20012c04    0000000c     rtos_pem4f.oem4f (.data:ti_sysbios_family_arm_lm4_Timer_Module__state__V)
                  20012c10    0000000c     rtos_pem4f.oem4f (.data:xdc_runtime_SysMin_Module__state__V)
                  20012c1c    00000008     rtsv7M4_T_le_v4SPD16_eabi.lib : _lock.c.obj (.data:$O1$$)
                  20012c24    00000008     buttons.obj (.data:gJoystick)
                  20012c2c    00000008     rtos_pem4f.oem4f (.data:ti_sysbios_family_arm_lm4_TimestampProvider_Module__state__V)
                  20012c34    00000008     rtos_pem4f.oem4f (.data:ti_sysbios_gates_GateHwi_Module__root__V)
                  20012c3c    00000008     rtos_pem4f.oem4f (.data:ti_sysbios_gates_GateHwi_Object__table__V)
                  20012c44    00000008     rtos_pem4f.oem4f (.data:ti_sysbios_gates_GateMutex_Module__root__V)
                  20012c4c    00000008     rtos_pem4f.oem4f (.data:ti_sysbios_gates_GateTask_Module__root__V)
                  20012c54    00000008     rtos_pem4f.oem4f (.data:ti_sysbios_heaps_HeapMem_Module__root__V)
                  20012c5c    00000008     rtos_pem4f.oem4f (.data:ti_sysbios_knl_Queue_Module__root__V)
                  20012c64    00000008     rtos_pem4f.oem4f (.data:ti_sysbios_knl_Semaphore_Module__root__V)
                  20012c6c    00000008     rtos_pem4f.oem4f (.data:xdc_runtime_Registry_Module__state__V)
                  20012c74    00000008     rtos_pem4f.oem4f (.data:xdc_runtime_Startup_Module__state__V)
[...]
000183f1  ti_sysbios_family_arm_m3_Hwi_Module__startupDone__F                  
000183f1  ti_sysbios_family_arm_m3_Hwi_Module__startupDone__S                  
000183f1  ti_sysbios_hal_Hwi_HwiProxy_Module__startupDone__S                   
00018409  ti_sysbios_family_arm_m3_TaskSupport_swap__E                         
00018409  ti_sysbios_knl_Task_SupportProxy_swap__E                             
00018415  ti_sysbios_knl_Task_swapReturn                                       
00018421  ti_sysbios_gates_GateMutex_leave__E                                  
00018439  uDMAChannelEnable                                                    
00018451  uDMAChannelIsEnabled                                                 
00018469  xdc_runtime_Error_check__E                                           
00018481  xdc_runtime_System_exit__E                                           
00018499  xdc_runtime_Text_ropeText__E                                         
000184b1  GrStringDraw                                                         
000184c7  TimerControlEvent                                                    
000184dd  strchr                                                               
000184f9  ti_sysbios_BIOS_exitFunc__I                                          
00018525  PWMClockSet                                                          
00018539  TimerDisable                                                         
0001854d  strlen                                                               
00018561  ti_sysbios_family_arm_m3_Hwi_Object__get__S                          
00018579  ti_sysbios_family_arm_m3_Hwi_switchFromBootStack__E                  
00018579  ti_sysbios_hal_Hwi_HwiProxy_switchFromBootStack__E                   
00018579  ti_sysbios_hal_Hwi_switchFromBootStack__E                            
00018591  ti_sysbios_heaps_HeapMem_Object__get__S                              
000185a9  ti_sysbios_knl_Mailbox_Object__get__S                                
000185c1  ti_sysbios_knl_Swi_Object__get__S                                    
000185d5  GPIOPinTypeADC                                                       
000185e7  GPIOPinTypeGPIOInput                                                 
000185f9  GPIOPinTypePWM                                                       
0001860b  GPIOPinTypeSSI                                                       
0001861d  GPIOPinTypeTimer                                                     
0001862f  PWMOutputState                                                       
00018641  TimerLoadSet                                                         
00018653  TimerPrescaleSet                                                     
00018669  ti_sysbios_hal_Hwi_Module_startup__E                                 
0001867b  wcslen                                                               
00018691  xdc_runtime_Startup_exec__I                                          
000186a9  ti_catalog_arm_cortexm4_tiva_ce_Boot_init__I                         
000186b9  ADCSequenceDMAEnable                                                 
000186c9  IntMasterDisable                                                     
000186d9  IntMasterEnable                                                      
000186e9  PWMGenPeriodSet                                                      
000186f9  ti_sysbios_BIOS_setThreadType__E                                     
00018709  ti_sysbios_BIOS_start__E                                             
00018719  ti_sysbios_family_arm_m3_TaskSupport_glue                            
00018729  ti_sysbios_gates_GateMutex_Instance_finalize__E                      
00018739  ti_sysbios_knl_Semaphore_Instance_finalize__E                        
00018749  ti_sysbios_knl_Swi_disable__E                                        
00018759  ti_sysbios_knl_Task_Object__get__S                                   
00018769  ti_sysbios_knl_Task_disable__E                                       
00018779  uDMAEnable                                                           
00018789  xdc_runtime_Gate_leaveSystem__E                                      
00018799  xdc_runtime_Memory_free__E                                           
000187a9  xdc_runtime_SysMin_ready__E                                          
000187a9  xdc_runtime_System_SupportProxy_ready__E                             
000187b9  xdc_runtime_System_vsnprintf__E                                      
000187c9  xdc_runtime_Text_visitRope__I                                        
000187d9  ADCSequenceDisable                                                   
000187e7  ADCSequenceEnable                                                    
000187f5  TimerEnable                                                          
00018803  __TI_decompress_none                                                 
00018811  ti_sysbios_knl_Idle_loop__E                                          
00018821  ti_sysbios_knl_Queue_empty__E                                        
0001882f  CPUcpsid                                                             
0001883b  CPUcpsie                                                             
00018849  HAL_LCD_writeData                                                    
00018855  PWMGenEnable                                                         
00018861  _register_lock                                                       
0001886d  _register_unlock                                                     
00018879  clock0_task                                                          
00018885  __TI_zero_init                                                       
00018891  ti_sysbios_family_arm_lm4_Timer_getMaxTicks__E                       
000188a1  ti_sysbios_family_arm_m3_TaskSupport_checkStack__E                   
000188a1  ti_sysbios_knl_Task_SupportProxy_checkStack__E                       
000188b1  ti_sysbios_gates_GateHwi_enter__E                                    
000188c1  ti_sysbios_gates_GateTask_query__E                                   
000188d1  ti_sysbios_knl_Queue_Object__get__S                                  
000188dd  uDMAControlBaseSet                                                   
000188e9  xdc_runtime_Error_init__E                                            
000188f5  xdc_runtime_Gate_enterSystem__E                                      
00018901  xdc_runtime_Memory_calloc__E                                         
0001890d  xdc_runtime_Memory_getMaxDefaultTypeAlign__E                         
00018919  ADCIntClear                                                          
00018923  PWMGenIntTrigEnable                                                  
0001892d  PWMIntDisable                                                        
00018937  SSIDataPut                                                           
00018941  SSIEnable                                                            
0001894b  TimerIntStatus                                                       
00018955  TimerValueGet                                                        
00018961  xdc_runtime_Memory_HeapProxy_alloc__E                                
00018971  xdc_runtime_Memory_HeapProxy_free__E                                 
0001897b  ADCIntEnableEx                                                       
00018983  GrMapISO8859_1_Unicode                                               
0001898b  PWMIntEnable                                                         
00018993  SSIBusy                                                              
0001899b  TimerIntEnable                                                       
000189a5  __aeabi_errno_addr                                                   
000189ad  ti_sysbios_family_arm_lm4_Timer_masterDisable__I                     
000189b9  ti_sysbios_family_arm_m3_Hwi_doSwiRestore__I                         
000189c1  ti_sysbios_family_arm_m3_Hwi_startup__E                              
000189c1  ti_sysbios_hal_Hwi_HwiProxy_startup__E                               
000189c1  ti_sysbios_hal_Hwi_startup__E                                        
000189c9  kiss_fft                                                             
000189d1  ti_sysbios_family_arm_lm4_TimestampProvider_Module_startup__E        
000189d9  ti_sysbios_family_arm_m3_Hwi_doTaskRestore__I                        
000189e1  ti_sysbios_gates_GateHwi_leave__E                                    
000189e9  ti_sysbios_gates_GateTask_leave__E                                   
000189f1  ti_sysbios_heaps_HeapMem_isBlocking__E                               
000189f9  ti_sysbios_knl_Queue_Instance_init__E                                
00018a01  ti_sysbios_knl_Swi_startup__E                                        
00018a09  ti_sysbios_BIOS_RtsGateProxy_enter__E                                
00018a11  ti_sysbios_BIOS_RtsGateProxy_leave__E                                
00018a19  ti_sysbios_family_arm_m3_TaskSupport_Module__startupDone__S          
00018a19  ti_sysbios_knl_Task_SupportProxy_Module__startupDone__S              
00018a21  ti_sysbios_gates_GateHwi_query__E                                    
00018a21  xdc_runtime_Main_Module_GateProxy_query__E                           
00018a21  xdc_runtime_System_Module_GateProxy_query__E                         
00018a29  ti_sysbios_BIOS_RtsGateProxy_query__E                                
00018a29  ti_sysbios_gates_GateMutex_query__E                                  
00018a29  ti_sysbios_heaps_HeapMem_Module_GateProxy_query__E                   
00018a31  ti_sysbios_heaps_HeapMem_Module_GateProxy_enter__E                   
00018a39  ti_sysbios_heaps_HeapMem_Module_GateProxy_leave__E                   
00018a41  ti_sysbios_knl_Clock_TimerProxy_getMaxTicks__E                       
00018a49  ti_sysbios_knl_Queue_destruct                                        
00018a51  ti_sysbios_knl_Semaphore_destruct                                    
00018a59  ti_sysbios_knl_Task_startup__E                                       
00018a61  xdc_runtime_System_Module_GateProxy_enter__E                         
00018a69  xdc_runtime_System_Module_GateProxy_leave__E                         
00018a71  ti_sysbios_BIOS_nullFunc__I                                          
00018a79  ti_sysbios_gates_GateHwi_Instance_init__E                            
00018a81  ti_sysbios_gates_GateTask_Instance_init__E                           
00018a89  ti_sysbios_knl_Clock_logTick__E                                      
00018a91  xdc_runtime_Startup_reset__I                                         
00018a98  __TI_static_base__                                                   
00018d4c  __TI_Handler_Table_Base                                              
00018d58  __TI_Handler_Table_Limit                                             
00018d68  __TI_CINIT_Base                                                      
00018d80  __TI_CINIT_Limit                                                     
20000000  ti_sysbios_family_arm_m3_Hwi_ramVectors                              
20006508  ti_sysbios_knl_Task_Instance_State_0_stack__A                        
20006908  ti_sysbios_knl_Task_Instance_State_1_stack__A                        
20006d08  ti_sysbios_knl_Task_Instance_State_2_stack__A                        
20007508  ti_sysbios_knl_Task_Instance_State_3_stack__A                        
20007708  ti_sysbios_knl_Task_Instance_State_4_stack__A                        
20007908  ti_sysbios_knl_Task_Instance_State_5_stack__A                        
20007b08  gADCBuffer                                                           
20008b08  fft_sample                                                           
20009308  xdc_runtime_SysMin_Module_State_0_outbuf__A                          
20009388  str                                                                  
200093d0  freq_str                                                             
200093e4  period_str                                                           
200093f8  parmbuf                                                              
20009400  gDMAControlTable                                                     
20009800  ti_sysbios_heaps_HeapMem_Instance_State_0_buf__A                     
20009c00  ti_sysbios_family_arm_m3_Hwi_dispatchTable                           
20009f60  displayBuffer                                                        
2000a160  out_db                                                               
2000a360  __CIOBUF_                                                            
2000a480  sample                                                               
2000a580  ti_sysbios_knl_Mailbox_Instance_State_0_allocBuf__A                  
2000a590  DMAbufferIndex                                                       
2000a594  cfg                                                                  
2000a598  cpu_load                                                             
2000a59c  cpu_unload_count                                                     
2000a5a0  fScale                                                               
2000a5a4  gADCSamplingRate                                                     
2000a5ac  load_count                                                           
2000a5b0  Lcd_ScreenHeigth                                                     
2000a5b2  Lcd_ScreenWidth                                                      
2000a5b4  Lcd_TouchTrim                                                        
2000a5b6  Lcd_FlagRead                                                         
2000a5b7  Lcd_FontSolid                                                        
2000a5b8  Lcd_Orientation                                                      
2000a5b9  Lcd_PenSolid                                                         
2000a5bc  Lcd_buffer                                                           
200125bc  ti_sysbios_knl_Task_Object__table__V                                 
20012784  ti_sysbios_knl_Swi_Module_State_0_readyQ__A                          
20012804  ti_sysbios_knl_Task_Module_State_0_readyQ__A                         
20012884  ti_sysbios_family_arm_m3_Hwi_Object__table__V                        
200128e4  ti_sysbios_knl_Mailbox_Object__table__V                              
20012934  ti_sysbios_knl_Semaphore_Object__table__V                            
20012984  ti_sysbios_knl_Task_Module__state__V                                 
200129c8  ti_sysbios_family_arm_lm4_Timer_Module_State_0_device__A             
20012a08  ti_sysbios_family_arm_lm4_Timer_Object__table__V                     
20012a48  ti_sysbios_gates_GateMutex_Object__table__V                          
20012a80  ti_sysbios_family_arm_m3_Hwi_Module__state__V                        
20012ab4  ti_sysbios_knl_Swi_Object__table__V                                  
20012ae4  ti_sysbios_knl_Clock_Module__state__V                                
20012b10  gSystemClock                                                         
20012b14  display_mode                                                         
20012b15  edge                                                                 
20012b18  fVoltsPerDiv                                                         
20012b1c  buffer_size                                                          
20012b20  pwmPeriod                                                            
20012b24  prev_timestamp                                                       
20012b28  current_timestamp                                                    
20012b2c  pwmAdjust                                                            
20012b30  gPWMSample                                                           
20012b34  gSamplingRateDivider                                                 
20012b5c  ti_sysbios_BIOS_Module__state__V                                     
20012b80  ti_sysbios_family_arm_lm4_Timer_Module_State_0_handles__A            
20012ba0  ti_sysbios_knl_Clock_Object__table__V                                
20012bc0  ti_sysbios_knl_Swi_Module__state__V                                  
20012bdc  ti_sysbios_heaps_HeapMem_Object__table__V                            
20012bf4  gButtons                                                             
20012bf8  fifo_head                                                            
20012bfc  fifo_tail                                                            
20012c02  ti_sysbios_family_arm_m3_Hwi_Module_State_0_excActive__A             
20012c04  ti_sysbios_family_arm_lm4_Timer_Module__state__V                     
20012c10  xdc_runtime_SysMin_Module__state__V                                  
20012c1c  _lock                                                                
20012c20  _unlock                                                              
20012c24  gJoystick                                                            
20012c2c  ti_sysbios_family_arm_lm4_TimestampProvider_Module__state__V         
20012c34  ti_sysbios_gates_GateHwi_Module__root__V                             
20012c3c  ti_sysbios_gates_GateHwi_Object__table__V                            
20012c44  ti_sysbios_gates_GateMutex_Module__root__V                           
20012c4c  ti_sysbios_gates_GateTask_Module__root__V                            
20012c54  ti_sysbios_heaps_HeapMem_Module__root__V                             
20012c5c  ti_sysbios_knl_Queue_Module__root__V                                 
20012c64  ti_sysbios_knl_Semaphore_Module__root__V                             
20012c6c  xdc_runtime_Registry_Module__state__V                                
20012c74  xdc_runtime_Startup_Module__state__V                                 
20012c7c  xdc_runtime_System_Module_State_0_atexitHandlers__A                  
20012c84  xdc_runtime_System_Module__state__V                                  
20012c8c  gADCErrors                                                           
20012c90  gDMAPrimary                                                          
20012c92  xdc_runtime_Error_Module__state__V                                   
20012c94  errno                                                                
20012c98  main_func_sp                                                         
20012c9c  ti_sysbios_family_arm_m3_Hwi_Module_State_0_excContext__A            
20012ca0  ti_sysbios_family_arm_m3_Hwi_Module_State_0_excStack__A              
20012ca4  ti_sysbios_gates_GateTask_Object__table__V                           
20012ca8  ti_sysbios_knl_Task_Module_State_0_idleTask__A                       
20012cac  xdc_runtime_Memory_Module__state__V                                  
20012cb0  __stack                                                              
20012fb0  __STACK_END                                                          
e000e000  ti_sysbios_family_arm_m3_Hwi_nvic                                    
ffffffff  __TI_pprof_out_hndl                                                  
ffffffff  __TI_prof_data_size                                                  
ffffffff  __TI_prof_data_start                                                 
ffffffff  __binit__                                                            
ffffffff  __c_args__                                                           
ffffffff  binit                                                                
UNDEFED   SHT$$INIT_ARRAY$$Base                                                
UNDEFED   SHT$$INIT_ARRAY$$Limit                                               

[746 symbols]
