******************************************************************************
                  TI ARM Linker PC v18.12.7                    
******************************************************************************
>> Linked Sat May  1 15:48:09 2021

OUTPUT FILE NAME:   <ece3849_LABTEST.out>
ENTRY POINT SYMBOL: "_c_int00"  address: 000073b9


MEMORY CONFIGURATION

         name            origin    length      used     unused   attr    fill
----------------------  --------  ---------  --------  --------  ----  --------
  FLASH                 00000000   00100000  0000be33  000f41cd  R  X
  SRAM                  20000000   00040000  0001264c  0002d9b4  RW X


SEGMENT ALLOCATION MAP

run origin  load origin   length   init length attrs members
----------  ----------- ---------- ----------- ----- -------
00000000    00000000    0000be40   0000be40    r-x
  00000000    00000000    0000003c   0000003c    r-- .resetVecs
  00000040    00000040    000094ca   000094ca    r-x .text
  00009510    00009510    0000265d   0000265d    r-- .const
  0000bb70    0000bb70    000002d0   000002d0    r-- .cinit
20000000    20000000    00012650   00000000    rw-
  20000000    20000000    00000360   00000000    rw- .vecs
  20000360    20000360    0000994e   00000000    rw- .bss
  20009cb0    20009cb0    0000869e   00000000    rw- .data
  20012350    20012350    00000300   00000000    rw- .stack


SECTION ALLOCATION MAP

 output                                  attributes/
section   page    origin      length       input sections
--------  ----  ----------  ----------   ----------------
.text      0    00000040    000094ca     
                  00000040    00000738     rtsv7M4_T_le_v4SPD16_eabi.lib : k_rem_pio2.c.obj (.text:__kernel_rem_pio2)
                  00000778    000005dc                                   : s_cos.c.obj (.text:cos)
                  00000d54    000005c4                                   : s_sin.c.obj (.text:sin)
                  00001318    00000430     sysbios.aem4f : BIOS.obj (.text:ti_sysbios_family_arm_m3_Hwi_excDumpRegs__I)
                  00001748    0000034c     ti.targets.arm.rtsarm.aem4f : System.oem4f (.text:xdc_runtime_System_doPrint__I)
                  00001a94    00000004     rtsv7M4_T_le_v4SPD16_eabi.lib : exit.c.obj (.text:abort:abort)
                  00001a98    000002d0     main.obj (.text:display_task)
                  00001d68    000002a4     sysbios.aem4f : BIOS.obj (.text:ti_sysbios_knl_Semaphore_pend__E)
                  0000200c    00000004                   : BIOS.obj (.text:ti_sysbios_family_arm_lm4_Timer_masterEnable__I)
                  00002010    0000028e     kiss_fft.obj (.text:kf_bfly5)
                  0000229e    00000002     rtsv7M4_T_le_v4SPD16_eabi.lib : _lock.c.obj (.text:_nop)
                  000022a0    0000026c     sysbios.aem4f : BIOS.obj (.text:ti_sysbios_heaps_HeapMem_free__E)
                  0000250c    00000256     grlib.lib : string.obj (.text:GrFontGlyphRender)
                  00002762    00000006     driverlib.lib : gpio.obj (.text:GPIOPinRead)
                  00002768    00000250     sysbios.aem4f : BIOS.obj (.text:ti_sysbios_heaps_HeapMem_alloc__E)
                  000029b8    00000204     Boot.aem4f : Boot_sysctl.oem4f (.text:ti_catalog_arm_cortexm4_tiva_ce_Boot_sysCtlClockFreqSetI__I)
                  00002bbc    00000004     ti.targets.arm.rtsarm.aem4f : Error.oem4f (.text:xdc_runtime_Error_getSite__E)
                  00002bc0    000001f4     sysbios.aem4f : BIOS.obj (.text:ti_sysbios_family_arm_m3_Hwi_excHandlerMax__I)
                  00002db4    00000004     ti.targets.arm.rtsarm.aem4f : System.oem4f (.text:xdc_runtime_System_aprintf_va__F)
                  00002db8    000001f0     kiss_fft.obj (.text:kf_bfly4)
                  00002fa8    000001b6     rtsv7M4_T_le_v4SPD16_eabi.lib : fd_add_t2.asm.obj (.text)
                  0000315e    00000002                                   : div0.asm.obj (.text)
                  00003160    000001b4     kiss_fft.obj (.text:kf_bfly3)
                  00003314    00000174     rtsv7M4_T_le_v4SPD16_eabi.lib : k_sin.c.obj (.text:__kernel_sin)
                  00003488    00000174     sysbios.aem4f : BIOS.obj (.text:ti_sysbios_family_arm_m3_Hwi_excBusFault__I)
                  000035fc    0000016c     rtsv7M4_T_le_v4SPD16_eabi.lib : k_cos.c.obj (.text:__kernel_cos)
                  00003768    00000164     sysbios.aem4f : BIOS.obj (.text:ti_sysbios_family_arm_m3_Hwi_excUsageFault__I)
                  000038cc    00000004     ti.targets.arm.rtsarm.aem4f : System.oem4f (.text:xdc_runtime_System_printf_va__F)
                  000038d0    00000160     buttons.obj (.text:ButtonInit)
                  00003a30    00000160     main.obj (.text:processing_task)
                  00003b90    0000015c     rtsv7M4_T_le_v4SPD16_eabi.lib : e_log10f.c.obj (.text:log10f)
                  00003cec    00000158                                   : e_sqrt.c.obj (.text:sqrt)
                  00003e44    00000004     --HOLE-- [fill = 0]
                  00003e48    00000148     sysbios.aem4f : BIOS.obj (.text:ti_sysbios_family_arm_m3_Hwi_excMemFault__I)
                  00003f90    0000013c                   : BIOS.obj (.text:ti_sysbios_heaps_HeapMem_Instance_init__E)
                  000040cc    00000136     rtsv7M4_T_le_v4SPD16_eabi.lib : fd_div_t2.asm.obj (.text)
                  00004202    00000130     driverlib.lib : gpio.obj (.text:GPIOPadConfigSet)
                  00004332    00000002     --HOLE-- [fill = 0]
                  00004334    00000118     ti.targets.arm.rtsarm.aem4f : Error.oem4f (.text:xdc_runtime_Error_policyDefault__E)
                  0000444c    00000110     rtsv7M4_T_le_v4SPD16_eabi.lib : s_scalbn.c.obj (.text:scalbn)
                  0000455c    00000004     --HOLE-- [fill = 0]
                  00004560    00000108     main.obj (.text:signal_init)
                  00004668    00000108     sysbios.aem4f : BIOS.obj (.text:ti_sysbios_family_arm_lm4_Timer_start__E)
                  00004770    00000106     grlib.lib : line.obj (.text:GrLineDraw)
                  00004876    00000002     --HOLE-- [fill = 0]
                  00004878    00000100     ti.targets.arm.rtsarm.aem4f : Core-mem.oem4f (.text:xdc_runtime_Core_createObject__I)
                  00004978    000000fc     kiss_fft.obj (.text:kf_bfly_generic)
                  00004a74    000000fc     rtsv7M4_T_le_v4SPD16_eabi.lib : fd_mul_t2.asm.obj (.text)
                  00004b70    000000fc     rtos_pem4f.oem4f (.text:xdc_runtime_System_printfExtend__I)
                  00004c6c    000000f8     rtsv7M4_T_le_v4SPD16_eabi.lib : s_floor.c.obj (.text:floor)
                  00004d64    000000f8     ti.targets.arm.rtsarm.aem4f : Startup.oem4f (.text:xdc_runtime_Startup_startMods__I)
                  00004e5c    000000f4     sysbios.aem4f : m3_Hwi_asm.obj (.text:ti_sysbios_family_arm_m3_Hwi_dispatch__I)
                  00004f50    000000ec                   : BIOS.obj (.text:ti_sysbios_knl_Semaphore_post__E)
                  0000503c    00000004     --HOLE-- [fill = 0]
                  00005040    000000e2     kiss_fft.obj (.text:kf_work)
                  00005122    00000006     driverlib.lib : gpio.obj (.text:GPIOPinWrite)
                  00005128    000000dc     Crystalfontz128x128_ST7735.obj (.text:Crystalfontz128x128_PixelDrawMultiple)
                  00005204    00000004     --HOLE-- [fill = 0]
                  00005208    000000d4     buttons.obj (.text:ButtonReadJoystick)
                  000052dc    00000004     --HOLE-- [fill = 0]
                  000052e0    000000cc     kiss_fft.obj (.text:kiss_fft_alloc)
                  000053ac    000000cc     ti.targets.arm.rtsarm.aem4f : Core-smem.oem4f (.text:xdc_runtime_Core_constructObject__I)
                  00005478    000000c8     main.obj (.text:button_task)
                  00005540    000000c4     grlib.lib : string.obj (.text:GrDefaultStringRenderer)
                  00005604    000000c0               : line.obj (.text:GrLineClip)
                  000056c4    00000004     --HOLE-- [fill = 0]
                  000056c8    000000bc     Crystalfontz128x128_ST7735.obj (.text:Crystalfontz128x128_Init)
                  00005784    00000004     --HOLE-- [fill = 0]
                  00005788    000000bc     sysbios.aem4f : BIOS.obj (.text:ti_sysbios_family_arm_m3_Hwi_excDebugMon__I)
                  00005844    00000004     --HOLE-- [fill = 0]
                  00005848    000000bc                   : BIOS.obj (.text:ti_sysbios_family_arm_m3_Hwi_excHardFault__I)
                  00005904    00000004     --HOLE-- [fill = 0]
                  00005908    000000b4                   : BIOS.obj (.text:ti_sysbios_gates_GateMutex_enter__E)
                  000059bc    00000004     --HOLE-- [fill = 0]
                  000059c0    000000b4                   : BIOS.obj (.text:ti_sysbios_knl_Task_checkStacks__E)
                  00005a74    00000004     --HOLE-- [fill = 0]
                  00005a78    000000b0     main.obj (.text:waveform_task)
                  00005b28    000000ac     sysbios.aem4f : BIOS.obj (.text:ti_sysbios_family_arm_lm4_Timer_enableTiva__I)
                  00005bd4    000000a0     auto_init.aem4f : auto_init.oem4f (.text)
                  00005c74    000000a0     ti.targets.arm.rtsarm.aem4f : Text.oem4f (.text:xdc_runtime_Text_putMod__E)
                  00005d14    00000004     --HOLE-- [fill = 0]
                  00005d18    0000009c     Crystalfontz128x128_ST7735.obj (.text:Crystalfontz128x128_SetDrawFrame)
                  00005db4    0000009c     rtsv7M4_T_le_v4SPD16_eabi.lib : memcpy_t2.asm.obj (.text)
                  00005e50    0000009c     sysbios.aem4f : BIOS.obj (.text:ti_sysbios_knl_Semaphore_Instance_init__E)
                  00005eec    0000009a     ti.targets.arm.rtsarm.aem4f : Text.oem4f (.text:xdc_runtime_Text_putSite__E)
                  00005f86    00000002     --HOLE-- [fill = 0]
                  00005f88    00000098     Boot.aem4f : Boot.oem4f (.text:ti_catalog_arm_cortexm4_tiva_ce_Boot_sysCtlClockFreqSet__E)
                  00006020    00000094     sampling.obj (.text:ADCInit)
                  000060b4    00000004     --HOLE-- [fill = 0]
                  000060b8    00000094     sysbios.aem4f : BIOS.obj (.text:ti_sysbios_family_arm_m3_Hwi_initNVIC__E)
                  0000614c    0000008c                   : m3_TaskSupport_asm.obj (.text:ti_sysbios_family_arm_m3_TaskSupport_buildTaskStack)
                  000061d8    0000008c                   : BIOS.obj (.text:ti_sysbios_knl_Task_postInit__I)
                  00006264    00000004     --HOLE-- [fill = 0]
                  00006268    00000088                   : BIOS.obj (.text:ti_sysbios_knl_Mailbox_post__E)
                  000062f0    00000086     grlib.lib : rectangle.obj (.text:GrRectFill)
                  00006376    00000086     rtsv7M4_T_le_v4SPD16_eabi.lib : fd_cmp_t2.asm.obj (.text:__aeabi_cdcmple)
                  000063fc    00000086                                   : fd_cmp_t2.asm.obj (.text:__aeabi_cdrcmple)
                  00006482    00000006     grlib.lib : string.obj (.text:GrContextFontSet)
                  00006488    00000084     sysbios.aem4f : BIOS.obj (.text:ti_sysbios_family_arm_m3_Hwi_postInit__I)
                  0000650c    00000004     --HOLE-- [fill = 0]
                  00006510    00000080     Crystalfontz128x128_ST7735.obj (.text:Crystalfontz128x128_RectFill)
                  00006590    00000080     rtsv7M4_T_le_v4SPD16_eabi.lib : s_floorf.c.obj (.text:floorf)
                  00006610    00000080     kiss_fft.obj (.text:kf_bfly2)
                  00006690    0000007a     driverlib.lib : adc.obj (.text:ADCSequenceStepConfigure)
                  0000670a    0000007a     rtsv7M4_T_le_v4SPD16_eabi.lib : memset_t2.asm.obj (.text)
                  00006784    00000004     --HOLE-- [fill = 0]
                  00006788    00000078     HAL_EK_TM4C1294XL_Crystalfontz128x128_ST7735.obj (.text:HAL_LCD_PortInit)
                  00006800    00000078     HAL_EK_TM4C1294XL_Crystalfontz128x128_ST7735.obj (.text:HAL_LCD_SpiInit)
                  00006878    00000074     sysbios.aem4f : BIOS.obj (.text:ti_sysbios_knl_Mailbox_pend__E)
                  000068ec    00000004     --HOLE-- [fill = 0]
                  000068f0    00000070                   : BIOS.obj (.text:ti_sysbios_knl_Clock_workFunc__E)
                  00006960    00000070                   : BIOS.obj (.text:ti_sysbios_knl_Task_exit__E)
                  000069d0    0000006e     rtsv7M4_T_le_v4SPD16_eabi.lib : s_roundf.c.obj (.text:roundf)
                  00006a3e    0000006e                                   : fd_tos_t2.asm.obj (.text)
                  00006aac    0000006d     ti.targets.arm.rtsarm.aem4f : System.oem4f (.text:xdc_runtime_System_formatNum__I)
                  00006b19    00000001     --HOLE-- [fill = 0]
                  00006b1a    00000006     driverlib.lib : sysctl.obj (.text:SysCtlDelay)
                  00006b20    0000006c     kiss_fft.obj (.text:kf_factor)
                  00006b8c    00000004     --HOLE-- [fill = 0]
                  00006b90    0000006c     sysbios.aem4f : BIOS.obj (.text:ti_sysbios_knl_Swi_restoreHwi__E)
                  00006bfc    0000006c     ti.targets.arm.rtsarm.aem4f : Error.oem4f (.text:xdc_runtime_Error_print__E)
                  00006c68    0000006c                                 : Memory.oem4f (.text:xdc_runtime_Memory_alloc__E)
                  00006cd4    00000068     grlib.lib : context.obj (.text:GrContextInit)
                  00006d3c    00000068     rtsv7M4_T_le_v4SPD16_eabi.lib : copy_decompress_lzss.c.obj (.text:decompress:lzss:__TI_decompress_lzss)
                  00006da4    00000004     --HOLE-- [fill = 0]
                  00006da8    00000068     sysbios.aem4f : BIOS.obj (.text:ti_sysbios_family_arm_lm4_TimestampProvider_initTimerHandle__I)
                  00006e10    00000066     ti.targets.arm.rtsarm.aem4f : Core-mem.oem4f (.text:xdc_runtime_Core_deleteObject__I)
                  00006e76    00000002     --HOLE-- [fill = 0]
                  00006e78    00000064     sysbios.aem4f : BIOS.obj (.text:ti_sysbios_family_arm_lm4_Timer_Module_startup__E)
                  00006edc    00000004     --HOLE-- [fill = 0]
                  00006ee0    00000064                   : BIOS.obj (.text:ti_sysbios_family_arm_m3_Hwi_dispatchC__I)
                  00006f44    00000004     --HOLE-- [fill = 0]
                  00006f48    00000060     buttons.obj (.text:ButtonDebounce)
                  00006fa8    00000060     driverlib.lib : timer.obj (.text:TimerConfigure)
                  00007008    00000060     sysbios.aem4f : BIOS.obj (.text:ti_sysbios_knl_Task_schedule__I)
                  00007068    0000005c     kiss_fft.obj (.text:kiss_fft_stride)
                  000070c4    00000004     --HOLE-- [fill = 0]
                  000070c8    0000005c     sysbios.aem4f : BIOS.obj (.text:ti_sysbios_knl_Swi_run__I)
                  00007124    00000004     --HOLE-- [fill = 0]
                  00007128    0000005c                   : BIOS.obj (.text:ti_sysbios_knl_Swi_schedule__I)
                  00007184    00000004     --HOLE-- [fill = 0]
                  00007188    0000005c                   : BIOS.obj (.text:ti_sysbios_knl_Task_Module_startup__E)
                  000071e4    00000004     --HOLE-- [fill = 0]
                  000071e8    0000005c                   : BIOS.obj (.text:ti_sysbios_knl_Task_startCore__E)
                  00007244    00000004     --HOLE-- [fill = 0]
                  00007248    0000005c     main.obj (.text:userInput_task)
                  000072a4    0000005b     ti.targets.arm.rtsarm.aem4f : Text.oem4f (.text:xdc_runtime_Text_putLab__E)
                  000072ff    00000001     --HOLE-- [fill = 0]
                  00007300    0000005a     grlib.lib : string.obj (.text:FontWideGlyphDataGet)
                  0000735a    00000006     ti.targets.arm.rtsarm.aem4f : System.oem4f (.text:xdc_runtime_System_Module_startup__E)
                  00007360    00000058     buttons.obj (.text:ButtonAutoRepeat)
                  000073b8    00000058     boot.aem4f : boot.oem4f (.text)
                  00007410    00000058     rtsv7M4_T_le_v4SPD16_eabi.lib : hostwrite.c.obj (.text:HOSTwrite)
                  00007468    00000058     sysbios.aem4f : m3_Hwi_asm_switch.obj (.text:ti_sysbios_family_arm_m3_Hwi_initStacks__E)
                  000074c0    00000054                   : BIOS.obj (.text:ti_sysbios_family_arm_lm4_Timer_initDevice__I)
                  00007514    00000054     ti.targets.arm.rtsarm.aem4f : Assert.oem4f (.text:xdc_runtime_Assert_raise__I)
                  00007568    00000050     Boot.aem4f : Boot_sysctl.oem4f (.text:_SysCtlFrequencyGet)
                  000075b8    00000050     sysbios.aem4f : BIOS.obj (.text:ti_sysbios_family_arm_m3_Hwi_Module_startup__E)
                  00007608    00000050     ti.targets.arm.rtsarm.aem4f : Startup.oem4f (.text:xdc_runtime_Startup_exec__E)
                  00007658    00000050                                 : Text.oem4f (.text:xdc_runtime_Text_visitRope2__I)
                  000076a8    0000004c     sampling.obj (.text:FallingTrigger)
                  000076f4    00000004     --HOLE-- [fill = 0]
                  000076f8    0000004c     sampling.obj (.text:RisingTrigger)
                  00007744    0000004c     rtsv7M4_T_le_v4SPD16_eabi.lib : cpy_tbl.c.obj (.text:copy_in)
                  00007790    0000004c     sysbios.aem4f : BIOS.obj (.text:ti_sysbios_heaps_HeapMem_getStats__E)
                  000077dc    00000004     --HOLE-- [fill = 0]
                  000077e0    0000004c                   : BIOS.obj (.text:ti_sysbios_knl_Swi_runLoop__I)
                  0000782c    00000004     --HOLE-- [fill = 0]
                  00007830    0000004c                   : BIOS.obj (.text:ti_sysbios_knl_Task_allBlockedFunction__I)
                  0000787c    0000004a     grlib.lib : string.obj (.text:UpdateContextCharMapping)
                  000078c6    00000002     --HOLE-- [fill = 0]
                  000078c8    00000048     driverlib.lib : gpio.obj (.text:GPIOPinConfigure)
                  00007910    00000048     HAL_EK_TM4C1294XL_Crystalfontz128x128_ST7735.obj (.text:HAL_LCD_writeCommand)
                  00007958    00000048     sysctl_pll.obj (.text:SysCtlFrequencyGet)
                  000079a0    00000048     rtsv7M4_T_le_v4SPD16_eabi.lib : fd_toi_t2.asm.obj (.text)
                  000079e8    00000048     sysbios.aem4f : BIOS.obj (.text:ti_sysbios_family_arm_lm4_Timer_enableTimers__I)
                  00007a30    00000048                   : BIOS.obj (.text:ti_sysbios_family_arm_m3_Hwi_disableInterrupt__E)
                  00007a78    00000048                   : BIOS.obj (.text:ti_sysbios_family_arm_m3_Hwi_enableInterrupt__E)
                  00007ac0    00000048                   : BIOS.obj (.text:ti_sysbios_family_arm_m3_Hwi_excReserved__I)
                  00007b08    00000048                   : BIOS.obj (.text:ti_sysbios_knl_Mailbox_Module_startup__E)
                  00007b50    00000046     grlib.lib : line.obj (.text:GrLineDrawH)
                  00007b96    00000046               : line.obj (.text:GrLineDrawV)
                  00007bdc    00000046     ti.targets.arm.rtsarm.aem4f : Core-params.oem4f (.text:xdc_runtime_Core_assignParams__I)
                  00007c22    00000006     --HOLE-- [fill = 0]
                  00007c28    00000044     sampling.obj (.text:ADC_ISR)
                  00007c6c    00000004     --HOLE-- [fill = 0]
                  00007c70    00000044     Crystalfontz128x128_ST7735.obj (.text:Crystalfontz128x128_SetOrientation)
                  00007cb4    00000004     --HOLE-- [fill = 0]
                  00007cb8    00000044     sysbios.aem4f : BIOS.obj (.text:ti_sysbios_family_arm_lm4_Timer_isrStub__E)
                  00007cfc    00000004     --HOLE-- [fill = 0]
                  00007d00    00000044                   : BIOS.obj (.text:ti_sysbios_family_arm_m3_Hwi_getStackInfo__E)
                  00007d44    00000004     --HOLE-- [fill = 0]
                  00007d48    00000044                   : BIOS.obj (.text:ti_sysbios_knl_Swi_post__E)
                  00007d8c    00000044     ti.targets.arm.rtsarm.aem4f : Error.oem4f (.text:xdc_runtime_Error_setX__E)
                  00007dd0    00000044                                 : SysMin.oem4f (.text:xdc_runtime_SysMin_flush__E)
                  00007e14    00000044                                 : Text.oem4f (.text:xdc_runtime_Text_xprintf__I)
                  00007e58    00000040     Crystalfontz128x128_ST7735.obj (.text:Crystalfontz128x128_LineDrawH)
                  00007e98    00000040     rtsv7M4_T_le_v4SPD16_eabi.lib : u_divt2.asm.obj (.text)
                  00007ed8    00000040     sysbios.aem4f : BIOS.obj (.text:ti_sysbios_family_arm_lm4_Timer_startup__E)
                  00007f18    0000003e     driverlib.lib : adc.obj (.text:ADCSequenceConfigure)
                  00007f56    0000003c                   : ssi.obj (.text:SSIConfigSetExpClk)
                  00007f92    00000006     --HOLE-- [fill = 0]
                  00007f98    0000003c     sysbios.aem4f : BIOS.obj (.text:ti_sysbios_family_arm_m3_Hwi_excSvCall__I)
                  00007fd4    00000004     --HOLE-- [fill = 0]
                  00007fd8    0000003c                   : BIOS.obj (.text:ti_sysbios_heaps_HeapMem_init__I)
                  00008014    00000004     --HOLE-- [fill = 0]
                  00008018    0000003c                   : BIOS.obj (.text:ti_sysbios_knl_Swi_restore__E)
                  00008054    0000003a     grlib.lib : string.obj (.text:FontGlyphDataGet)
                  0000808e    00000002     --HOLE-- [fill = 0]
                  00008090    00000038     Crystalfontz128x128_ST7735.obj (.text:Crystalfontz128x128_Flush)
                  000080c8    00000038     rtsv7M4_T_le_v4SPD16_eabi.lib : trgmsg.c.obj (.text:__TI_writemsg)
                  00008100    00000038                                   : fs_tod_t2.asm.obj (.text)
                  00008138    00000038     sysbios.aem4f : BIOS.obj (.text:ti_sysbios_family_arm_m3_Hwi_excNoIsr__I)
                  00008170    00000038                   : BIOS.obj (.text:ti_sysbios_knl_Task_processVitalTaskFlag__I)
                  000081a8    00000038     ti.targets.arm.rtsarm.aem4f : SysMin.oem4f (.text:xdc_runtime_SysMin_putch__E)
                  000081e0    00000038                                 : System.oem4f (.text:xdc_runtime_System_atexit__E)
                  00008218    00000036     grlib.lib : line.obj (.text:GrClipCodeGet)
                  0000824e    00000002     --HOLE-- [fill = 0]
                  00008250    00000034     driverlib.lib : sysctl.obj (.text:SysCtlPeripheralEnable)
                  00008284    00000034     rtsv7M4_T_le_v4SPD16_eabi.lib : trgmsg.c.obj (.text:__TI_readmsg)
                  000082b8    00000034     sysbios.aem4f : BIOS.obj (.text:ti_sysbios_family_arm_m3_Hwi_excNmi__I)
                  000082ec    00000004     --HOLE-- [fill = 0]
                  000082f0    00000034                   : BIOS.obj (.text:ti_sysbios_hal_Hwi_checkStack)
                  00008324    00000034     ti.targets.arm.rtsarm.aem4f : Core-label.oem4f (.text:xdc_runtime_Core_assignLabel__I)
                  00008358    00000033                                 : Text.oem4f (.text:xdc_runtime_Text_printVisFxn__I)
                  0000838b    00000005     --HOLE-- [fill = 0]
                  00008390    00000032     sysbios.aem4f : BIOS.obj (.text:ti_sysbios_hal_Hwi_initStack)
                  000083c2    00000006     --HOLE-- [fill = 0]
                  000083c8    00000030     rtos_pem4f.oem4f (.text:ti_sysbios_BIOS_atExitFunc__I)
                  000083f8    00000030     sysbios.aem4f : BIOS.obj (.text:ti_sysbios_family_arm_lm4_Timer_stop__E)
                  00008428    00000030                   : BIOS.obj (.text:ti_sysbios_family_arm_m3_TaskSupport_start__E)
                  00008458    00000030     rtos_pem4f.oem4f (.text:ti_sysbios_gates_GateHwi_Object__create__S)
                  00008488    00000030     rtos_pem4f.oem4f (.text:ti_sysbios_gates_GateMutex_Object__create__S)
                  000084b8    00000030     rtos_pem4f.oem4f (.text:ti_sysbios_heaps_HeapMem_Object__create__S)
                  000084e8    00000030     sysbios.aem4f : BIOS.obj (.text:ti_sysbios_knl_Mailbox_postInit__I)
                  00008518    00000030     rtos_pem4f.oem4f (.text:ti_sysbios_knl_Semaphore_construct)
                  00008548    00000030     sysbios.aem4f : BIOS.obj (.text:ti_sysbios_knl_Semaphore_pendTimeout__I)
                  00008578    00000030                   : BIOS.obj (.text:ti_sysbios_knl_Task_unblockI__E)
                  000085a8    00000030     ti.targets.arm.rtsarm.aem4f : SysMin.oem4f (.text:xdc_runtime_SysMin_abort__E)
                  000085d8    00000030                                 : System.oem4f (.text:xdc_runtime_System_processAtExit__E)
                  00008608    0000002e     driverlib.lib : adc.obj (.text:ADCIntStatus)
                  00008636    0000002e     grlib.lib : string.obj (.text:GrStringNextCharGet)
                  00008664    00000004     --HOLE-- [fill = 0]
                  00008668    0000002e     rtos_pem4f.oem4f (.text:malloc)
                  00008696    0000002e     rtsv7M4_T_le_v4SPD16_eabi.lib : i_tofd_t2.asm.obj (.text)
                  000086c4    00000004     --HOLE-- [fill = 0]
                  000086c8    0000002c     rtos_pem4f.oem4f (.text:ti_sysbios_knl_Clock_doTick__I)
                  000086f4    00000004     --HOLE-- [fill = 0]
                  000086f8    0000002c     rtos_pem4f.oem4f (.text:ti_sysbios_knl_Queue_construct)
                  00008724    00000004     --HOLE-- [fill = 0]
                  00008728    0000002c     sysbios.aem4f : BIOS.obj (.text:ti_sysbios_knl_Task_restore__E)
                  00008754    0000002c     ti.targets.arm.rtsarm.aem4f : Text.oem4f (.text:xdc_runtime_Text_cordText__E)
                  00008780    0000002a     driverlib.lib : gpio.obj (.text:GPIODirModeSet)
                  000087aa    0000002a     ti.targets.arm.rtsarm.aem4f : System.oem4f (.text:xdc_runtime_System_putchar__I)
                  000087d4    00000004     --HOLE-- [fill = 0]
                  000087d8    00000028     sysbios.aem4f : BIOS.obj (.text:ti_sysbios_knl_Clock_addI__E)
                  00008800    00000028                   : BIOS.obj (.text:ti_sysbios_knl_Swi_Module_startup__E)
                  00008828    00000026     grlib.lib : string.obj (.text:GrFontInfoGet)
                  0000884e    00000026     sysbios.aem4f : m3_Hwi_asm.obj (.text:ti_sysbios_family_arm_m3_Hwi_pendSV__I)
                  00008874    00000026     ti.targets.arm.rtsarm.aem4f : System.oem4f (.text:xdc_runtime_System_avprintf__E)
                  0000889a    00000006     --HOLE-- [fill = 0]
                  000088a0    00000024     main.obj (.text:main)
                  000088c4    00000004     --HOLE-- [fill = 0]
                  000088c8    00000024     rtos_pem4f.oem4f (.text:ti_sysbios_BIOS_errorRaiseHook__I)
                  000088ec    00000004     --HOLE-- [fill = 0]
                  000088f0    00000024     rtos_pem4f.oem4f (.text:ti_sysbios_BIOS_registerRTSLock__I)
                  00008914    00000004     --HOLE-- [fill = 0]
                  00008918    00000024     rtos_pem4f.oem4f (.text:ti_sysbios_BIOS_removeRTSLock__I)
                  0000893c    00000004     --HOLE-- [fill = 0]
                  00008940    00000024     rtos_pem4f.oem4f (.text:ti_sysbios_BIOS_startFunc__I)
                  00008964    00000004     --HOLE-- [fill = 0]
                  00008968    00000024     rtos_pem4f.oem4f (.text:ti_sysbios_gates_GateMutex_Object__delete__S)
                  0000898c    00000004     --HOLE-- [fill = 0]
                  00008990    00000024     sysbios.aem4f : BIOS.obj (.text:ti_sysbios_knl_Clock_Module_startup__E)
                  000089b4    00000004     --HOLE-- [fill = 0]
                  000089b8    00000024                   : BIOS.obj (.text:ti_sysbios_knl_Task_restoreHwi__E)
                  000089dc    00000024     ti.targets.arm.rtsarm.aem4f : System.oem4f (.text:xdc_runtime_System_vprintf__E)
                  00008a00    00000022     grlib.lib : string.obj (.text:GrFontGlyphDataGet)
                  00008a22    00000022     driverlib.lib : pwm.obj (.text:PWMGenConfigure)
                  00008a44    00000004     --HOLE-- [fill = 0]
                  00008a48    00000022     sysbios.aem4f : BIOS.obj (.text:ti_sysbios_family_arm_lm4_Timer_write__I)
                  00008a6a    00000006     --HOLE-- [fill = 0]
                  00008a70    00000022     rtos_pem4f.oem4f (.text:xdc_runtime_SysMin_output__I)
                  00008a92    00000002     --HOLE-- [fill = 0]
                  00008a94    00000020     Boot.aem4f : Boot_sysctl.oem4f (.text:_SysCtlMemTimingGet)
                  00008ab4    00000004     --HOLE-- [fill = 0]
                  00008ab8    00000020     rtos_pem4f.oem4f (.text:ti_sysbios_BIOS_rtsLock__I)
                  00008ad8    00000020     sysbios.aem4f : m3_Hwi_asm.obj (.text:ti_sysbios_family_arm_m3_Hwi_excHandlerAsm__I)
                  00008af8    00000020                   : BIOS.obj (.text:ti_sysbios_family_arm_m3_Hwi_excHandler__I)
                  00008b18    00000020     rtos_pem4f.oem4f (.text:ti_sysbios_gates_GateHwi_Object__delete__S)
                  00008b38    00000020     rtos_pem4f.oem4f (.text:ti_sysbios_heaps_HeapMem_Object__delete__S)
                  00008b58    00000020     sysbios.aem4f : BIOS.obj (.text:ti_sysbios_knl_Idle_run__E)
                  00008b78    00000020     rtos_pem4f.oem4f (.text:ti_sysbios_knl_Semaphore_Object__destruct__S)
                  00008b98    00000020     ti.targets.arm.rtsarm.aem4f : Registry.oem4f (.text:xdc_runtime_Registry_findById__E)
                  00008bb8    00000020                                 : SysMin.oem4f (.text:xdc_runtime_SysMin_Module_startup__E)
                  00008bd8    0000001e     driverlib.lib : adc.obj (.text:ADCSequenceDataGet)
                  00008bf6    00000002     --HOLE-- [fill = 0]
                  00008bf8    0000001e     Crystalfontz128x128_ST7735.obj (.text:Crystalfontz128x128_ColorTranslate)
                  00008c16    0000001e     grlib.lib : string.obj (.text:GrFontCodepageGet)
                  00008c34    0000001e     driverlib.lib : pwm.obj (.text:PWMPulseWidthSet)
                  00008c52    0000001e     sysbios.aem4f : m3_Hwi_asm_switch.obj (.text:ti_sysbios_family_xxx_Hwi_switchAndRunFunc)
                  00008c70    0000001c     Crystalfontz128x128_ST7735.obj (.text:Crystalfontz128x128_LineDrawV)
                  00008c8c    00000004     --HOLE-- [fill = 0]
                  00008c90    0000001c     sysbios.aem4f : BIOS.obj (.text:ti_sysbios_gates_GateMutex_Instance_init__E)
                  00008cac    00000004     --HOLE-- [fill = 0]
                  00008cb0    0000001c     rtos_pem4f.oem4f (.text:ti_sysbios_knl_Queue_Object__destruct__S)
                  00008ccc    00000004     --HOLE-- [fill = 0]
                  00008cd0    0000001c     sysbios.aem4f : BIOS.obj (.text:ti_sysbios_knl_Queue_get__E)
                  00008cec    00000004     --HOLE-- [fill = 0]
                  00008cf0    0000001c                   : BIOS.obj (.text:ti_sysbios_knl_Queue_put__E)
                  00008d0c    00000004     --HOLE-- [fill = 0]
                  00008d10    0000001c                   : BIOS.obj (.text:ti_sysbios_knl_Task_enter__I)
                  00008d2c    0000001c     ti.targets.arm.rtsarm.aem4f : Error.oem4f (.text:xdc_runtime_Error_raiseX__E)
                  00008d48    0000001c                                 : Memory.oem4f (.text:xdc_runtime_Memory_valloc__E)
                  00008d64    0000001c                                 : SysMin.oem4f (.text:xdc_runtime_SysMin_exit__E)
                  00008d80    0000001c                                 : System.oem4f (.text:xdc_runtime_System_abort__E)
                  00008d9c    0000001a     rtsv7M4_T_le_v4SPD16_eabi.lib : s_copysign.c.obj (.text:copysign)
                  00008db6    00000002     --HOLE-- [fill = 0]
                  00008db8    0000001a     rtos_pem4f.oem4f (.text:free)
                  00008dd2    00000006     --HOLE-- [fill = 0]
                  00008dd8    0000001a     rtos_pem4f.oem4f (.text:ti_sysbios_family_arm_m3_Hwi_Handle__label__S)
                  00008df2    00000006     --HOLE-- [fill = 0]
                  00008df8    0000001a     rtos_pem4f.oem4f (.text:ti_sysbios_gates_GateHwi_Handle__label__S)
                  00008e12    00000006     --HOLE-- [fill = 0]
                  00008e18    0000001a     rtos_pem4f.oem4f (.text:ti_sysbios_gates_GateMutex_Handle__label__S)
                  00008e32    00000006     --HOLE-- [fill = 0]
                  00008e38    0000001a     rtos_pem4f.oem4f (.text:ti_sysbios_heaps_HeapMem_Handle__label__S)
                  00008e52    00000006     --HOLE-- [fill = 0]
                  00008e58    0000001a     rtos_pem4f.oem4f (.text:ti_sysbios_knl_Swi_Handle__label__S)
                  00008e72    00000006     --HOLE-- [fill = 0]
                  00008e78    0000001a     rtos_pem4f.oem4f (.text:ti_sysbios_knl_Task_Handle__label__S)
                  00008e92    00000006     --HOLE-- [fill = 0]
                  00008e98    0000001a     rtos_pem4f.oem4f (.text:xdc_runtime_System_aprintf__E)
                  00008eb2    00000006     --HOLE-- [fill = 0]
                  00008eb8    0000001a     rtos_pem4f.oem4f (.text:xdc_runtime_System_printf__E)
                  00008ed2    00000018     driverlib.lib : adc.obj (.text:ADCClockConfigSet)
                  00008eea    00000018                   : adc.obj (.text:ADCProcessorTrigger)
                  00008f02    00000018                   : gpio.obj (.text:GPIOPinTypeGPIOOutput)
                  00008f1a    00000002     --HOLE-- [fill = 0]
                  00008f1c    00000018     rtsv7M4_T_le_v4SPD16_eabi.lib : args_main.c.obj (.text:_args_main)
                  00008f34    00000004     --HOLE-- [fill = 0]
                  00008f38    00000018     rtos_pem4f.oem4f (.text:ti_sysbios_BIOS_rtsUnlock__I)
                  00008f50    00000018     rtos_pem4f.oem4f (.text:ti_sysbios_family_arm_lm4_Timer_Module__startupDone__F)
                  00008f68    00000018     rtos_pem4f.oem4f (.text:ti_sysbios_family_arm_m3_Hwi_Module__startupDone__F)
                  00008f80    00000018     sysbios.aem4f : m3_TaskSupport_asm.obj (.text:ti_sysbios_family_arm_m3_TaskSupport_swap__E)
                  00008f98    00000018                   : BIOS.obj (.text:ti_sysbios_gates_GateMutex_leave__E)
                  00008fb0    00000018     ti.targets.arm.rtsarm.aem4f : Error.oem4f (.text:xdc_runtime_Error_check__E)
                  00008fc8    00000018                                 : System.oem4f (.text:xdc_runtime_System_exit__E)
                  00008fe0    00000018                                 : Text.oem4f (.text:xdc_runtime_Text_ropeText__E)
                  00008ff8    00000016     grlib.lib : string.obj (.text:GrStringDraw)
                  0000900e    00000002     --HOLE-- [fill = 0]
                  00009010    00000016     rtos_pem4f.oem4f (.text:ti_sysbios_BIOS_exitFunc__I)
                  00009026    00000002     --HOLE-- [fill = 0]
                  00009028    00000016     sysbios.aem4f : BIOS.obj (.text:ti_sysbios_knl_Task_unblock__E)
                  0000903e    00000002     --HOLE-- [fill = 0]
                  00009040    00000014     Crystalfontz128x128_ST7735.obj (.text:Crystalfontz128x128_PixelDraw)
                  00009054    00000014     driverlib.lib : pwm.obj (.text:PWMClockSet)
                  00009068    00000014                   : timer.obj (.text:TimerDisable)
                  0000907c    00000014     rtsv7M4_T_le_v4SPD16_eabi.lib : strlen.c.obj (.text:strlen)
                  00009090    00000014     rtos_pem4f.oem4f (.text:ti_sysbios_family_arm_m3_Hwi_Object__get__S)
                  000090a4    00000004     --HOLE-- [fill = 0]
                  000090a8    00000014     sysbios.aem4f : BIOS.obj (.text:ti_sysbios_family_arm_m3_Hwi_switchFromBootStack__E)
                  000090bc    00000004     --HOLE-- [fill = 0]
                  000090c0    00000014     rtos_pem4f.oem4f (.text:ti_sysbios_heaps_HeapMem_Object__get__S)
                  000090d4    00000004     --HOLE-- [fill = 0]
                  000090d8    00000014     rtos_pem4f.oem4f (.text:ti_sysbios_knl_Mailbox_Object__get__S)
                  000090ec    00000004     --HOLE-- [fill = 0]
                  000090f0    00000014     rtos_pem4f.oem4f (.text:ti_sysbios_knl_Swi_Object__get__S)
                  00009104    00000012     driverlib.lib : gpio.obj (.text:GPIOPinTypeADC)
                  00009116    00000012                   : gpio.obj (.text:GPIOPinTypeGPIOInput)
                  00009128    00000012                   : gpio.obj (.text:GPIOPinTypePWM)
                  0000913a    00000012                   : gpio.obj (.text:GPIOPinTypeSSI)
                  0000914c    00000012                   : pwm.obj (.text:PWMOutputState)
                  0000915e    00000012                   : timer.obj (.text:TimerLoadSet)
                  00009170    00000012     sysbios.aem4f : BIOS.obj (.text:ti_sysbios_hal_Hwi_Module_startup__E)
                  00009182    00000006     --HOLE-- [fill = 0]
                  00009188    00000012     rtos_pem4f.oem4f (.text:xdc_runtime_Startup_exec__I)
                  0000919a    00000006     --HOLE-- [fill = 0]
                  000091a0    00000010     rtos_pem4f.oem4f (.text:.bootCodeSection:ti_catalog_arm_cortexm4_tiva_ce_Boot_init__I)
                  000091b0    00000010     driverlib.lib : adc.obj (.text:ADCIntEnable)
                  000091c0    00000010                   : interrupt.obj (.text:IntMasterDisable)
                  000091d0    00000010                   : interrupt.obj (.text:IntMasterEnable)
                  000091e0    00000010                   : pwm.obj (.text:PWMGenPeriodSet)
                  000091f0    00000010     sysbios.aem4f : BIOS.obj (.text:ti_sysbios_BIOS_setThreadType__E)
                  00009200    00000010                   : BIOS.obj (.text:ti_sysbios_BIOS_start__E)
                  00009210    00000010                   : m3_TaskSupport_asm.obj (.text:ti_sysbios_family_arm_m3_TaskSupport_glue)
                  00009220    00000010                   : BIOS.obj (.text:ti_sysbios_gates_GateMutex_Instance_finalize__E)
                  00009230    00000010                   : BIOS.obj (.text:ti_sysbios_knl_Semaphore_Instance_finalize__E)
                  00009240    00000010                   : BIOS.obj (.text:ti_sysbios_knl_Swi_disable__E)
                  00009250    00000010     rtos_pem4f.oem4f (.text:ti_sysbios_knl_Task_Object__get__S)
                  00009260    00000010     sysbios.aem4f : BIOS.obj (.text:ti_sysbios_knl_Task_disable__E)
                  00009270    00000010     ti.targets.arm.rtsarm.aem4f : Gate.oem4f (.text:xdc_runtime_Gate_leaveSystem__E)
                  00009280    00000010                                 : Memory.oem4f (.text:xdc_runtime_Memory_free__E)
                  00009290    00000010                                 : SysMin.oem4f (.text:xdc_runtime_SysMin_ready__E)
                  000092a0    00000010                                 : System.oem4f (.text:xdc_runtime_System_vsnprintf__E)
                  000092b0    00000010     rtos_pem4f.oem4f (.text:xdc_runtime_Text_visitRope__I)
                  000092c0    0000000e     driverlib.lib : adc.obj (.text:ADCSequenceDisable)
                  000092ce    0000000e                   : adc.obj (.text:ADCSequenceEnable)
                  000092dc    0000000e     rtsv7M4_T_le_v4SPD16_eabi.lib : copy_decompress_none.c.obj (.text:decompress:none:__TI_decompress_none)
                  000092ea    00000006     --HOLE-- [fill = 0]
                  000092f0    0000000e     sysbios.aem4f : BIOS.obj (.text:ti_sysbios_knl_Idle_loop__E)
                  000092fe    00000002     --HOLE-- [fill = 0]
                  00009300    0000000e                   : BIOS.obj (.text:ti_sysbios_knl_Queue_empty__E)
                  0000930e    0000000c     driverlib.lib : cpu.obj (.text:CPUcpsid)
                  0000931a    0000000c                   : cpu.obj (.text:CPUcpsie)
                  00009326    00000002     --HOLE-- [fill = 0]
                  00009328    0000000c     HAL_EK_TM4C1294XL_Crystalfontz128x128_ST7735.obj (.text:HAL_LCD_writeData)
                  00009334    0000000c     driverlib.lib : pwm.obj (.text:PWMGenEnable)
                  00009340    0000000c     rtsv7M4_T_le_v4SPD16_eabi.lib : _lock.c.obj (.text:_register_lock)
                  0000934c    0000000c                                   : _lock.c.obj (.text:_register_unlock)
                  00009358    0000000c     main.obj (.text:clock0_task)
                  00009364    0000000c     rtsv7M4_T_le_v4SPD16_eabi.lib : copy_zero_init.c.obj (.text:decompress:ZI:__TI_zero_init)
                  00009370    0000000c     sysbios.aem4f : BIOS.obj (.text:ti_sysbios_family_arm_lm4_Timer_getMaxTicks__E)
                  0000937c    00000004     --HOLE-- [fill = 0]
                  00009380    0000000c                   : BIOS.obj (.text:ti_sysbios_family_arm_m3_TaskSupport_checkStack__E)
                  0000938c    00000004     --HOLE-- [fill = 0]
                  00009390    0000000c                   : BIOS.obj (.text:ti_sysbios_gates_GateHwi_enter__E)
                  0000939c    00000004     --HOLE-- [fill = 0]
                  000093a0    0000000c     rtos_pem4f.oem4f (.text:ti_sysbios_knl_Queue_Object__get__S)
                  000093ac    0000000c     ti.targets.arm.rtsarm.aem4f : Error.oem4f (.text:xdc_runtime_Error_init__E)
                  000093b8    0000000c                                 : Gate.oem4f (.text:xdc_runtime_Gate_enterSystem__E)
                  000093c4    0000000c                                 : Memory.oem4f (.text:xdc_runtime_Memory_calloc__E)
                  000093d0    0000000c                                 : Memory.oem4f (.text:xdc_runtime_Memory_getMaxDefaultTypeAlign__E)
                  000093dc    0000000a     driverlib.lib : adc.obj (.text:ADCIntClear)
                  000093e6    0000000a                   : ssi.obj (.text:SSIDataPut)
                  000093f0    0000000a                   : ssi.obj (.text:SSIEnable)
                  000093fa    00000006     --HOLE-- [fill = 0]
                  00009400    0000000a     rtos_pem4f.oem4f (.text:xdc_runtime_IHeap_alloc)
                  0000940a    00000006     --HOLE-- [fill = 0]
                  00009410    0000000a     rtos_pem4f.oem4f (.text:xdc_runtime_IHeap_free)
                  0000941a    00000008     grlib.lib : charmap.obj (.text:GrMapISO8859_1_Unicode)
                  00009422    00000008     driverlib.lib : ssi.obj (.text:SSIBusy)
                  0000942a    00000002     --HOLE-- [fill = 0]
                  0000942c    00000008     rtsv7M4_T_le_v4SPD16_eabi.lib : errno.c.obj (.text:__aeabi_errno_addr)
                  00009434    00000008     sysbios.aem4f : BIOS.obj (.text:ti_sysbios_family_arm_lm4_Timer_masterDisable__I)
                  0000943c    00000004     --HOLE-- [fill = 0]
                  00009440    00000008                   : BIOS.obj (.text:ti_sysbios_family_arm_m3_Hwi_doSwiRestore__I)
                  00009448    00000008                   : BIOS.obj (.text:ti_sysbios_family_arm_m3_Hwi_startup__E)
                  00009450    00000006     kiss_fft.obj (.text:kiss_fft)
                  00009456    00000002     --HOLE-- [fill = 0]
                  00009458    00000006     sysbios.aem4f : BIOS.obj (.text:ti_sysbios_family_arm_lm4_TimestampProvider_Module_startup__E)
                  0000945e    00000002     --HOLE-- [fill = 0]
                  00009460    00000006                   : BIOS.obj (.text:ti_sysbios_family_arm_m3_Hwi_doTaskRestore__I)
                  00009466    00000002     --HOLE-- [fill = 0]
                  00009468    00000006                   : BIOS.obj (.text:ti_sysbios_gates_GateHwi_leave__E)
                  0000946e    00000002     --HOLE-- [fill = 0]
                  00009470    00000006                   : BIOS.obj (.text:ti_sysbios_heaps_HeapMem_isBlocking__E)
                  00009476    00000002     --HOLE-- [fill = 0]
                  00009478    00000006                   : BIOS.obj (.text:ti_sysbios_knl_Queue_Instance_init__E)
                  0000947e    00000002     --HOLE-- [fill = 0]
                  00009480    00000006                   : BIOS.obj (.text:ti_sysbios_knl_Swi_startup__E)
                  00009486    00000002     --HOLE-- [fill = 0]
                  00009488    00000004     rtos_pem4f.oem4f (.text:ti_sysbios_BIOS_RtsGateProxy_enter__E)
                  0000948c    00000004     --HOLE-- [fill = 0]
                  00009490    00000004     rtos_pem4f.oem4f (.text:ti_sysbios_BIOS_RtsGateProxy_leave__E)
                  00009494    00000004     --HOLE-- [fill = 0]
                  00009498    00000004     rtos_pem4f.oem4f (.text:ti_sysbios_family_arm_m3_TaskSupport_Module__startupDone__S)
                  0000949c    00000004     --HOLE-- [fill = 0]
                  000094a0    00000004     sysbios.aem4f : BIOS.obj (.text:ti_sysbios_gates_GateHwi_query__E)
                  000094a4    00000004     --HOLE-- [fill = 0]
                  000094a8    00000004                   : BIOS.obj (.text:ti_sysbios_gates_GateMutex_query__E)
                  000094ac    00000004     --HOLE-- [fill = 0]
                  000094b0    00000004     rtos_pem4f.oem4f (.text:ti_sysbios_heaps_HeapMem_Module_GateProxy_enter__E)
                  000094b4    00000004     --HOLE-- [fill = 0]
                  000094b8    00000004     rtos_pem4f.oem4f (.text:ti_sysbios_heaps_HeapMem_Module_GateProxy_leave__E)
                  000094bc    00000004     --HOLE-- [fill = 0]
                  000094c0    00000004     rtos_pem4f.oem4f (.text:ti_sysbios_knl_Clock_TimerProxy_getMaxTicks__E)
                  000094c4    00000004     --HOLE-- [fill = 0]
                  000094c8    00000004     rtos_pem4f.oem4f (.text:ti_sysbios_knl_Queue_destruct)
                  000094cc    00000004     --HOLE-- [fill = 0]
                  000094d0    00000004     rtos_pem4f.oem4f (.text:ti_sysbios_knl_Semaphore_destruct)
                  000094d4    00000004     --HOLE-- [fill = 0]
                  000094d8    00000004     sysbios.aem4f : BIOS.obj (.text:ti_sysbios_knl_Task_startup__E)
                  000094dc    00000004     --HOLE-- [fill = 0]
                  000094e0    00000004     rtos_pem4f.oem4f (.text:xdc_runtime_System_Module_GateProxy_enter__E)
                  000094e4    00000004     --HOLE-- [fill = 0]
                  000094e8    00000004     rtos_pem4f.oem4f (.text:xdc_runtime_System_Module_GateProxy_leave__E)
                  000094ec    00000004     --HOLE-- [fill = 0]
                  000094f0    00000002     rtos_pem4f.oem4f (.text:ti_sysbios_BIOS_nullFunc__I)
                  000094f2    00000006     --HOLE-- [fill = 0]
                  000094f8    00000002     sysbios.aem4f : BIOS.obj (.text:ti_sysbios_gates_GateHwi_Instance_init__E)
                  000094fa    00000006     --HOLE-- [fill = 0]
                  00009500    00000002                   : BIOS.obj (.text:ti_sysbios_knl_Clock_logTick__E)
                  00009502    00000006     --HOLE-- [fill = 0]
                  00009508    00000002     rtos_pem4f.oem4f (.text:xdc_runtime_Startup_reset__I)

.const     0    00009510    0000265d     
                  00009510    000019ac     rtos_pem4f.oem4f (.const:xdc_runtime_Text_charTab__A)
                  0000aebc    000002f8     grlib.lib : fontfixed6x8.obj (.const:.string:g_pui8FontFixed6x8Data)
                  0000b1b4    00000004     rtos_pem4f.oem4f (.const:ti_catalog_arm_cortexm4_tiva_ce_Boot_A_mustNotUseEnhancedClockMode__C)
                  0000b1b8    00000158     rtsv7M4_T_le_v4SPD16_eabi.lib : k_rem_pio2.c.obj (.const:$O1$$)
                  0000b310    00000120     Boot.aem4f : Boot_sysctl.oem4f (.const:g_pppui32XTALtoVCO)
                  0000b430    000000c8     grlib.lib : fontfixed6x8.obj (.const:g_sFontFixed6x8)
                  0000b4f8    000000c8     rtos_pem4f.oem4f (.const:xdc_runtime_Text_nodeTab__A)
                  0000b5c0    00000090     driverlib.lib : gpio.obj (.const:g_pui32GPIOBaseAddrs)
                  0000b650    0000006c     Boot.aem4f : Boot_sysctl.oem4f (.const:g_pui32Xtals)
                  0000b6bc    00000048     rtos_pem4f.oem4f (.const:.string)
                  0000b704    00000030     Boot.aem4f : Boot_sysctl.oem4f (.const:g_sXTALtoMEMTIM)
                  0000b734    00000030     rtos_pem4f.oem4f (.const)
                  0000b764    00000028     Crystalfontz128x128_ST7735.obj (.const:g_sCrystalfontz128x128)
                  0000b78c    00000028     rtos_pem4f.oem4f (.const:ti_sysbios_heaps_HeapMem_Module__FXNS__C)
                  0000b7b4    00000028     rtos_pem4f.oem4f (.const:xdc_runtime_Startup_sfxnTab__A)
                  0000b7dc    00000024     rtos_pem4f.oem4f (.const:ti_sysbios_gates_GateHwi_Module__FXNS__C)
                  0000b800    00000024     rtos_pem4f.oem4f (.const:ti_sysbios_gates_GateMutex_Module__FXNS__C)
                  0000b824    00000024     rtos_pem4f.oem4f (.const:ti_sysbios_heaps_HeapMem_Object__PARAMS__C)
                  0000b848    00000024     rtos_pem4f.oem4f (.const:ti_sysbios_knl_Semaphore_Object__PARAMS__C)
                  0000b86c    00000020     rtos_pem4f.oem4f (.const:ti_sysbios_gates_GateHwi_Object__DESC__C)
                  0000b88c    00000020     rtos_pem4f.oem4f (.const:ti_sysbios_gates_GateMutex_Object__DESC__C)
                  0000b8ac    00000020     rtos_pem4f.oem4f (.const:ti_sysbios_heaps_HeapMem_Object__DESC__C)
                  0000b8cc    00000020     rtos_pem4f.oem4f (.const:ti_sysbios_knl_Queue_Object__DESC__C)
                  0000b8ec    00000020     rtos_pem4f.oem4f (.const:ti_sysbios_knl_Semaphore_Object__DESC__C)
                  0000b90c    00000018     rtos_pem4f.oem4f (.const:ti_sysbios_gates_GateHwi_Object__PARAMS__C)
                  0000b924    00000018     rtos_pem4f.oem4f (.const:ti_sysbios_gates_GateMutex_Object__PARAMS__C)
                  0000b93c    00000018     rtos_pem4f.oem4f (.const:ti_sysbios_knl_Queue_Object__PARAMS__C)
                  0000b954    00000018     rtos_pem4f.oem4f (.const:xdc_runtime_Startup_firstFxns__A)
                  0000b96c    00000014     rtos_pem4f.oem4f (.const:xdc_runtime_Startup_sfxnRts__A)
                  0000b980    00000010     grlib.lib : context.obj (.const)
                  0000b990    00000008     Boot.aem4f : Boot_sysctl.oem4f (.const)
                  0000b998    00000008     rtos_pem4f.oem4f (.const:ti_sysbios_family_arm_m3_Hwi_excHookFuncs__A)
                  0000b9a0    00000008     rtos_pem4f.oem4f (.const:ti_sysbios_knl_Idle_funcList__C)
                  0000b9a8    00000008     rtos_pem4f.oem4f (.const:xdc_runtime_Startup_firstFxns__C)
                  0000b9b0    00000008     rtos_pem4f.oem4f (.const:xdc_runtime_Startup_lastFxns__C)
                  0000b9b8    00000004     rtos_pem4f.oem4f (.const:ti_catalog_arm_cortexm4_tiva_ce_Boot_Module__diagsEnabled__C)
                  0000b9bc    00000004     rtos_pem4f.oem4f (.const:ti_catalog_arm_cortexm4_tiva_ce_Boot_Module__diagsIncluded__C)
                  0000b9c0    00000004     rtos_pem4f.oem4f (.const:ti_catalog_arm_cortexm4_tiva_ce_Boot_Module__diagsMask__C)
                  0000b9c4    00000004     rtos_pem4f.oem4f (.const:ti_sysbios_family_arm_lm4_Timer_enableFunc__C)
                  0000b9c8    00000004     rtos_pem4f.oem4f (.const:ti_sysbios_family_arm_lm4_Timer_numTimerDevices__C)
                  0000b9cc    00000004     rtos_pem4f.oem4f (.const:ti_sysbios_family_arm_lm4_Timer_startupNeeded__C)
                  0000b9d0    00000004     rtos_pem4f.oem4f (.const:ti_sysbios_family_arm_lm4_TimestampProvider_Module__diagsEnabled__C)
                  0000b9d4    00000004     rtos_pem4f.oem4f (.const:ti_sysbios_family_arm_lm4_TimestampProvider_Module__diagsIncluded__C)
                  0000b9d8    00000004     rtos_pem4f.oem4f (.const:ti_sysbios_family_arm_lm4_TimestampProvider_Module__diagsMask__C)
                  0000b9dc    00000004     rtos_pem4f.oem4f (.const:ti_sysbios_family_arm_m3_Hwi_E_NMI__C)
                  0000b9e0    00000004     rtos_pem4f.oem4f (.const:ti_sysbios_family_arm_m3_Hwi_E_busFault__C)
                  0000b9e4    00000004     rtos_pem4f.oem4f (.const:ti_sysbios_family_arm_m3_Hwi_E_debugMon__C)
                  0000b9e8    00000004     rtos_pem4f.oem4f (.const:ti_sysbios_family_arm_m3_Hwi_E_hardFault__C)
                  0000b9ec    00000004     rtos_pem4f.oem4f (.const:ti_sysbios_family_arm_m3_Hwi_E_memFault__C)
                  0000b9f0    00000004     rtos_pem4f.oem4f (.const:ti_sysbios_family_arm_m3_Hwi_E_noIsr__C)
                  0000b9f4    00000004     rtos_pem4f.oem4f (.const:ti_sysbios_family_arm_m3_Hwi_E_reserved__C)
                  0000b9f8    00000004     rtos_pem4f.oem4f (.const:ti_sysbios_family_arm_m3_Hwi_E_svCall__C)
                  0000b9fc    00000004     rtos_pem4f.oem4f (.const:ti_sysbios_family_arm_m3_Hwi_E_usageFault__C)
                  0000ba00    00000004     rtos_pem4f.oem4f (.const:ti_sysbios_family_arm_m3_Hwi_NUM_INTERRUPTS__C)
                  0000ba04    00000004     rtos_pem4f.oem4f (.const:ti_sysbios_family_arm_m3_Hwi_Object__count__C)
                  0000ba08    00000004     rtos_pem4f.oem4f (.const:ti_sysbios_family_arm_m3_Hwi_ccr__C)
                  0000ba0c    00000004     rtos_pem4f.oem4f (.const:ti_sysbios_family_arm_m3_Hwi_excHandlerFunc__C)
                  0000ba10    00000004     rtos_pem4f.oem4f (.const:ti_sysbios_family_arm_m3_Hwi_excHookFuncs__C)
                  0000ba14    00000004     rtos_pem4f.oem4f (.const:ti_sysbios_family_arm_m3_Hwi_nullIsrFunc__C)
                  0000ba18    00000004     rtos_pem4f.oem4f (.const:ti_sysbios_family_arm_m3_Hwi_priGroup__C)
                  0000ba1c    00000004     rtos_pem4f.oem4f (.const:ti_sysbios_gates_GateMutex_A_badContext__C)
                  0000ba20    00000004     rtos_pem4f.oem4f (.const:ti_sysbios_gates_GateMutex_Instance_State_sem__O)
                  0000ba24    00000004     rtos_pem4f.oem4f (.const:ti_sysbios_gates_GateMutex_Module__diagsEnabled__C)
                  0000ba28    00000004     rtos_pem4f.oem4f (.const:ti_sysbios_gates_GateMutex_Module__diagsIncluded__C)
                  0000ba2c    00000004     rtos_pem4f.oem4f (.const:ti_sysbios_gates_GateMutex_Module__diagsMask__C)
                  0000ba30    00000004     rtos_pem4f.oem4f (.const:ti_sysbios_hal_Hwi_E_stackOverflow__C)
                  0000ba34    00000004     rtos_pem4f.oem4f (.const:ti_sysbios_heaps_HeapMem_A_align__C)
                  0000ba38    00000004     rtos_pem4f.oem4f (.const:ti_sysbios_heaps_HeapMem_A_heapSize__C)
                  0000ba3c    00000004     rtos_pem4f.oem4f (.const:ti_sysbios_heaps_HeapMem_A_invalidFree__C)
                  0000ba40    00000004     rtos_pem4f.oem4f (.const:ti_sysbios_heaps_HeapMem_A_zeroBlock__C)
                  0000ba44    00000004     rtos_pem4f.oem4f (.const:ti_sysbios_heaps_HeapMem_E_memory__C)
                  0000ba48    00000004     rtos_pem4f.oem4f (.const:ti_sysbios_heaps_HeapMem_Module__diagsEnabled__C)
                  0000ba4c    00000004     rtos_pem4f.oem4f (.const:ti_sysbios_heaps_HeapMem_Module__diagsIncluded__C)
                  0000ba50    00000004     rtos_pem4f.oem4f (.const:ti_sysbios_heaps_HeapMem_Module__diagsMask__C)
                  0000ba54    00000004     rtos_pem4f.oem4f (.const:ti_sysbios_heaps_HeapMem_Module__gateObj__C)
                  0000ba58    00000004     rtos_pem4f.oem4f (.const:ti_sysbios_heaps_HeapMem_Object__count__C)
                  0000ba5c    00000004     rtos_pem4f.oem4f (.const:ti_sysbios_heaps_HeapMem_reqAlign__C)
                  0000ba60    00000004     rtos_pem4f.oem4f (.const:ti_sysbios_knl_Clock_Module_State_clockQ__O)
                  0000ba64    00000004     rtos_pem4f.oem4f (.const:ti_sysbios_knl_Idle_funcList__A)
                  0000ba68    00000004     rtos_pem4f.oem4f (.const:ti_sysbios_knl_Mailbox_Instance_State_dataQue__O)
                  0000ba6c    00000004     rtos_pem4f.oem4f (.const:ti_sysbios_knl_Mailbox_Instance_State_dataSem__O)
                  0000ba70    00000004     rtos_pem4f.oem4f (.const:ti_sysbios_knl_Mailbox_Instance_State_freeQue__O)
                  0000ba74    00000004     rtos_pem4f.oem4f (.const:ti_sysbios_knl_Mailbox_Instance_State_freeSem__O)
                  0000ba78    00000004     rtos_pem4f.oem4f (.const:ti_sysbios_knl_Mailbox_Object__count__C)
                  0000ba7c    00000004     rtos_pem4f.oem4f (.const:ti_sysbios_knl_Mailbox_maxTypeAlign__C)
                  0000ba80    00000004     rtos_pem4f.oem4f (.const:ti_sysbios_knl_Semaphore_A_badContext__C)
                  0000ba84    00000004     rtos_pem4f.oem4f (.const:ti_sysbios_knl_Semaphore_A_noEvents__C)
                  0000ba88    00000004     rtos_pem4f.oem4f (.const:ti_sysbios_knl_Semaphore_A_overflow__C)
                  0000ba8c    00000004     rtos_pem4f.oem4f (.const:ti_sysbios_knl_Semaphore_A_pendTaskDisabled__C)
                  0000ba90    00000004     rtos_pem4f.oem4f (.const:ti_sysbios_knl_Semaphore_Instance_State_pendQ__O)
                  0000ba94    00000004     rtos_pem4f.oem4f (.const:ti_sysbios_knl_Semaphore_Module__diagsEnabled__C)
                  0000ba98    00000004     rtos_pem4f.oem4f (.const:ti_sysbios_knl_Semaphore_Module__diagsIncluded__C)
                  0000ba9c    00000004     rtos_pem4f.oem4f (.const:ti_sysbios_knl_Semaphore_Module__diagsMask__C)
                  0000baa0    00000004     rtos_pem4f.oem4f (.const:ti_sysbios_knl_Swi_Object__count__C)
                  0000baa4    00000004     rtos_pem4f.oem4f (.const:ti_sysbios_knl_Task_E_spOutOfBounds__C)
                  0000baa8    00000004     rtos_pem4f.oem4f (.const:ti_sysbios_knl_Task_E_stackOverflow__C)
                  0000baac    00000004     rtos_pem4f.oem4f (.const:ti_sysbios_knl_Task_Module_State_inactiveQ__O)
                  0000bab0    00000004     rtos_pem4f.oem4f (.const:ti_sysbios_knl_Task_Object__count__C)
                  0000bab4    00000004     rtos_pem4f.oem4f (.const:ti_sysbios_knl_Task_allBlockedFunc__C)
                  0000bab8    00000004     rtos_pem4f.oem4f (.const:ti_sysbios_knl_Task_numConstructedTasks__C)
                  0000babc    00000004     rtos_pem4f.oem4f (.const:xdc_runtime_Assert_E_assertFailed__C)
                  0000bac0    00000004     rtos_pem4f.oem4f (.const:xdc_runtime_Core_A_initializedParams__C)
                  0000bac4    00000004     rtos_pem4f.oem4f (.const:xdc_runtime_Core_Module__diagsEnabled__C)
                  0000bac8    00000004     rtos_pem4f.oem4f (.const:xdc_runtime_Core_Module__diagsIncluded__C)
                  0000bacc    00000004     rtos_pem4f.oem4f (.const:xdc_runtime_Core_Module__diagsMask__C)
                  0000bad0    00000004     rtos_pem4f.oem4f (.const:xdc_runtime_Error_E_memory__C)
                  0000bad4    00000004     rtos_pem4f.oem4f (.const:xdc_runtime_Error_Module__diagsEnabled__C)
                  0000bad8    00000004     rtos_pem4f.oem4f (.const:xdc_runtime_Error_Module__diagsIncluded__C)
                  0000badc    00000004     rtos_pem4f.oem4f (.const:xdc_runtime_Error_Module__diagsMask__C)
                  0000bae0    00000004     rtos_pem4f.oem4f (.const:xdc_runtime_Error_Module__loggerFxn8__C)
                  0000bae4    00000004     rtos_pem4f.oem4f (.const:xdc_runtime_Error_Module__loggerObj__C)
                  0000bae8    00000004     rtos_pem4f.oem4f (.const:xdc_runtime_Error_policyFxn__C)
                  0000baec    00000004     rtos_pem4f.oem4f (.const:xdc_runtime_Error_raiseHook__C)
                  0000baf0    00000004     rtos_pem4f.oem4f (.const:xdc_runtime_IGateProvider_Interface__BASE__C)
                  0000baf4    00000004     rtos_pem4f.oem4f (.const:xdc_runtime_IHeap_Interface__BASE__C)
                  0000baf8    00000004     rtos_pem4f.oem4f (.const:xdc_runtime_IModule_Interface__BASE__C)
                  0000bafc    00000004     rtos_pem4f.oem4f (.const:xdc_runtime_Log_L_error__C)
                  0000bb00    00000004     rtos_pem4f.oem4f (.const:xdc_runtime_Memory_defaultHeapInstance__C)
                  0000bb04    00000004     rtos_pem4f.oem4f (.const:xdc_runtime_Startup_execImpl__C)
                  0000bb08    00000004     rtos_pem4f.oem4f (.const:xdc_runtime_Startup_maxPasses__C)
                  0000bb0c    00000004     rtos_pem4f.oem4f (.const:xdc_runtime_Startup_sfxnRts__C)
                  0000bb10    00000004     rtos_pem4f.oem4f (.const:xdc_runtime_Startup_sfxnTab__C)
                  0000bb14    00000004     rtos_pem4f.oem4f (.const:xdc_runtime_SysMin_bufSize__C)
                  0000bb18    00000004     rtos_pem4f.oem4f (.const:xdc_runtime_SysMin_outputFunc__C)
                  0000bb1c    00000004     rtos_pem4f.oem4f (.const:xdc_runtime_System_Module__gateObj__C)
                  0000bb20    00000004     rtos_pem4f.oem4f (.const:xdc_runtime_System_abortFxn__C)
                  0000bb24    00000004     rtos_pem4f.oem4f (.const:xdc_runtime_System_exitFxn__C)
                  0000bb28    00000004     rtos_pem4f.oem4f (.const:xdc_runtime_System_extendFxn__C)
                  0000bb2c    00000004     rtos_pem4f.oem4f (.const:xdc_runtime_System_maxAtexitHandlers__C)
                  0000bb30    00000004     rtos_pem4f.oem4f (.const:xdc_runtime_Text_charTab__C)
                  0000bb34    00000004     rtos_pem4f.oem4f (.const:xdc_runtime_Text_nameEmpty__C)
                  0000bb38    00000004     rtos_pem4f.oem4f (.const:xdc_runtime_Text_nameStatic__C)
                  0000bb3c    00000004     rtos_pem4f.oem4f (.const:xdc_runtime_Text_nameUnknown__C)
                  0000bb40    00000004     rtos_pem4f.oem4f (.const:xdc_runtime_Text_nodeTab__C)
                  0000bb44    00000004     rtos_pem4f.oem4f (.const:xdc_runtime_Text_visitRopeFxn__C)
                  0000bb48    00000002     rtos_pem4f.oem4f (.const:ti_catalog_arm_cortexm4_tiva_ce_Boot_Module__id__C)
                  0000bb4a    00000002     rtos_pem4f.oem4f (.const:ti_sysbios_family_arm_lm4_TimestampProvider_Module__id__C)
                  0000bb4c    00000002     rtos_pem4f.oem4f (.const:ti_sysbios_family_arm_lm4_TimestampProvider_useClockTimer__C)
                  0000bb4e    00000002     rtos_pem4f.oem4f (.const:ti_sysbios_family_arm_m3_Hwi_Module__id__C)
                  0000bb50    00000002     rtos_pem4f.oem4f (.const:ti_sysbios_gates_GateMutex_Module__id__C)
                  0000bb52    00000002     rtos_pem4f.oem4f (.const:ti_sysbios_hal_Hwi_Module__id__C)
                  0000bb54    00000002     rtos_pem4f.oem4f (.const:ti_sysbios_heaps_HeapMem_Module__id__C)
                  0000bb56    00000002     rtos_pem4f.oem4f (.const:ti_sysbios_knl_Semaphore_Module__id__C)
                  0000bb58    00000002     rtos_pem4f.oem4f (.const:ti_sysbios_knl_Task_Module__id__C)
                  0000bb5a    00000002     rtos_pem4f.oem4f (.const:xdc_runtime_Core_Module__id__C)
                  0000bb5c    00000002     rtos_pem4f.oem4f (.const:xdc_runtime_Error_Module__loggerDefined__C)
                  0000bb5e    00000002     rtos_pem4f.oem4f (.const:xdc_runtime_Error_maxDepth__C)
                  0000bb60    00000002     rtos_pem4f.oem4f (.const:xdc_runtime_Memory_Module__id__C)
                  0000bb62    00000002     rtos_pem4f.oem4f (.const:xdc_runtime_SysMin_flushAtExit__C)
                  0000bb64    00000002     rtos_pem4f.oem4f (.const:xdc_runtime_Text_charCnt__C)
                  0000bb66    00000002     rtos_pem4f.oem4f (.const:xdc_runtime_Text_isLoaded__C)
                  0000bb68    00000002     rtos_pem4f.oem4f (.const:xdc_runtime_Text_registryModsLastId__C)
                  0000bb6a    00000002     rtos_pem4f.oem4f (.const:xdc_runtime_Text_unnamedModsLastId__C)
                  0000bb6c    00000001     rtos_pem4f.oem4f (.const:xdc_runtime_Error_policy__C)

.cinit     0    0000bb70    000002d0     
                  0000bb70    00000296     (.cinit..data.load) [load image, compression = lzss]
                  0000be06    00000002     --HOLE-- [fill = 0]
                  0000be08    0000000c     (__TI_handler_table)
                  0000be14    00000004     --HOLE-- [fill = 0]
                  0000be18    00000008     (.cinit..bss.load) [load image, compression = zero_init]
                  0000be20    00000008     (.cinit..vecs.load) [load image, compression = zero_init]
                  0000be28    00000018     (__TI_cinit_table)

.init_array 
*          0    00000000    00000000     UNINITIALIZED

.resetVecs 
*          0    00000000    0000003c     
                  00000000    0000003c     rtos_pem4f.oem4f (.resetVecs)

.bss       0    20000360    0000994e     UNINITIALIZED
                  20000360    00002108     main.obj (.bss:kiss_fft_cfg_buffer)
                  20002468    00002000     main.obj (.bss:in)
                  20004468    00002000     main.obj (.bss:out)
                  20006468    00001200     rtos_pem4f.oem4f (.bss:taskStackSection)
                  20007668    00001000     (.common:gADCBuffer)
                  20008668    00000800     (.common:fft_sample)
                  20008e68    00000400     (.common:ti_sysbios_heaps_HeapMem_Instance_State_0_buf__A)
                  20009268    00000360     (.common:ti_sysbios_family_arm_m3_Hwi_dispatchTable)
                  200095c8    00000200     (.common:displayBuffer)
                  200097c8    00000200     (.common:out_db)
                  200099c8    00000120     rtsv7M4_T_le_v4SPD16_eabi.lib : trgmsg.c.obj (.bss:_CIOBUF_)
                  20009ae8    00000100     (.common:sample)
                  20009be8    00000080     (.common:xdc_runtime_SysMin_Module_State_0_outbuf__A)
                  20009c68    00000014     buttons.obj (.bss:state$1)
                  20009c7c    00000004     (.common:cfg)
                  20009c80    00000010     (.common:ti_sysbios_knl_Mailbox_Instance_State_0_allocBuf__A)
                  20009c90    00000008     (.common:parmbuf)
                  20009c98    00000004     (.common:fScale)
                  20009c9c    00000004     (.common:gADCSamplingRate)
                  20009ca0    00000004     (.common:g_psGrLibDefaults)
                  20009ca4    00000002     (.common:Lcd_ScreenHeigth)
                  20009ca6    00000002     (.common:Lcd_ScreenWidth)
                  20009ca8    00000002     (.common:Lcd_TouchTrim)
                  20009caa    00000001     (.common:Lcd_FlagRead)
                  20009cab    00000001     (.common:Lcd_FontSolid)
                  20009cac    00000001     (.common:Lcd_Orientation)
                  20009cad    00000001     (.common:Lcd_PenSolid)

.data      0    20009cb0    0000869e     UNINITIALIZED
                  20009cb0    00008000     Crystalfontz128x128_ST7735.obj (.data:Lcd_buffer)
                  20011cb0    000001c8     rtos_pem4f.oem4f (.data:ti_sysbios_knl_Task_Object__table__V)
                  20011e78    00000080     rtos_pem4f.oem4f (.data:ti_sysbios_knl_Swi_Module_State_0_readyQ__A)
                  20011ef8    00000080     rtos_pem4f.oem4f (.data:ti_sysbios_knl_Task_Module_State_0_readyQ__A)
                  20011f78    00000050     rtos_pem4f.oem4f (.data:ti_sysbios_knl_Mailbox_Object__table__V)
                  20011fc8    00000050     rtos_pem4f.oem4f (.data:ti_sysbios_knl_Semaphore_Object__table__V)
                  20012018    00000044     rtos_pem4f.oem4f (.data:ti_sysbios_knl_Task_Module__state__V)
                  2001205c    00000040     rtos_pem4f.oem4f (.data:ti_sysbios_family_arm_lm4_Timer_Module_State_0_device__A)
                  2001209c    00000040     rtos_pem4f.oem4f (.data:ti_sysbios_family_arm_lm4_Timer_Object__table__V)
                  200120dc    00000038     rtos_pem4f.oem4f (.data:ti_sysbios_gates_GateMutex_Object__table__V)
                  20012114    00000034     rtos_pem4f.oem4f (.data:ti_sysbios_family_arm_m3_Hwi_Module__state__V)
                  20012148    00000030     rtos_pem4f.oem4f (.data:ti_sysbios_family_arm_m3_Hwi_Object__table__V)
                  20012178    00000030     rtos_pem4f.oem4f (.data:ti_sysbios_knl_Swi_Object__table__V)
                  200121a8    0000002c     rtos_pem4f.oem4f (.data:ti_sysbios_knl_Clock_Module__state__V)
                  200121d4    00000024     buttons.obj (.data:count$2)
                  200121f8    00000024     rtos_pem4f.oem4f (.data:ti_sysbios_BIOS_Module__state__V)
                  2001221c    00000020     rtos_pem4f.oem4f (.data:ti_sysbios_family_arm_lm4_Timer_Module_State_0_handles__A)
                  2001223c    00000020     rtos_pem4f.oem4f (.data:ti_sysbios_knl_Clock_Object__table__V)
                  2001225c    0000001c     rtos_pem4f.oem4f (.data:ti_sysbios_knl_Swi_Module__state__V)
                  20012278    00000018     rtos_pem4f.oem4f (.data:ti_sysbios_heaps_HeapMem_Object__table__V)
                  20012290    00000010     main.obj (.data)
                  200122a0    0000000e     buttons.obj (.data)
                  200122ae    00000002     rtos_pem4f.oem4f (.data:ti_sysbios_family_arm_m3_Hwi_Module_State_0_excActive__A)
                  200122b0    0000000c     rtos_pem4f.oem4f (.data:ti_sysbios_family_arm_lm4_Timer_Module__state__V)
                  200122bc    0000000c     rtos_pem4f.oem4f (.data:xdc_runtime_SysMin_Module__state__V)
                  200122c8    00000008     rtsv7M4_T_le_v4SPD16_eabi.lib : _lock.c.obj (.data:$O1$$)
                  200122d0    00000008     buttons.obj (.data:gJoystick)
                  200122d8    00000008     sampling.obj (.data)
                  200122e0    00000008     rtos_pem4f.oem4f (.data:ti_sysbios_family_arm_lm4_TimestampProvider_Module__state__V)
                  200122e8    00000008     rtos_pem4f.oem4f (.data:ti_sysbios_gates_GateHwi_Module__root__V)
                  200122f0    00000008     rtos_pem4f.oem4f (.data:ti_sysbios_gates_GateMutex_Module__root__V)
                  200122f8    00000008     rtos_pem4f.oem4f (.data:ti_sysbios_heaps_HeapMem_Module__root__V)
                  20012300    00000008     rtos_pem4f.oem4f (.data:ti_sysbios_knl_Queue_Module__root__V)
                  20012308    00000008     rtos_pem4f.oem4f (.data:ti_sysbios_knl_Semaphore_Module__root__V)
                  20012310    00000008     rtos_pem4f.oem4f (.data:xdc_runtime_Registry_Module__state__V)
                  20012318    00000008     rtos_pem4f.oem4f (.data:xdc_runtime_Startup_Module__state__V)
                  20012320    00000008     rtos_pem4f.oem4f (.data:xdc_runtime_System_Module_State_0_atexitHandlers__A)
                  20012328    00000008     rtos_pem4f.oem4f (.data:xdc_runtime_System_Module__state__V)
                  20012330    00000004     rtsv7M4_T_le_v4SPD16_eabi.lib : errno.c.obj (.data)
                  20012334    00000004                                   : stkdepth_vars.c.obj (.data)
                  20012338    00000004     rtos_pem4f.oem4f (.data:ti_sysbios_family_arm_m3_Hwi_Module_State_0_excContext__A)
                  2001233c    00000004     rtos_pem4f.oem4f (.data:ti_sysbios_family_arm_m3_Hwi_Module_State_0_excStack__A)
                  20012340    00000004     rtos_pem4f.oem4f (.data:ti_sysbios_gates_GateHwi_Object__table__V)
                  20012344    00000004     rtos_pem4f.oem4f (.data:ti_sysbios_knl_Task_Module_State_0_idleTask__A)
                  20012348    00000004     rtos_pem4f.oem4f (.data:xdc_runtime_Memory_Module__state__V)
                  2001234c    00000002     rtos_pem4f.oem4f (.data:xdc_runtime_Error_Module__state__V)

.stack     0    20012350    00000300     UNINITIALIZED
                  20012350    00000300     --HOLE--

.bootVecs 
*          0    00000000    00000008     DSECT
                  00000000    00000008     boot.aem4f : boot.oem4f (.bootVecs)

.vecs      0    20000000    00000360     UNINITIALIZED
                  20000000    00000360     rtos_pem4f.oem4f (.vecs)

xdc.meta   0    00000000    000000e4     COPY SECTION
                  00000000    000000e4     rtos_pem4f.oem4f (xdc.meta)

MODULE SUMMARY

       Module                                             code    ro data   rw data
       ------                                             ----    -------   -------
    .\
       Crystalfontz128x128_ST7735.obj                     958     40        32778  
       main.obj                                           1852    0         28192  
       sampling.obj                                       368     0         4104   
       kiss_fft.obj                                       2602    0         0      
       buttons.obj                                        748     0         82     
       HAL_EK_TM4C1294XL_Crystalfontz128x128_ST7735.obj   324     0         0      
       sysctl_pll.obj                                     72      0         0      
    +--+--------------------------------------------------+-------+---------+---------+
       Total:                                             6924    40        65156  
                                                                                   
    C:\Users\supad\workspace_v10\ece3849_LABTEST\Debug\configPkg\package\cfg\
       rtos_pem4f.oem4f                                   1546    7925      9100   
    +--+--------------------------------------------------+-------+---------+---------+
       Total:                                             1546    7925      9100   
                                                                                   
    C:/ti/tirtos_tivac_2_16_01_14/products/TivaWare_C_Series-2.1.1.71b/driverlib/ccs/Debug/driverlib.lib
       gpio.obj                                           526     144       0      
       adc.obj                                            362     0         0      
       timer.obj                                          134     0         0      
       pwm.obj                                            130     0         0      
       ssi.obj                                            88      0         0      
       sysctl.obj                                         58      0         0      
       interrupt.obj                                      32      0         0      
       cpu.obj                                            24      0         0      
    +--+--------------------------------------------------+-------+---------+---------+
       Total:                                             1354    144       0      
                                                                                   
    C:/ti/tirtos_tivac_2_16_01_14/products/TivaWare_C_Series-2.1.1.71b/grlib/ccs/Debug/grlib.lib
       string.obj                                         1192    0         0      
       fontfixed6x8.obj                                   0       960       0      
       line.obj                                           648     0         0      
       rectangle.obj                                      134     0         0      
       context.obj                                        104     16        4      
       charmap.obj                                        8       0         0      
    +--+--------------------------------------------------+-------+---------+---------+
       Total:                                             2086    976       4      
                                                                                   
    C:\Users\supad\workspace_v10\ece3849_LABTEST\src\sysbios\sysbios.aem4f
       BIOS.obj                                           10604   0         0      
       m3_Hwi_asm.obj                                     314     0         0      
       m3_TaskSupport_asm.obj                             180     0         0      
       m3_Hwi_asm_switch.obj                              118     0         0      
    +--+--------------------------------------------------+-------+---------+---------+
       Total:                                             11216   0         0      
                                                                                   
    C:\ti\ccs1020\ccs\tools\compiler\ti-cgt-arm_18.12.7.LTS\lib\rtsv7M4_T_le_v4SPD16_eabi.lib
       k_rem_pio2.c.obj                                   1848    344       0      
       s_cos.c.obj                                        1500    0         0      
       s_sin.c.obj                                        1476    0         0      
       fd_add_t2.asm.obj                                  438     0         0      
       trgmsg.c.obj                                       108     0         288    
       k_sin.c.obj                                        372     0         0      
       k_cos.c.obj                                        364     0         0      
       e_log10f.c.obj                                     348     0         0      
       e_sqrt.c.obj                                       344     0         0      
       fd_div_t2.asm.obj                                  310     0         0      
       s_scalbn.c.obj                                     272     0         0      
       fd_cmp_t2.asm.obj                                  268     0         0      
       fd_mul_t2.asm.obj                                  252     0         0      
       s_floor.c.obj                                      248     0         0      
       memcpy_t2.asm.obj                                  156     0         0      
       s_floorf.c.obj                                     128     0         0      
       memset_t2.asm.obj                                  122     0         0      
       fd_tos_t2.asm.obj                                  110     0         0      
       s_roundf.c.obj                                     110     0         0      
       copy_decompress_lzss.c.obj                         104     0         0      
       hostwrite.c.obj                                    88      0         0      
       cpy_tbl.c.obj                                      76      0         0      
       fd_toi_t2.asm.obj                                  72      0         0      
[...]
0000b744  semaphoreWaveform                                                    
0000b748  semaphoreProcessing                                                  
0000b74c  semaphoreDisplay                                                     
0000b750  clock0                                                               
0000b754  semaphoreButton                                                      
0000b758  buttonTask                                                           
0000b75c  mailboxButton                                                        
0000b760  userInputTask                                                        
0000b764  g_sCrystalfontz128x128                                               
0000b78c  ti_sysbios_heaps_HeapMem_Module__FXNS__C                             
0000b7b4  xdc_runtime_Startup_sfxnTab__A                                       
0000b7dc  ti_sysbios_gates_GateHwi_Module__FXNS__C                             
0000b800  ti_sysbios_gates_GateMutex_Module__FXNS__C                           
0000b824  ti_sysbios_heaps_HeapMem_Object__PARAMS__C                           
0000b848  ti_sysbios_knl_Semaphore_Object__PARAMS__C                           
0000b86c  ti_sysbios_gates_GateHwi_Object__DESC__C                             
0000b88c  ti_sysbios_gates_GateMutex_Object__DESC__C                           
0000b8ac  ti_sysbios_heaps_HeapMem_Object__DESC__C                             
0000b8cc  ti_sysbios_knl_Queue_Object__DESC__C                                 
0000b8ec  ti_sysbios_knl_Semaphore_Object__DESC__C                             
0000b90c  ti_sysbios_gates_GateHwi_Object__PARAMS__C                           
0000b924  ti_sysbios_gates_GateMutex_Object__PARAMS__C                         
0000b93c  ti_sysbios_knl_Queue_Object__PARAMS__C                               
0000b954  xdc_runtime_Startup_firstFxns__A                                     
0000b96c  xdc_runtime_Startup_sfxnRts__A                                       
0000b980  g_psDefaultCodePointMapTable                                         
0000b998  ti_sysbios_family_arm_m3_Hwi_excHookFuncs__A                         
0000b9a0  ti_sysbios_knl_Idle_funcList__C                                      
0000b9a8  xdc_runtime_Startup_firstFxns__C                                     
0000b9b0  xdc_runtime_Startup_lastFxns__C                                      
0000b9b8  ti_catalog_arm_cortexm4_tiva_ce_Boot_Module__diagsEnabled__C         
0000b9bc  ti_catalog_arm_cortexm4_tiva_ce_Boot_Module__diagsIncluded__C        
0000b9c0  ti_catalog_arm_cortexm4_tiva_ce_Boot_Module__diagsMask__C            
0000b9c4  ti_sysbios_family_arm_lm4_Timer_enableFunc__C                        
0000b9c8  ti_sysbios_family_arm_lm4_Timer_numTimerDevices__C                   
0000b9cc  ti_sysbios_family_arm_lm4_Timer_startupNeeded__C                     
0000b9d0  ti_sysbios_family_arm_lm4_TimestampProvider_Module__diagsEnabled__C  
0000b9d4  ti_sysbios_family_arm_lm4_TimestampProvider_Module__diagsIncluded__C 
0000b9d8  ti_sysbios_family_arm_lm4_TimestampProvider_Module__diagsMask__C     
0000b9dc  ti_sysbios_family_arm_m3_Hwi_E_NMI__C                                
0000b9e0  ti_sysbios_family_arm_m3_Hwi_E_busFault__C                           
0000b9e4  ti_sysbios_family_arm_m3_Hwi_E_debugMon__C                           
0000b9e8  ti_sysbios_family_arm_m3_Hwi_E_hardFault__C                          
0000b9ec  ti_sysbios_family_arm_m3_Hwi_E_memFault__C                           
0000b9f0  ti_sysbios_family_arm_m3_Hwi_E_noIsr__C                              
0000b9f4  ti_sysbios_family_arm_m3_Hwi_E_reserved__C                           
0000b9f8  ti_sysbios_family_arm_m3_Hwi_E_svCall__C                             
0000b9fc  ti_sysbios_family_arm_m3_Hwi_E_usageFault__C                         
0000ba00  ti_sysbios_family_arm_m3_Hwi_NUM_INTERRUPTS__C                       
0000ba04  ti_sysbios_family_arm_m3_Hwi_Object__count__C                        
0000ba08  ti_sysbios_family_arm_m3_Hwi_ccr__C                                  
0000ba0c  ti_sysbios_family_arm_m3_Hwi_excHandlerFunc__C                       
0000ba10  ti_sysbios_family_arm_m3_Hwi_excHookFuncs__C                         
0000ba14  ti_sysbios_family_arm_m3_Hwi_nullIsrFunc__C                          
0000ba18  ti_sysbios_family_arm_m3_Hwi_priGroup__C                             
0000ba1c  ti_sysbios_gates_GateMutex_A_badContext__C                           
0000ba20  ti_sysbios_gates_GateMutex_Instance_State_sem__O                     
0000ba24  ti_sysbios_gates_GateMutex_Module__diagsEnabled__C                   
0000ba28  ti_sysbios_gates_GateMutex_Module__diagsIncluded__C                  
0000ba2c  ti_sysbios_gates_GateMutex_Module__diagsMask__C                      
0000ba30  ti_sysbios_hal_Hwi_E_stackOverflow__C                                
0000ba34  ti_sysbios_heaps_HeapMem_A_align__C                                  
0000ba38  ti_sysbios_heaps_HeapMem_A_heapSize__C                               
0000ba3c  ti_sysbios_heaps_HeapMem_A_invalidFree__C                            
0000ba40  ti_sysbios_heaps_HeapMem_A_zeroBlock__C                              
0000ba44  ti_sysbios_heaps_HeapMem_E_memory__C                                 
0000ba48  ti_sysbios_heaps_HeapMem_Module__diagsEnabled__C                     
0000ba4c  ti_sysbios_heaps_HeapMem_Module__diagsIncluded__C                    
0000ba50  ti_sysbios_heaps_HeapMem_Module__diagsMask__C                        
0000ba54  ti_sysbios_heaps_HeapMem_Module__gateObj__C                          
0000ba58  ti_sysbios_heaps_HeapMem_Object__count__C                            
0000ba5c  ti_sysbios_heaps_HeapMem_reqAlign__C                                 
0000ba60  ti_sysbios_knl_Clock_Module_State_clockQ__O                          
0000ba64  ti_sysbios_knl_Idle_funcList__A                                      
0000ba68  ti_sysbios_knl_Mailbox_Instance_State_dataQue__O                     
0000ba6c  ti_sysbios_knl_Mailbox_Instance_State_dataSem__O                     
0000ba70  ti_sysbios_knl_Mailbox_Instance_State_freeQue__O                     
0000ba74  ti_sysbios_knl_Mailbox_Instance_State_freeSem__O                     
0000ba78  ti_sysbios_knl_Mailbox_Object__count__C                              
0000ba7c  ti_sysbios_knl_Mailbox_maxTypeAlign__C                               
0000ba80  ti_sysbios_knl_Semaphore_A_badContext__C                             
0000ba84  ti_sysbios_knl_Semaphore_A_noEvents__C                               
0000ba88  ti_sysbios_knl_Semaphore_A_overflow__C                               
0000ba8c  ti_sysbios_knl_Semaphore_A_pendTaskDisabled__C                       
0000ba90  ti_sysbios_knl_Semaphore_Instance_State_pendQ__O                     
0000ba94  ti_sysbios_knl_Semaphore_Module__diagsEnabled__C                     
0000ba98  ti_sysbios_knl_Semaphore_Module__diagsIncluded__C                    
0000ba9c  ti_sysbios_knl_Semaphore_Module__diagsMask__C                        
0000baa0  ti_sysbios_knl_Swi_Object__count__C                                  
0000baa4  ti_sysbios_knl_Task_E_spOutOfBounds__C                               
0000baa8  ti_sysbios_knl_Task_E_stackOverflow__C                               
0000baac  ti_sysbios_knl_Task_Module_State_inactiveQ__O                        
0000bab0  ti_sysbios_knl_Task_Object__count__C                                 
0000bab4  ti_sysbios_knl_Task_allBlockedFunc__C                                
0000bab8  ti_sysbios_knl_Task_numConstructedTasks__C                           
0000babc  xdc_runtime_Assert_E_assertFailed__C                                 
0000bac0  xdc_runtime_Core_A_initializedParams__C                              
0000bac4  xdc_runtime_Core_Module__diagsEnabled__C                             
0000bac8  xdc_runtime_Core_Module__diagsIncluded__C                            
0000bacc  xdc_runtime_Core_Module__diagsMask__C                                
0000bad0  xdc_runtime_Error_E_memory__C                                        
0000bad4  xdc_runtime_Error_Module__diagsEnabled__C                            
0000bad8  xdc_runtime_Error_Module__diagsIncluded__C                           
0000badc  xdc_runtime_Error_Module__diagsMask__C                               
0000bae0  xdc_runtime_Error_Module__loggerFxn8__C                              
0000bae4  xdc_runtime_Error_Module__loggerObj__C                               
0000bae8  xdc_runtime_Error_policyFxn__C                                       
0000baec  xdc_runtime_Error_raiseHook__C                                       
0000baf0  xdc_runtime_IGateProvider_Interface__BASE__C                         
0000baf4  xdc_runtime_IHeap_Interface__BASE__C                                 
0000baf8  xdc_runtime_IModule_Interface__BASE__C                               
0000bafc  xdc_runtime_Log_L_error__C                                           
0000bb00  xdc_runtime_Memory_defaultHeapInstance__C                            
0000bb04  xdc_runtime_Startup_execImpl__C                                      
0000bb08  xdc_runtime_Startup_maxPasses__C                                     
0000bb0c  xdc_runtime_Startup_sfxnRts__C                                       
0000bb10  xdc_runtime_Startup_sfxnTab__C                                       
0000bb14  xdc_runtime_SysMin_bufSize__C                                        
0000bb18  xdc_runtime_SysMin_outputFunc__C                                     
0000bb1c  xdc_runtime_System_Module__gateObj__C                                
0000bb20  xdc_runtime_System_abortFxn__C                                       
0000bb24  xdc_runtime_System_exitFxn__C                                        
0000bb28  xdc_runtime_System_extendFxn__C                                      
0000bb2c  xdc_runtime_System_maxAtexitHandlers__C                              
0000bb30  xdc_runtime_Text_charTab__C                                          
0000bb34  xdc_runtime_Text_nameEmpty__C                                        
0000bb38  xdc_runtime_Text_nameStatic__C                                       
0000bb3c  xdc_runtime_Text_nameUnknown__C                                      
0000bb40  xdc_runtime_Text_nodeTab__C                                          
0000bb44  xdc_runtime_Text_visitRopeFxn__C                                     
0000bb48  ti_catalog_arm_cortexm4_tiva_ce_Boot_Module__id__C                   
0000bb4a  ti_sysbios_family_arm_lm4_TimestampProvider_Module__id__C            
0000bb4c  ti_sysbios_family_arm_lm4_TimestampProvider_useClockTimer__C         
0000bb4e  ti_sysbios_family_arm_m3_Hwi_Module__id__C                           
0000bb50  ti_sysbios_gates_GateMutex_Module__id__C                             
0000bb52  ti_sysbios_hal_Hwi_Module__id__C                                     
0000bb54  ti_sysbios_heaps_HeapMem_Module__id__C                               
0000bb56  ti_sysbios_knl_Semaphore_Module__id__C                               
0000bb58  ti_sysbios_knl_Task_Module__id__C                                    
0000bb5a  xdc_runtime_Core_Module__id__C                                       
0000bb5c  xdc_runtime_Error_Module__loggerDefined__C                           
0000bb5e  xdc_runtime_Error_maxDepth__C                                        
0000bb60  xdc_runtime_Memory_Module__id__C                                     
0000bb62  xdc_runtime_SysMin_flushAtExit__C                                    
0000bb64  xdc_runtime_Text_charCnt__C                                          
0000bb66  xdc_runtime_Text_isLoaded__C                                         
0000bb68  xdc_runtime_Text_registryModsLastId__C                               
0000bb6a  xdc_runtime_Text_unnamedModsLastId__C                                
0000bb6c  xdc_runtime_Error_policy__C                                          
0000bb70  __TI_static_base__                                                   
0000be08  __TI_Handler_Table_Base                                              
0000be14  __TI_Handler_Table_Limit                                             
0000be28  __TI_CINIT_Base                                                      
0000be40  __TI_CINIT_Limit                                                     
20000000  ti_sysbios_family_arm_m3_Hwi_ramVectors                              
20006468  ti_sysbios_knl_Task_Instance_State_0_stack__A                        
20006868  ti_sysbios_knl_Task_Instance_State_1_stack__A                        
20006c68  ti_sysbios_knl_Task_Instance_State_2_stack__A                        
20007068  ti_sysbios_knl_Task_Instance_State_3_stack__A                        
20007268  ti_sysbios_knl_Task_Instance_State_4_stack__A                        
20007468  ti_sysbios_knl_Task_Instance_State_5_stack__A                        
20007668  gADCBuffer                                                           
20008668  fft_sample                                                           
20008e68  ti_sysbios_heaps_HeapMem_Instance_State_0_buf__A                     
20009268  ti_sysbios_family_arm_m3_Hwi_dispatchTable                           
200095c8  displayBuffer                                                        
200097c8  out_db                                                               
200099c8  __CIOBUF_                                                            
20009ae8  sample                                                               
20009be8  xdc_runtime_SysMin_Module_State_0_outbuf__A                          
20009c7c  cfg                                                                  
20009c80  ti_sysbios_knl_Mailbox_Instance_State_0_allocBuf__A                  
20009c90  parmbuf                                                              
20009c98  fScale                                                               
20009c9c  gADCSamplingRate                                                     
20009ca4  Lcd_ScreenHeigth                                                     
20009ca6  Lcd_ScreenWidth                                                      
20009ca8  Lcd_TouchTrim                                                        
20009caa  Lcd_FlagRead                                                         
20009cab  Lcd_FontSolid                                                        
20009cac  Lcd_Orientation                                                      
20009cad  Lcd_PenSolid                                                         
20009cb0  Lcd_buffer                                                           
20011cb0  ti_sysbios_knl_Task_Object__table__V                                 
20011e78  ti_sysbios_knl_Swi_Module_State_0_readyQ__A                          
20011ef8  ti_sysbios_knl_Task_Module_State_0_readyQ__A                         
20011f78  ti_sysbios_knl_Mailbox_Object__table__V                              
20011fc8  ti_sysbios_knl_Semaphore_Object__table__V                            
20012018  ti_sysbios_knl_Task_Module__state__V                                 
2001205c  ti_sysbios_family_arm_lm4_Timer_Module_State_0_device__A             
2001209c  ti_sysbios_family_arm_lm4_Timer_Object__table__V                     
200120dc  ti_sysbios_gates_GateMutex_Object__table__V                          
20012114  ti_sysbios_family_arm_m3_Hwi_Module__state__V                        
20012148  ti_sysbios_family_arm_m3_Hwi_Object__table__V                        
20012178  ti_sysbios_knl_Swi_Object__table__V                                  
200121a8  ti_sysbios_knl_Clock_Module__state__V                                
200121f8  ti_sysbios_BIOS_Module__state__V                                     
2001221c  ti_sysbios_family_arm_lm4_Timer_Module_State_0_handles__A            
2001223c  ti_sysbios_knl_Clock_Object__table__V                                
2001225c  ti_sysbios_knl_Swi_Module__state__V                                  
20012278  ti_sysbios_heaps_HeapMem_Object__table__V                            
20012290  gSystemClock                                                         
20012294  display_mode                                                         
20012295  edge                                                                 
20012298  fVoltsPerDiv                                                         
2001229c  buffer_size                                                          
200122a0  gButtons                                                             
200122a4  fifo_head                                                            
200122a8  fifo_tail                                                            
200122ae  ti_sysbios_family_arm_m3_Hwi_Module_State_0_excActive__A             
200122b0  ti_sysbios_family_arm_lm4_Timer_Module__state__V                     
200122bc  xdc_runtime_SysMin_Module__state__V                                  
200122c8  _lock                                                                
200122cc  _unlock                                                              
200122d0  gJoystick                                                            
200122d8  gADCBufferIndex                                                      
200122dc  gADCErrors                                                           
200122e0  ti_sysbios_family_arm_lm4_TimestampProvider_Module__state__V         
200122e8  ti_sysbios_gates_GateHwi_Module__root__V                             
200122f0  ti_sysbios_gates_GateMutex_Module__root__V                           
200122f8  ti_sysbios_heaps_HeapMem_Module__root__V                             
20012300  ti_sysbios_knl_Queue_Module__root__V                                 
20012308  ti_sysbios_knl_Semaphore_Module__root__V                             
20012310  xdc_runtime_Registry_Module__state__V                                
20012318  xdc_runtime_Startup_Module__state__V                                 
20012320  xdc_runtime_System_Module_State_0_atexitHandlers__A                  
20012328  xdc_runtime_System_Module__state__V                                  
20012330  errno                                                                
20012334  main_func_sp                                                         
20012338  ti_sysbios_family_arm_m3_Hwi_Module_State_0_excContext__A            
2001233c  ti_sysbios_family_arm_m3_Hwi_Module_State_0_excStack__A              
20012340  ti_sysbios_gates_GateHwi_Object__table__V                            
20012344  ti_sysbios_knl_Task_Module_State_0_idleTask__A                       
20012348  xdc_runtime_Memory_Module__state__V                                  
2001234c  xdc_runtime_Error_Module__state__V                                   
20012350  __stack                                                              
20012650  __STACK_END                                                          
e000e000  ti_sysbios_family_arm_m3_Hwi_nvic                                    
ffffffff  __TI_pprof_out_hndl                                                  
ffffffff  __TI_prof_data_size                                                  
ffffffff  __TI_prof_data_start                                                 
ffffffff  __binit__                                                            
ffffffff  __c_args__                                                           
ffffffff  binit                                                                
UNDEFED   SHT$$INIT_ARRAY$$Base                                                
UNDEFED   SHT$$INIT_ARRAY$$Limit                                               

[669 symbols]
