<?xml version="1.0" encoding="ISO-8859-1" ?>
<link_info>
   <banner>TI ARM Linker PC v18.12.7.LTS</banner>
   <copyright>Copyright (c) 1996-2018 Texas Instruments Incorporated</copyright>
   <link_time>0x607df5d0</link_time>
   <link_errors>0x0</link_errors>
   <output_file>ece3849d20_lab1_dmsolomon.out</output_file>
   <entry_point>
      <name>_c_int00_noargs</name>
      <address>0x3ed9</address>
   </entry_point>
   <input_file_list>
      <input_file id="fl-2">
         <path>.\</path>
         <kind>object</kind>
         <file>Crystalfontz128x128_ST7735.obj</file>
         <name>Crystalfontz128x128_ST7735.obj</name>
      </input_file>
      <input_file id="fl-3">
         <path>.\</path>
         <kind>object</kind>
         <file>HAL_EK_TM4C1294XL_Crystalfontz128x128_ST7735.obj</file>
         <name>HAL_EK_TM4C1294XL_Crystalfontz128x128_ST7735.obj</name>
      </input_file>
      <input_file id="fl-4">
         <path>.\</path>
         <kind>object</kind>
         <file>buttons.obj</file>
         <name>buttons.obj</name>
      </input_file>
      <input_file id="fl-5">
         <path>.\</path>
         <kind>object</kind>
         <file>main.obj</file>
         <name>main.obj</name>
      </input_file>
      <input_file id="fl-6">
         <path>.\</path>
         <kind>object</kind>
         <file>sampling.obj</file>
         <name>sampling.obj</name>
      </input_file>
      <input_file id="fl-7">
         <path>.\</path>
         <kind>object</kind>
         <file>sysctl_pll.obj</file>
         <name>sysctl_pll.obj</name>
      </input_file>
      <input_file id="fl-8">
         <path>.\</path>
         <kind>object</kind>
         <file>tm4c1294ncpdt_startup_ccs.obj</file>
         <name>tm4c1294ncpdt_startup_ccs.obj</name>
      </input_file>
      <input_file id="fl-e">
         <kind>object</kind>
         <file>&lt;internal&gt;</file>
         <name>&lt;internal&gt;</name>
      </input_file>
      <input_file id="fl-c4">
         <path>C:\ti\ccs1020\ccs\tools\compiler\ti-cgt-arm_18.12.7.LTS\lib\</path>
         <kind>archive</kind>
         <file>rtsv7M4_T_le_v4SPD16_eabi.lib</file>
         <name>s_roundf.c.obj</name>
      </input_file>
      <input_file id="fl-c5">
         <path>C:\ti\ccs1020\ccs\tools\compiler\ti-cgt-arm_18.12.7.LTS\lib\</path>
         <kind>archive</kind>
         <file>rtsv7M4_T_le_v4SPD16_eabi.lib</file>
         <name>snprintf.c.obj</name>
      </input_file>
      <input_file id="fl-c6">
         <path>C:\ti\ccs1020\ccs\tools\compiler\ti-cgt-arm_18.12.7.LTS\lib\</path>
         <kind>archive</kind>
         <file>rtsv7M4_T_le_v4SPD16_eabi.lib</file>
         <name>fs_tod_t2.asm.obj</name>
      </input_file>
      <input_file id="fl-c7">
         <path>C:\ti\ccs1020\ccs\tools\compiler\ti-cgt-arm_18.12.7.LTS\lib\</path>
         <kind>archive</kind>
         <file>rtsv7M4_T_le_v4SPD16_eabi.lib</file>
         <name>memcpy_t2.asm.obj</name>
      </input_file>
      <input_file id="fl-c8">
         <path>C:\ti\ccs1020\ccs\tools\compiler\ti-cgt-arm_18.12.7.LTS\lib\</path>
         <kind>archive</kind>
         <file>rtsv7M4_T_le_v4SPD16_eabi.lib</file>
         <name>copy_zero_init.c.obj</name>
      </input_file>
      <input_file id="fl-c9">
         <path>C:\ti\ccs1020\ccs\tools\compiler\ti-cgt-arm_18.12.7.LTS\lib\</path>
         <kind>archive</kind>
         <file>rtsv7M4_T_le_v4SPD16_eabi.lib</file>
         <name>copy_decompress_none.c.obj</name>
      </input_file>
      <input_file id="fl-ca">
         <path>C:\ti\ccs1020\ccs\tools\compiler\ti-cgt-arm_18.12.7.LTS\lib\</path>
         <kind>archive</kind>
         <file>rtsv7M4_T_le_v4SPD16_eabi.lib</file>
         <name>copy_decompress_lzss.c.obj</name>
      </input_file>
      <input_file id="fl-cb">
         <path>C:\ti\ccs1020\ccs\tools\compiler\ti-cgt-arm_18.12.7.LTS\lib\</path>
         <kind>archive</kind>
         <file>rtsv7M4_T_le_v4SPD16_eabi.lib</file>
         <name>boot_cortex_m.c.obj</name>
      </input_file>
      <input_file id="fl-cc">
         <path>C:\ti\ccs1020\ccs\tools\compiler\ti-cgt-arm_18.12.7.LTS\lib\</path>
         <kind>archive</kind>
         <file>rtsv7M4_T_le_v4SPD16_eabi.lib</file>
         <name>s_floorf.c.obj</name>
      </input_file>
      <input_file id="fl-cd">
         <path>C:\ti\ccs1020\ccs\tools\compiler\ti-cgt-arm_18.12.7.LTS\lib\</path>
         <kind>archive</kind>
         <file>rtsv7M4_T_le_v4SPD16_eabi.lib</file>
         <name>_printfi.c.obj</name>
      </input_file>
      <input_file id="fl-ce">
         <path>C:\ti\ccs1020\ccs\tools\compiler\ti-cgt-arm_18.12.7.LTS\lib\</path>
         <kind>archive</kind>
         <file>rtsv7M4_T_le_v4SPD16_eabi.lib</file>
         <name>s_frexp.c.obj</name>
      </input_file>
      <input_file id="fl-cf">
         <path>C:\ti\ccs1020\ccs\tools\compiler\ti-cgt-arm_18.12.7.LTS\lib\</path>
         <kind>archive</kind>
         <file>rtsv7M4_T_le_v4SPD16_eabi.lib</file>
         <name>s_scalbn.c.obj</name>
      </input_file>
      <input_file id="fl-d0">
         <path>C:\ti\ccs1020\ccs\tools\compiler\ti-cgt-arm_18.12.7.LTS\lib\</path>
         <kind>archive</kind>
         <file>rtsv7M4_T_le_v4SPD16_eabi.lib</file>
         <name>ull_div_t2.asm.obj</name>
      </input_file>
      <input_file id="fl-d1">
         <path>C:\ti\ccs1020\ccs\tools\compiler\ti-cgt-arm_18.12.7.LTS\lib\</path>
         <kind>archive</kind>
         <file>rtsv7M4_T_le_v4SPD16_eabi.lib</file>
         <name>memset_t2.asm.obj</name>
      </input_file>
      <input_file id="fl-d2">
         <path>C:\ti\ccs1020\ccs\tools\compiler\ti-cgt-arm_18.12.7.LTS\lib\</path>
         <kind>archive</kind>
         <file>rtsv7M4_T_le_v4SPD16_eabi.lib</file>
         <name>fd_add_t2.asm.obj</name>
      </input_file>
      <input_file id="fl-d3">
         <path>C:\ti\ccs1020\ccs\tools\compiler\ti-cgt-arm_18.12.7.LTS\lib\</path>
         <kind>archive</kind>
         <file>rtsv7M4_T_le_v4SPD16_eabi.lib</file>
         <name>fd_cmp_t2.asm.obj</name>
      </input_file>
      <input_file id="fl-d4">
         <path>C:\ti\ccs1020\ccs\tools\compiler\ti-cgt-arm_18.12.7.LTS\lib\</path>
         <kind>archive</kind>
         <file>rtsv7M4_T_le_v4SPD16_eabi.lib</file>
         <name>fd_div_t2.asm.obj</name>
      </input_file>
      <input_file id="fl-d5">
         <path>C:\ti\ccs1020\ccs\tools\compiler\ti-cgt-arm_18.12.7.LTS\lib\</path>
         <kind>archive</kind>
         <file>rtsv7M4_T_le_v4SPD16_eabi.lib</file>
         <name>fd_mul_t2.asm.obj</name>
      </input_file>
      <input_file id="fl-d6">
         <path>C:\ti\ccs1020\ccs\tools\compiler\ti-cgt-arm_18.12.7.LTS\lib\</path>
         <kind>archive</kind>
         <file>rtsv7M4_T_le_v4SPD16_eabi.lib</file>
         <name>fd_toi_t2.asm.obj</name>
      </input_file>
      <input_file id="fl-d7">
         <path>C:\ti\ccs1020\ccs\tools\compiler\ti-cgt-arm_18.12.7.LTS\lib\</path>
         <kind>archive</kind>
         <file>rtsv7M4_T_le_v4SPD16_eabi.lib</file>
         <name>i_tofd_t2.asm.obj</name>
      </input_file>
      <input_file id="fl-d8">
         <path>C:\ti\ccs1020\ccs\tools\compiler\ti-cgt-arm_18.12.7.LTS\lib\</path>
         <kind>archive</kind>
         <file>rtsv7M4_T_le_v4SPD16_eabi.lib</file>
         <name>autoinit.c.obj</name>
      </input_file>
      <input_file id="fl-d9">
         <path>C:\ti\ccs1020\ccs\tools\compiler\ti-cgt-arm_18.12.7.LTS\lib\</path>
         <kind>archive</kind>
         <file>rtsv7M4_T_le_v4SPD16_eabi.lib</file>
         <name>pre_init.c.obj</name>
      </input_file>
      <input_file id="fl-da">
         <path>C:\ti\ccs1020\ccs\tools\compiler\ti-cgt-arm_18.12.7.LTS\lib\</path>
         <kind>archive</kind>
         <file>rtsv7M4_T_le_v4SPD16_eabi.lib</file>
         <name>cpy_tbl.c.obj</name>
      </input_file>
      <input_file id="fl-db">
         <path>C:\ti\ccs1020\ccs\tools\compiler\ti-cgt-arm_18.12.7.LTS\lib\</path>
         <kind>archive</kind>
         <file>rtsv7M4_T_le_v4SPD16_eabi.lib</file>
         <name>exit.c.obj</name>
      </input_file>
      <input_file id="fl-dc">
         <path>C:\ti\ccs1020\ccs\tools\compiler\ti-cgt-arm_18.12.7.LTS\lib\</path>
         <kind>archive</kind>
         <file>rtsv7M4_T_le_v4SPD16_eabi.lib</file>
         <name>_lock.c.obj</name>
      </input_file>
      <input_file id="fl-dd">
         <path>C:\ti\ccs1020\ccs\tools\compiler\ti-cgt-arm_18.12.7.LTS\lib\</path>
         <kind>archive</kind>
         <file>rtsv7M4_T_le_v4SPD16_eabi.lib</file>
         <name>args_main.c.obj</name>
      </input_file>
      <input_file id="fl-de">
         <path>C:\ti\ccs1020\ccs\tools\compiler\ti-cgt-arm_18.12.7.LTS\lib\</path>
         <kind>archive</kind>
         <file>rtsv7M4_T_le_v4SPD16_eabi.lib</file>
         <name>atoi.c.obj</name>
      </input_file>
      <input_file id="fl-df">
         <path>C:\ti\ccs1020\ccs\tools\compiler\ti-cgt-arm_18.12.7.LTS\lib\</path>
         <kind>archive</kind>
         <file>rtsv7M4_T_le_v4SPD16_eabi.lib</file>
         <name>ctype.c.obj</name>
      </input_file>
      <input_file id="fl-e0">
         <path>C:\ti\ccs1020\ccs\tools\compiler\ti-cgt-arm_18.12.7.LTS\lib\</path>
         <kind>archive</kind>
         <file>rtsv7M4_T_le_v4SPD16_eabi.lib</file>
         <name>ltoa.c.obj</name>
      </input_file>
      <input_file id="fl-e1">
         <path>C:\ti\ccs1020\ccs\tools\compiler\ti-cgt-arm_18.12.7.LTS\lib\</path>
         <kind>archive</kind>
         <file>rtsv7M4_T_le_v4SPD16_eabi.lib</file>
         <name>memccpy.c.obj</name>
      </input_file>
      <input_file id="fl-e2">
         <path>C:\ti\ccs1020\ccs\tools\compiler\ti-cgt-arm_18.12.7.LTS\lib\</path>
         <kind>archive</kind>
         <file>rtsv7M4_T_le_v4SPD16_eabi.lib</file>
         <name>strchr.c.obj</name>
      </input_file>
      <input_file id="fl-e3">
         <path>C:\ti\ccs1020\ccs\tools\compiler\ti-cgt-arm_18.12.7.LTS\lib\</path>
         <kind>archive</kind>
         <file>rtsv7M4_T_le_v4SPD16_eabi.lib</file>
         <name>strlen.c.obj</name>
      </input_file>
      <input_file id="fl-e4">
         <path>C:\ti\ccs1020\ccs\tools\compiler\ti-cgt-arm_18.12.7.LTS\lib\</path>
         <kind>archive</kind>
         <file>rtsv7M4_T_le_v4SPD16_eabi.lib</file>
         <name>errno.c.obj</name>
      </input_file>
      <input_file id="fl-e5">
         <path>C:\ti\ccs1020\ccs\tools\compiler\ti-cgt-arm_18.12.7.LTS\lib\</path>
         <kind>archive</kind>
         <file>rtsv7M4_T_le_v4SPD16_eabi.lib</file>
         <name>wcslen.c.obj</name>
      </input_file>
      <input_file id="fl-e6">
         <path>C:\ti\ccs1020\ccs\tools\compiler\ti-cgt-arm_18.12.7.LTS\lib\</path>
         <kind>archive</kind>
         <file>rtsv7M4_T_le_v4SPD16_eabi.lib</file>
         <name>s_copysign.c.obj</name>
      </input_file>
      <input_file id="fl-e7">
         <path>C:\ti\ccs1020\ccs\tools\compiler\ti-cgt-arm_18.12.7.LTS\lib\</path>
         <kind>archive</kind>
         <file>rtsv7M4_T_le_v4SPD16_eabi.lib</file>
         <name>div0.asm.obj</name>
      </input_file>
      <input_file id="fl-e8">
         <path>C:\ti\tirtos_tivac_2_16_01_14\products\TivaWare_C_Series-2.1.1.71b\grlib\ccs\Debug\</path>
         <kind>archive</kind>
         <file>grlib.lib</file>
         <name>context.obj</name>
      </input_file>
      <input_file id="fl-e9">
         <path>C:\ti\tirtos_tivac_2_16_01_14\products\TivaWare_C_Series-2.1.1.71b\grlib\ccs\Debug\</path>
         <kind>archive</kind>
         <file>grlib.lib</file>
         <name>line.obj</name>
      </input_file>
      <input_file id="fl-ea">
         <path>C:\ti\tirtos_tivac_2_16_01_14\products\TivaWare_C_Series-2.1.1.71b\grlib\ccs\Debug\</path>
         <kind>archive</kind>
         <file>grlib.lib</file>
         <name>rectangle.obj</name>
      </input_file>
      <input_file id="fl-eb">
         <path>C:\ti\tirtos_tivac_2_16_01_14\products\TivaWare_C_Series-2.1.1.71b\grlib\ccs\Debug\</path>
         <kind>archive</kind>
         <file>grlib.lib</file>
         <name>string.obj</name>
      </input_file>
      <input_file id="fl-ec">
         <path>C:\ti\tirtos_tivac_2_16_01_14\products\TivaWare_C_Series-2.1.1.71b\grlib\ccs\Debug\</path>
         <kind>archive</kind>
         <file>grlib.lib</file>
         <name>fontfixed6x8.obj</name>
      </input_file>
      <input_file id="fl-ed">
         <path>C:\ti\tirtos_tivac_2_16_01_14\products\TivaWare_C_Series-2.1.1.71b\grlib\ccs\Debug\</path>
         <kind>archive</kind>
         <file>grlib.lib</file>
         <name>charmap.obj</name>
      </input_file>
      <input_file id="fl-ee">
         <path>C:\ti\tirtos_tivac_2_16_01_14\products\TivaWare_C_Series-2.1.1.71b\driverlib\ccs\Debug\</path>
         <kind>archive</kind>
         <file>driverlib.lib</file>
         <name>adc.obj</name>
      </input_file>
      <input_file id="fl-ef">
         <path>C:\ti\tirtos_tivac_2_16_01_14\products\TivaWare_C_Series-2.1.1.71b\driverlib\ccs\Debug\</path>
         <kind>archive</kind>
         <file>driverlib.lib</file>
         <name>fpu.obj</name>
      </input_file>
      <input_file id="fl-f0">
         <path>C:\ti\tirtos_tivac_2_16_01_14\products\TivaWare_C_Series-2.1.1.71b\driverlib\ccs\Debug\</path>
         <kind>archive</kind>
         <file>driverlib.lib</file>
         <name>gpio.obj</name>
      </input_file>
      <input_file id="fl-f1">
         <path>C:\ti\tirtos_tivac_2_16_01_14\products\TivaWare_C_Series-2.1.1.71b\driverlib\ccs\Debug\</path>
         <kind>archive</kind>
         <file>driverlib.lib</file>
         <name>interrupt.obj</name>
      </input_file>
      <input_file id="fl-f2">
         <path>C:\ti\tirtos_tivac_2_16_01_14\products\TivaWare_C_Series-2.1.1.71b\driverlib\ccs\Debug\</path>
         <kind>archive</kind>
         <file>driverlib.lib</file>
         <name>pwm.obj</name>
      </input_file>
      <input_file id="fl-f3">
         <path>C:\ti\tirtos_tivac_2_16_01_14\products\TivaWare_C_Series-2.1.1.71b\driverlib\ccs\Debug\</path>
         <kind>archive</kind>
         <file>driverlib.lib</file>
         <name>ssi.obj</name>
      </input_file>
      <input_file id="fl-f4">
         <path>C:\ti\tirtos_tivac_2_16_01_14\products\TivaWare_C_Series-2.1.1.71b\driverlib\ccs\Debug\</path>
         <kind>archive</kind>
         <file>driverlib.lib</file>
         <name>sysctl.obj</name>
      </input_file>
      <input_file id="fl-f5">
         <path>C:\ti\tirtos_tivac_2_16_01_14\products\TivaWare_C_Series-2.1.1.71b\driverlib\ccs\Debug\</path>
         <kind>archive</kind>
         <file>driverlib.lib</file>
         <name>timer.obj</name>
      </input_file>
      <input_file id="fl-f6">
         <path>C:\ti\tirtos_tivac_2_16_01_14\products\TivaWare_C_Series-2.1.1.71b\driverlib\ccs\Debug\</path>
         <kind>archive</kind>
         <file>driverlib.lib</file>
         <name>cpu.obj</name>
      </input_file>
   </input_file_list>
   <object_component_list>
      <object_component id="oc-f">
         <name>.intvecs</name>
         <load_address>0x0</load_address>
         <run_address>0x0</run_address>
         <size>0x208</size>
         <input_file_ref idref="fl-8"/>
      </object_component>
      <object_component id="oc-343">
         <name>.text:__TI_printfi</name>
         <load_address>0x208</load_address>
         <run_address>0x208</run_address>
         <size>0xa4e</size>
         <input_file_ref idref="fl-cd"/>
      </object_component>
      <object_component id="oc-52f">
         <name>.text</name>
         <load_address>0xc56</load_address>
         <run_address>0xc56</run_address>
         <size>0x2</size>
         <input_file_ref idref="fl-e7"/>
      </object_component>
      <object_component id="oc-2a">
         <name>.text</name>
         <load_address>0xc58</load_address>
         <run_address>0xc58</run_address>
         <size>0x54c</size>
         <input_file_ref idref="fl-4"/>
      </object_component>
      <object_component id="oc-10a">
         <name>.text:TimerIntClear</name>
         <load_address>0x11a4</load_address>
         <run_address>0x11a4</run_address>
         <size>0x4</size>
         <input_file_ref idref="fl-f5"/>
      </object_component>
      <object_component id="oc-159">
         <name>.text</name>
         <load_address>0x11a8</load_address>
         <run_address>0x11a8</run_address>
         <size>0x4d6</size>
         <input_file_ref idref="fl-5"/>
      </object_component>
      <object_component id="oc-224">
         <name>.text</name>
         <load_address>0x1680</load_address>
         <run_address>0x1680</run_address>
         <size>0x3f0</size>
         <input_file_ref idref="fl-2"/>
      </object_component>
      <object_component id="oc-430">
         <name>.text:_pconv_a</name>
         <load_address>0x1a70</load_address>
         <run_address>0x1a70</run_address>
         <size>0x270</size>
         <input_file_ref idref="fl-cd"/>
      </object_component>
      <object_component id="oc-3dd">
         <name>.text:GrFontGlyphRender</name>
         <load_address>0x1ce0</load_address>
         <run_address>0x1ce0</run_address>
         <size>0x256</size>
         <input_file_ref idref="fl-eb"/>
      </object_component>
      <object_component id="oc-21e">
         <name>.text:SysCtlClockFreqSet</name>
         <load_address>0x1f38</load_address>
         <run_address>0x1f38</run_address>
         <size>0x204</size>
         <input_file_ref idref="fl-f4"/>
      </object_component>
      <object_component id="oc-41e">
         <name>.text:_pconv_g</name>
         <load_address>0x213c</load_address>
         <run_address>0x213c</run_address>
         <size>0x1d0</size>
         <input_file_ref idref="fl-cd"/>
      </object_component>
      <object_component id="oc-4c6">
         <name>.text</name>
         <load_address>0x230c</load_address>
         <run_address>0x230c</run_address>
         <size>0x1b6</size>
         <input_file_ref idref="fl-d2"/>
      </object_component>
      <object_component id="oc-110">
         <name>.text:GPIOPinRead</name>
         <load_address>0x24c2</load_address>
         <run_address>0x24c2</run_address>
         <size>0x6</size>
         <input_file_ref idref="fl-f0"/>
      </object_component>
      <object_component id="oc-30">
         <name>.text</name>
         <load_address>0x24c8</load_address>
         <run_address>0x24c8</run_address>
         <size>0x1a4</size>
         <input_file_ref idref="fl-6"/>
      </object_component>
      <object_component id="oc-153">
         <name>.text:_system_pre_init</name>
         <load_address>0x266c</load_address>
         <run_address>0x266c</run_address>
         <size>0x4</size>
         <input_file_ref idref="fl-d9"/>
      </object_component>
      <object_component id="oc-2fa">
         <name>.text</name>
         <load_address>0x2670</load_address>
         <run_address>0x2670</run_address>
         <size>0x17e</size>
         <input_file_ref idref="fl-3"/>
      </object_component>
      <object_component id="oc-42a">
         <name>.text:_pconv_e</name>
         <load_address>0x27f0</load_address>
         <run_address>0x27f0</run_address>
         <size>0x13c</size>
         <input_file_ref idref="fl-cd"/>
      </object_component>
      <object_component id="oc-4ac">
         <name>.text</name>
         <load_address>0x292c</load_address>
         <run_address>0x292c</run_address>
         <size>0x136</size>
         <input_file_ref idref="fl-d4"/>
      </object_component>
      <object_component id="oc-d7">
         <name>.text:GPIOPadConfigSet</name>
         <load_address>0x2a62</load_address>
         <run_address>0x2a62</run_address>
         <size>0x130</size>
         <input_file_ref idref="fl-f0"/>
      </object_component>
      <object_component id="oc-4d8">
         <name>.text:fcvt</name>
         <load_address>0x2b94</load_address>
         <run_address>0x2b94</run_address>
         <size>0x124</size>
         <input_file_ref idref="fl-cd"/>
      </object_component>
      <object_component id="oc-4ec">
         <name>.text:scalbn</name>
         <load_address>0x2cb8</load_address>
         <run_address>0x2cb8</run_address>
         <size>0x110</size>
         <input_file_ref idref="fl-cf"/>
      </object_component>
      <object_component id="oc-258">
         <name>.text:GrLineDraw</name>
         <load_address>0x2dc8</load_address>
         <run_address>0x2dc8</run_address>
         <size>0x106</size>
         <input_file_ref idref="fl-e9"/>
      </object_component>
      <object_component id="oc-4a7">
         <name>.text</name>
         <load_address>0x2ece</load_address>
         <run_address>0x2ece</run_address>
         <size>0xfc</size>
         <input_file_ref idref="fl-d5"/>
      </object_component>
      <object_component id="oc-30d">
         <name>.text:GrDefaultStringRenderer</name>
         <load_address>0x2fca</load_address>
         <run_address>0x2fca</run_address>
         <size>0xc4</size>
         <input_file_ref idref="fl-eb"/>
      </object_component>
      <object_component id="oc-33a">
         <name>.text:GrLineClip</name>
         <load_address>0x308e</load_address>
         <run_address>0x308e</run_address>
         <size>0xc0</size>
         <input_file_ref idref="fl-e9"/>
      </object_component>
      <object_component id="oc-413">
         <name>.text:_ltostr</name>
         <load_address>0x3150</load_address>
         <run_address>0x3150</run_address>
         <size>0xb1</size>
         <input_file_ref idref="fl-cd"/>
      </object_component>
      <object_component id="oc-44">
         <name>.text</name>
         <load_address>0x3202</load_address>
         <run_address>0x3202</run_address>
         <size>0x9c</size>
         <input_file_ref idref="fl-c7"/>
      </object_component>
      <object_component id="oc-4a0">
         <name>.text</name>
         <load_address>0x329e</load_address>
         <run_address>0x329e</run_address>
         <size>0x96</size>
         <input_file_ref idref="fl-d0"/>
      </object_component>
      <object_component id="oc-246">
         <name>.text:GrRectFill</name>
         <load_address>0x3334</load_address>
         <run_address>0x3334</run_address>
         <size>0x86</size>
         <input_file_ref idref="fl-ea"/>
      </object_component>
      <object_component id="oc-419">
         <name>.text:__aeabi_cdcmple</name>
         <load_address>0x33ba</load_address>
         <run_address>0x33ba</run_address>
         <size>0x86</size>
         <input_file_ref idref="fl-d3"/>
      </object_component>
      <object_component id="oc-4b1">
         <name>.text:__aeabi_cdrcmple</name>
         <load_address>0x3440</load_address>
         <run_address>0x3440</run_address>
         <size>0x86</size>
         <input_file_ref idref="fl-d3"/>
      </object_component>
      <object_component id="oc-18d">
         <name>.text:floorf</name>
         <load_address>0x34c8</load_address>
         <run_address>0x34c8</run_address>
         <size>0x80</size>
         <input_file_ref idref="fl-cc"/>
      </object_component>
      <object_component id="oc-fc">
         <name>.text:ADCSequenceStepConfigure</name>
         <load_address>0x3548</load_address>
         <run_address>0x3548</run_address>
         <size>0x7a</size>
         <input_file_ref idref="fl-ee"/>
      </object_component>
      <object_component id="oc-14d">
         <name>.text</name>
         <load_address>0x35c2</load_address>
         <run_address>0x35c2</run_address>
         <size>0x7a</size>
         <input_file_ref idref="fl-d1"/>
      </object_component>
      <object_component id="oc-4d1">
         <name>.text:_mcpy</name>
         <load_address>0x363c</load_address>
         <run_address>0x363c</run_address>
         <size>0x6e</size>
         <input_file_ref idref="fl-cd"/>
      </object_component>
      <object_component id="oc-ad">
         <name>.text:roundf</name>
         <load_address>0x36aa</load_address>
         <run_address>0x36aa</run_address>
         <size>0x6e</size>
         <input_file_ref idref="fl-c4"/>
      </object_component>
      <object_component id="oc-22d">
         <name>.text:GrContextInit</name>
         <load_address>0x3718</load_address>
         <run_address>0x3718</run_address>
         <size>0x68</size>
         <input_file_ref idref="fl-e8"/>
      </object_component>
      <object_component id="oc-cb">
         <name>.text:IntEnable</name>
         <load_address>0x3780</load_address>
         <run_address>0x3780</run_address>
         <size>0x68</size>
         <input_file_ref idref="fl-f1"/>
      </object_component>
      <object_component id="oc-12">
         <name>.text:decompress:lzss:__TI_decompress_lzss</name>
         <load_address>0x37e8</load_address>
         <run_address>0x37e8</run_address>
         <size>0x68</size>
         <input_file_ref idref="fl-ca"/>
      </object_component>
      <object_component id="oc-4e6">
         <name>.text:frexp</name>
         <load_address>0x3850</load_address>
         <run_address>0x3850</run_address>
         <size>0x64</size>
         <input_file_ref idref="fl-ce"/>
      </object_component>
      <object_component id="oc-a4">
         <name>.text:TimerConfigure</name>
         <load_address>0x38b4</load_address>
         <run_address>0x38b4</run_address>
         <size>0x60</size>
         <input_file_ref idref="fl-f5"/>
      </object_component>
      <object_component id="oc-487">
         <name>.text:FontWideGlyphDataGet</name>
         <load_address>0x3914</load_address>
         <run_address>0x3914</run_address>
         <size>0x5a</size>
         <input_file_ref idref="fl-eb"/>
      </object_component>
      <object_component id="oc-424">
         <name>.text:_pconv_f</name>
         <load_address>0x396e</load_address>
         <run_address>0x396e</run_address>
         <size>0x56</size>
         <input_file_ref idref="fl-cd"/>
      </object_component>
      <object_component id="oc-4bb">
         <name>.text:ltoa</name>
         <load_address>0x39c4</load_address>
         <run_address>0x39c4</run_address>
         <size>0x54</size>
         <input_file_ref idref="fl-e0"/>
      </object_component>
      <object_component id="oc-4cb">
         <name>.text:_ecpy</name>
         <load_address>0x3a18</load_address>
         <run_address>0x3a18</run_address>
         <size>0x52</size>
         <input_file_ref idref="fl-cd"/>
      </object_component>
      <object_component id="oc-40d">
         <name>.text:atoi</name>
         <load_address>0x3a6c</load_address>
         <run_address>0x3a6c</run_address>
         <size>0x4c</size>
         <input_file_ref idref="fl-de"/>
      </object_component>
      <object_component id="oc-269">
         <name>.text:snprintf</name>
         <load_address>0x3ab8</load_address>
         <run_address>0x3ab8</run_address>
         <size>0x4c</size>
         <input_file_ref idref="fl-c5"/>
      </object_component>
      <object_component id="oc-320">
         <name>.text:UpdateContextCharMapping</name>
         <load_address>0x3b04</load_address>
         <run_address>0x3b04</run_address>
         <size>0x4a</size>
         <input_file_ref idref="fl-eb"/>
      </object_component>
      <object_component id="oc-e3">
         <name>.text</name>
         <load_address>0x3b50</load_address>
         <run_address>0x3b50</run_address>
         <size>0x4a</size>
         <input_file_ref idref="fl-7"/>
      </object_component>
      <object_component id="oc-1dc">
         <name>.text:GPIOPinConfigure</name>
         <load_address>0x3b9c</load_address>
         <run_address>0x3b9c</run_address>
         <size>0x48</size>
         <input_file_ref idref="fl-f0"/>
      </object_component>
      <object_component id="oc-2e9">
         <name>.text:_SysCtlFrequencyGet</name>
         <load_address>0x3be4</load_address>
         <run_address>0x3be4</run_address>
         <size>0x48</size>
         <input_file_ref idref="fl-f4"/>
      </object_component>
      <object_component id="oc-4b6">
         <name>.text</name>
         <load_address>0x3c2c</load_address>
         <run_address>0x3c2c</run_address>
         <size>0x48</size>
         <input_file_ref idref="fl-d6"/>
      </object_component>
      <object_component id="oc-24c">
         <name>.text:GrLineDrawH</name>
         <load_address>0x3c74</load_address>
         <run_address>0x3c74</run_address>
         <size>0x46</size>
         <input_file_ref idref="fl-e9"/>
      </object_component>
      <object_component id="oc-252">
         <name>.text:GrLineDrawV</name>
         <load_address>0x3cba</load_address>
         <run_address>0x3cba</run_address>
         <size>0x46</size>
         <input_file_ref idref="fl-e9"/>
      </object_component>
      <object_component id="oc-27c">
         <name>.text:__TI_auto_init_nobinit_nopinit:__TI_auto_init_nobinit_nopinit</name>
         <load_address>0x3d00</load_address>
         <run_address>0x3d00</run_address>
         <size>0x44</size>
         <input_file_ref idref="fl-d8"/>
      </object_component>
      <object_component id="oc-f6">
         <name>.text:ADCSequenceConfigure</name>
         <load_address>0x3d44</load_address>
         <run_address>0x3d44</run_address>
         <size>0x3e</size>
         <input_file_ref idref="fl-ee"/>
      </object_component>
      <object_component id="oc-4de">
         <name>.text:_fcpy</name>
         <load_address>0x3d82</load_address>
         <run_address>0x3d82</run_address>
         <size>0x3e</size>
         <input_file_ref idref="fl-cd"/>
      </object_component>
      <object_component id="oc-3af">
         <name>.text:SSIConfigSetExpClk</name>
         <load_address>0x3dc0</load_address>
         <run_address>0x3dc0</run_address>
         <size>0x3c</size>
         <input_file_ref idref="fl-f3"/>
      </object_component>
      <object_component id="oc-48d">
         <name>.text:FontGlyphDataGet</name>
         <load_address>0x3dfc</load_address>
         <run_address>0x3dfc</run_address>
         <size>0x3a</size>
         <input_file_ref idref="fl-eb"/>
      </object_component>
      <object_component id="oc-264">
         <name>.text</name>
         <load_address>0x3e36</load_address>
         <run_address>0x3e36</run_address>
         <size>0x38</size>
         <input_file_ref idref="fl-c6"/>
      </object_component>
      <object_component id="oc-400">
         <name>.text:GrClipCodeGet</name>
         <load_address>0x3e6e</load_address>
         <run_address>0x3e6e</run_address>
         <size>0x36</size>
         <input_file_ref idref="fl-e9"/>
      </object_component>
      <object_component id="oc-98">
         <name>.text:SysCtlPeripheralEnable</name>
         <load_address>0x3ea4</load_address>
         <run_address>0x3ea4</run_address>
         <size>0x34</size>
         <input_file_ref idref="fl-f4"/>
      </object_component>
      <object_component id="oc-62">
         <name>.text:_c_int00_noargs:_c_int00_noargs</name>
         <load_address>0x3ed8</load_address>
         <run_address>0x3ed8</run_address>
         <size>0x34</size>
         <input_file_ref idref="fl-cb"/>
      </object_component>
      <object_component id="oc-349">
         <name>.text:_outs</name>
         <load_address>0x3f0c</load_address>
         <run_address>0x3f0c</run_address>
         <size>0x30</size>
         <input_file_ref idref="fl-c5"/>
      </object_component>
      <object_component id="oc-83">
         <name>.text:ADCIntStatus</name>
         <load_address>0x3f3c</load_address>
         <run_address>0x3f3c</run_address>
         <size>0x2e</size>
         <input_file_ref idref="fl-ee"/>
      </object_component>
      <object_component id="oc-3d1">
         <name>.text:GrStringNextCharGet</name>
         <load_address>0x3f6a</load_address>
         <run_address>0x3f6a</run_address>
         <size>0x2e</size>
         <input_file_ref idref="fl-eb"/>
      </object_component>
      <object_component id="oc-4c1">
         <name>.text</name>
         <load_address>0x3f98</load_address>
         <run_address>0x3f98</run_address>
         <size>0x2e</size>
         <input_file_ref idref="fl-d7"/>
      </object_component>
      <object_component id="oc-1a1">
         <name>.text:GPIODirModeSet</name>
         <load_address>0x3fc6</load_address>
         <run_address>0x3fc6</run_address>
         <size>0x2a</size>
         <input_file_ref idref="fl-f0"/>
      </object_component>
      <object_component id="oc-3cb">
         <name>.text:GrFontInfoGet</name>
         <load_address>0x3ff0</load_address>
         <run_address>0x3ff0</run_address>
         <size>0x26</size>
         <input_file_ref idref="fl-eb"/>
      </object_component>
      <object_component id="oc-c5">
         <name>.text:IntPrioritySet</name>
         <load_address>0x4018</load_address>
         <run_address>0x4018</run_address>
         <size>0x24</size>
         <input_file_ref idref="fl-f1"/>
      </object_component>
      <object_component id="oc-3d7">
         <name>.text:GrFontGlyphDataGet</name>
         <load_address>0x403c</load_address>
         <run_address>0x403c</run_address>
         <size>0x22</size>
         <input_file_ref idref="fl-eb"/>
      </object_component>
      <object_component id="oc-1e8">
         <name>.text:PWMGenConfigure</name>
         <load_address>0x405e</load_address>
         <run_address>0x405e</run_address>
         <size>0x22</size>
         <input_file_ref idref="fl-f2"/>
      </object_component>
      <object_component id="oc-8c">
         <name>.text:ADCSequenceDataGet</name>
         <load_address>0x4080</load_address>
         <run_address>0x4080</run_address>
         <size>0x1e</size>
         <input_file_ref idref="fl-ee"/>
      </object_component>
      <object_component id="oc-3f2">
         <name>.text:GrFontCodepageGet</name>
         <load_address>0x409e</load_address>
         <run_address>0x409e</run_address>
         <size>0x1e</size>
         <input_file_ref idref="fl-eb"/>
      </object_component>
      <object_component id="oc-1f4">
         <name>.text:PWMPulseWidthSet</name>
         <load_address>0x40bc</load_address>
         <run_address>0x40bc</run_address>
         <size>0x1e</size>
         <input_file_ref idref="fl-f2"/>
      </object_component>
      <object_component id="oc-2e3">
         <name>.text:_SysCtlMemTimingGet</name>
         <load_address>0x40dc</load_address>
         <run_address>0x40dc</run_address>
         <size>0x1c</size>
         <input_file_ref idref="fl-f4"/>
      </object_component>
      <object_component id="oc-436">
         <name>.text:memccpy</name>
         <load_address>0x40f8</load_address>
         <run_address>0x40f8</run_address>
         <size>0x1c</size>
         <input_file_ref idref="fl-e1"/>
      </object_component>
      <object_component id="oc-548">
         <name>.text:copysign</name>
         <load_address>0x4114</load_address>
         <run_address>0x4114</run_address>
         <size>0x1a</size>
         <input_file_ref idref="fl-e6"/>
      </object_component>
      <object_component id="oc-24">
         <name>.text</name>
         <load_address>0x4130</load_address>
         <run_address>0x4130</run_address>
         <size>0x1a</size>
         <input_file_ref idref="fl-8"/>
      </object_component>
      <object_component id="oc-ea">
         <name>.text:ADCClockConfigSet</name>
         <load_address>0x414a</load_address>
         <run_address>0x414a</run_address>
         <size>0x18</size>
         <input_file_ref idref="fl-ee"/>
      </object_component>
      <object_component id="oc-7d">
         <name>.text:ADCProcessorTrigger</name>
         <load_address>0x4162</load_address>
         <run_address>0x4162</run_address>
         <size>0x18</size>
         <input_file_ref idref="fl-ee"/>
      </object_component>
      <object_component id="oc-3c1">
         <name>.text:GPIOPinTypeGPIOOutput</name>
         <load_address>0x417a</load_address>
         <run_address>0x417a</run_address>
         <size>0x18</size>
         <input_file_ref idref="fl-f0"/>
      </object_component>
      <object_component id="oc-34f">
         <name>.text:_outc</name>
         <load_address>0x4192</load_address>
         <run_address>0x4192</run_address>
         <size>0x18</size>
         <input_file_ref idref="fl-c5"/>
      </object_component>
      <object_component id="oc-25e">
         <name>.text:GrStringDraw</name>
         <load_address>0x41aa</load_address>
         <run_address>0x41aa</run_address>
         <size>0x16</size>
         <input_file_ref idref="fl-eb"/>
      </object_component>
      <object_component id="oc-4f2">
         <name>.text:strchr</name>
         <load_address>0x41c0</load_address>
         <run_address>0x41c0</run_address>
         <size>0x16</size>
         <input_file_ref idref="fl-e2"/>
      </object_component>
      <object_component id="oc-1e2">
         <name>.text:PWMClockSet</name>
         <load_address>0x41d8</load_address>
         <run_address>0x41d8</run_address>
         <size>0x14</size>
         <input_file_ref idref="fl-f2"/>
      </object_component>
      <object_component id="oc-9e">
         <name>.text:TimerDisable</name>
         <load_address>0x41ec</load_address>
         <run_address>0x41ec</run_address>
         <size>0x14</size>
         <input_file_ref idref="fl-f5"/>
      </object_component>
      <object_component id="oc-407">
         <name>.text:strlen</name>
         <load_address>0x4200</load_address>
         <run_address>0x4200</run_address>
         <size>0x14</size>
         <input_file_ref idref="fl-e3"/>
      </object_component>
      <object_component id="oc-dd">
         <name>.text:GPIOPinTypeADC</name>
         <load_address>0x4214</load_address>
         <run_address>0x4214</run_address>
         <size>0x12</size>
         <input_file_ref idref="fl-f0"/>
      </object_component>
      <object_component id="oc-d1">
         <name>.text:GPIOPinTypeGPIOInput</name>
         <load_address>0x4226</load_address>
         <run_address>0x4226</run_address>
         <size>0x12</size>
         <input_file_ref idref="fl-f0"/>
      </object_component>
      <object_component id="oc-1d6">
         <name>.text:GPIOPinTypePWM</name>
         <load_address>0x4238</load_address>
         <run_address>0x4238</run_address>
         <size>0x12</size>
         <input_file_ref idref="fl-f0"/>
      </object_component>
      <object_component id="oc-3bb">
         <name>.text:GPIOPinTypeSSI</name>
         <load_address>0x424a</load_address>
         <run_address>0x424a</run_address>
         <size>0x12</size>
         <input_file_ref idref="fl-f0"/>
      </object_component>
      <object_component id="oc-1fa">
         <name>.text:PWMOutputState</name>
         <load_address>0x425c</load_address>
         <run_address>0x425c</run_address>
         <size>0x12</size>
         <input_file_ref idref="fl-f2"/>
      </object_component>
      <object_component id="oc-b3">
         <name>.text:TimerLoadSet</name>
         <load_address>0x426e</load_address>
         <run_address>0x426e</run_address>
         <size>0x12</size>
         <input_file_ref idref="fl-f5"/>
      </object_component>
      <object_component id="oc-43c">
         <name>.text:wcslen</name>
         <load_address>0x4280</load_address>
         <run_address>0x4280</run_address>
         <size>0x12</size>
         <input_file_ref idref="fl-e5"/>
      </object_component>
      <object_component id="oc-12a">
         <name>.text:ADCIntEnable</name>
         <load_address>0x4292</load_address>
         <run_address>0x4292</run_address>
         <size>0x10</size>
         <input_file_ref idref="fl-ee"/>
      </object_component>
      <object_component id="oc-212">
         <name>.text:FPUEnable</name>
         <load_address>0x42a4</load_address>
         <run_address>0x42a4</run_address>
         <size>0x10</size>
         <input_file_ref idref="fl-ef"/>
      </object_component>
      <object_component id="oc-218">
         <name>.text:FPULazyStackingEnable</name>
         <load_address>0x42b4</load_address>
         <run_address>0x42b4</run_address>
         <size>0x10</size>
         <input_file_ref idref="fl-ef"/>
      </object_component>
      <object_component id="oc-20c">
         <name>.text:IntMasterDisable</name>
         <load_address>0x42c4</load_address>
         <run_address>0x42c4</run_address>
         <size>0x10</size>
         <input_file_ref idref="fl-f1"/>
      </object_component>
      <object_component id="oc-23d">
         <name>.text:IntMasterEnable</name>
         <load_address>0x42d4</load_address>
         <run_address>0x42d4</run_address>
         <size>0x10</size>
         <input_file_ref idref="fl-f1"/>
      </object_component>
      <object_component id="oc-1ee">
         <name>.text:PWMGenPeriodSet</name>
         <load_address>0x42e4</load_address>
         <run_address>0x42e4</run_address>
         <size>0x10</size>
         <input_file_ref idref="fl-f2"/>
      </object_component>
      <object_component id="oc-f0">
         <name>.text:ADCSequenceDisable</name>
         <load_address>0x42f4</load_address>
         <run_address>0x42f4</run_address>
         <size>0xe</size>
         <input_file_ref idref="fl-ee"/>
      </object_component>
      <object_component id="oc-102">
         <name>.text:ADCSequenceEnable</name>
         <load_address>0x4302</load_address>
         <run_address>0x4302</run_address>
         <size>0xe</size>
         <input_file_ref idref="fl-ee"/>
      </object_component>
      <object_component id="oc-bf">
         <name>.text:TimerEnable</name>
         <load_address>0x4310</load_address>
         <run_address>0x4310</run_address>
         <size>0xe</size>
         <input_file_ref idref="fl-f5"/>
      </object_component>
      <object_component id="oc-18">
         <name>.text:decompress:none:__TI_decompress_none</name>
         <load_address>0x431e</load_address>
         <run_address>0x431e</run_address>
         <size>0xe</size>
         <input_file_ref idref="fl-c9"/>
      </object_component>
      <object_component id="oc-2da">
         <name>.text:CPUcpsid</name>
         <load_address>0x432c</load_address>
         <run_address>0x432c</run_address>
         <size>0xc</size>
         <input_file_ref idref="fl-f6"/>
      </object_component>
      <object_component id="oc-329">
         <name>.text:CPUcpsie</name>
         <load_address>0x4338</load_address>
         <run_address>0x4338</run_address>
         <size>0xc</size>
         <input_file_ref idref="fl-f6"/>
      </object_component>
      <object_component id="oc-200">
         <name>.text:PWMGenEnable</name>
         <load_address>0x4344</load_address>
         <run_address>0x4344</run_address>
         <size>0xc</size>
         <input_file_ref idref="fl-f2"/>
      </object_component>
      <object_component id="oc-56">
         <name>.text:decompress:ZI:__TI_zero_init</name>
         <load_address>0x4350</load_address>
         <run_address>0x4350</run_address>
         <size>0xc</size>
         <input_file_ref idref="fl-c8"/>
      </object_component>
      <object_component id="oc-92">
         <name>.text:ADCIntClear</name>
         <load_address>0x435c</load_address>
         <run_address>0x435c</run_address>
         <size>0xa</size>
         <input_file_ref idref="fl-ee"/>
      </object_component>
      <object_component id="oc-39d">
         <name>.text:SSIDataPut</name>
         <load_address>0x4366</load_address>
         <run_address>0x4366</run_address>
         <size>0xa</size>
         <input_file_ref idref="fl-f3"/>
      </object_component>
      <object_component id="oc-3b5">
         <name>.text:SSIEnable</name>
         <load_address>0x4370</load_address>
         <run_address>0x4370</run_address>
         <size>0xa</size>
         <input_file_ref idref="fl-f3"/>
      </object_component>
      <object_component id="oc-206">
         <name>.text:TimerIntStatus</name>
         <load_address>0x437a</load_address>
         <run_address>0x437a</run_address>
         <size>0xa</size>
         <input_file_ref idref="fl-f5"/>
      </object_component>
      <object_component id="oc-3e4">
         <name>.text:GrMapISO8859_1_Unicode</name>
         <load_address>0x4384</load_address>
         <run_address>0x4384</run_address>
         <size>0x8</size>
         <input_file_ref idref="fl-ed"/>
      </object_component>
      <object_component id="oc-3a3">
         <name>.text:SSIBusy</name>
         <load_address>0x438c</load_address>
         <run_address>0x438c</run_address>
         <size>0x8</size>
         <input_file_ref idref="fl-f3"/>
      </object_component>
      <object_component id="oc-b9">
         <name>.text:TimerIntEnable</name>
         <load_address>0x4394</load_address>
         <run_address>0x4394</run_address>
         <size>0x8</size>
         <input_file_ref idref="fl-f5"/>
      </object_component>
      <object_component id="oc-442">
         <name>.text:__aeabi_errno_addr</name>
         <load_address>0x439c</load_address>
         <run_address>0x439c</run_address>
         <size>0x8</size>
         <input_file_ref idref="fl-e4"/>
      </object_component>
      <object_component id="oc-3a9">
         <name>.text:GPIOPinWrite</name>
         <load_address>0x43a4</load_address>
         <run_address>0x43a4</run_address>
         <size>0x6</size>
         <input_file_ref idref="fl-f0"/>
      </object_component>
      <object_component id="oc-236">
         <name>.text:GrContextFontSet</name>
         <load_address>0x43aa</load_address>
         <run_address>0x43aa</run_address>
         <size>0x6</size>
         <input_file_ref idref="fl-eb"/>
      </object_component>
      <object_component id="oc-303">
         <name>.text:SysCtlDelay</name>
         <load_address>0x43b0</load_address>
         <run_address>0x43b0</run_address>
         <size>0x6</size>
         <input_file_ref idref="fl-f4"/>
      </object_component>
      <object_component id="oc-270">
         <name>.text:abort:abort</name>
         <load_address>0x43b6</load_address>
         <run_address>0x43b6</run_address>
         <size>0x4</size>
         <input_file_ref idref="fl-db"/>
      </object_component>
      <object_component id="oc-31a">
         <name>.const:.string:g_pui8FontFixed6x8Data</name>
         <load_address>0x43bc</load_address>
         <run_address>0x43bc</run_address>
         <size>0x2f8</size>
         <input_file_ref idref="fl-ec"/>
      </object_component>
      <object_component id="oc-2f2">
         <name>.const:g_pppui32XTALtoVCO</name>
         <load_address>0x46b4</load_address>
         <run_address>0x46b4</run_address>
         <size>0x120</size>
         <input_file_ref idref="fl-f4"/>
      </object_component>
      <object_component id="oc-49b">
         <name>.const:.string:_ctypes_</name>
         <load_address>0x47d4</load_address>
         <run_address>0x47d4</run_address>
         <size>0x101</size>
         <input_file_ref idref="fl-df"/>
      </object_component>
      <object_component id="oc-233">
         <name>.const:g_sFontFixed6x8</name>
         <load_address>0x48d8</load_address>
         <run_address>0x48d8</run_address>
         <size>0xc8</size>
         <input_file_ref idref="fl-ec"/>
      </object_component>
      <object_component id="oc-198">
         <name>.const:g_pui32Regs</name>
         <load_address>0x49a0</load_address>
         <run_address>0x49a0</run_address>
         <size>0x9c</size>
         <input_file_ref idref="fl-f1"/>
      </object_component>
      <object_component id="oc-2ce">
         <name>.const:g_pui32GPIOBaseAddrs</name>
         <load_address>0x4a3c</load_address>
         <run_address>0x4a3c</run_address>
         <size>0x90</size>
         <input_file_ref idref="fl-f0"/>
      </object_component>
      <object_component id="oc-19d">
         <name>.const</name>
         <load_address>0x4acc</load_address>
         <run_address>0x4acc</run_address>
         <size>0x70</size>
         <input_file_ref idref="fl-f1"/>
      </object_component>
      <object_component id="oc-2ef">
         <name>.const:g_pui32Xtals</name>
         <load_address>0x4b3c</load_address>
         <run_address>0x4b3c</run_address>
         <size>0x6c</size>
         <input_file_ref idref="fl-f4"/>
      </object_component>
      <object_component id="oc-392">
         <name>.const:g_sXTALtoMEMTIM</name>
         <load_address>0x4ba8</load_address>
         <run_address>0x4ba8</run_address>
         <size>0x30</size>
         <input_file_ref idref="fl-f4"/>
      </object_component>
      <object_component id="oc-22a">
         <name>.const:g_sCrystalfontz128x128</name>
         <load_address>0x4bd8</load_address>
         <run_address>0x4bd8</run_address>
         <size>0x28</size>
         <input_file_ref idref="fl-2"/>
      </object_component>
      <object_component id="oc-313">
         <name>.const</name>
         <load_address>0x4c00</load_address>
         <run_address>0x4c00</run_address>
         <size>0x10</size>
         <input_file_ref idref="fl-e8"/>
      </object_component>
      <object_component id="oc-2f5">
         <name>.const</name>
         <load_address>0x4c10</load_address>
         <run_address>0x4c10</run_address>
         <size>0x8</size>
         <input_file_ref idref="fl-f4"/>
      </object_component>
      <object_component id="oc-59e">
         <name>.cinit..data.load</name>
         <load_address>0x4c18</load_address>
         <run_address>0x4c18</run_address>
         <size>0x18</size>
      </object_component>
      <object_component id="oc-59c">
         <name>__TI_handler_table</name>
         <load_address>0x4c30</load_address>
         <run_address>0x4c30</run_address>
         <size>0xc</size>
      </object_component>
      <object_component id="oc-59f">
         <name>.cinit..bss.load</name>
         <load_address>0x4c40</load_address>
         <run_address>0x4c40</run_address>
         <size>0x8</size>
      </object_component>
      <object_component id="oc-59d">
         <name>__TI_cinit_table</name>
         <load_address>0x4c48</load_address>
         <run_address>0x4c48</run_address>
         <size>0x10</size>
      </object_component>
      <object_component id="oc-300">
         <name>.data:Lcd_buffer</name>
         <load_address>0x20000000</load_address>
         <run_address>0x20000000</run_address>
         <size>0x8000</size>
         <input_file_ref idref="fl-2"/>
      </object_component>
      <object_component id="oc-77">
         <name>.data</name>
         <load_address>0x20008024</load_address>
         <run_address>0x20008024</run_address>
         <size>0xe</size>
         <input_file_ref idref="fl-4"/>
      </object_component>
      <object_component id="oc-89">
         <name>.data:gJoystick</name>
         <load_address>0x20008034</load_address>
         <run_address>0x20008034</run_address>
         <size>0x8</size>
         <input_file_ref idref="fl-4"/>
      </object_component>
      <object_component id="oc-109">
         <name>.data:count$2</name>
         <load_address>0x20008000</load_address>
         <run_address>0x20008000</run_address>
         <size>0x24</size>
         <input_file_ref idref="fl-4"/>
      </object_component>
      <object_component id="oc-116">
         <name>.data</name>
         <load_address>0x20008044</load_address>
         <run_address>0x20008044</run_address>
         <size>0x5</size>
         <input_file_ref idref="fl-5"/>
      </object_component>
      <object_component id="oc-124">
         <name>.data</name>
         <load_address>0x2000803c</load_address>
         <run_address>0x2000803c</run_address>
         <size>0x8</size>
         <input_file_ref idref="fl-6"/>
      </object_component>
      <object_component id="oc-502">
         <name>.data</name>
         <load_address>0x2000804c</load_address>
         <run_address>0x2000804c</run_address>
         <size>0x4</size>
         <input_file_ref idref="fl-e4"/>
      </object_component>
      <object_component id="oc-108">
         <name>.bss:state$1</name>
         <uninitialized>true</uninitialized>
         <run_address>0x20009050</run_address>
         <size>0x14</size>
         <input_file_ref idref="fl-4"/>
      </object_component>
      <object_component id="oc-2f9">
         <name>.common:Lcd_Orientation</name>
         <uninitialized>true</uninitialized>
         <run_address>0x20009090</run_address>
         <size>0x1</size>
      </object_component>
      <object_component id="oc-305">
         <name>.common:Lcd_ScreenWidth</name>
         <uninitialized>true</uninitialized>
         <run_address>0x2000908a</run_address>
         <size>0x2</size>
      </object_component>
      <object_component id="oc-304">
         <name>.common:Lcd_ScreenHeigth</name>
         <uninitialized>true</uninitialized>
         <run_address>0x20009088</run_address>
         <size>0x2</size>
      </object_component>
      <object_component id="oc-306">
         <name>.common:Lcd_PenSolid</name>
         <uninitialized>true</uninitialized>
         <run_address>0x20009091</run_address>
         <size>0x1</size>
      </object_component>
      <object_component id="oc-307">
         <name>.common:Lcd_FontSolid</name>
         <uninitialized>true</uninitialized>
         <run_address>0x2000908f</run_address>
         <size>0x1</size>
      </object_component>
      <object_component id="oc-308">
         <name>.common:Lcd_FlagRead</name>
         <uninitialized>true</uninitialized>
         <run_address>0x2000908e</run_address>
         <size>0x1</size>
      </object_component>
      <object_component id="oc-309">
         <name>.common:Lcd_TouchTrim</name>
         <uninitialized>true</uninitialized>
         <run_address>0x2000908c</run_address>
         <size>0x2</size>
      </object_component>
      <object_component id="oc-e9">
         <name>.common:gADCSamplingRate</name>
         <uninitialized>true</uninitialized>
         <run_address>0x20009078</run_address>
         <size>0x4</size>
      </object_component>
      <object_component id="oc-7a">
         <name>.common:fifo</name>
         <uninitialized>true</uninitialized>
         <run_address>0x20009064</run_address>
         <size>0xc</size>
      </object_component>
      <object_component id="oc-aa">
         <name>.common:gSystemClock</name>
         <uninitialized>true</uninitialized>
         <run_address>0x2000907c</run_address>
         <size>0x4</size>
      </object_component>
      <object_component id="oc-245">
         <name>.common:buttons</name>
         <uninitialized>true</uninitialized>
         <run_address>0x20009092</run_address>
         <size>0x1</size>
      </object_component>
      <object_component id="oc-243">
         <name>.common:load_count</name>
         <uninitialized>true</uninitialized>
         <run_address>0x20009084</run_address>
         <size>0x4</size>
      </object_component>
      <object_component id="oc-23c">
         <name>.common:cpu_unload_count</name>
         <uninitialized>true</uninitialized>
         <run_address>0x20009074</run_address>
         <size>0x4</size>
      </object_component>
      <object_component id="oc-244">
         <name>.common:cpu_load</name>
         <uninitialized>true</uninitialized>
         <run_address>0x20009070</run_address>
         <size>0x4</size>
      </object_component>
      <object_component id="oc-127">
         <name>.common:gADCBuffer</name>
         <uninitialized>true</uninitialized>
         <run_address>0x20008050</run_address>
         <size>0x1000</size>
      </object_component>
      <object_component id="oc-316">
         <name>.common:g_psGrLibDefaults</name>
         <uninitialized>true</uninitialized>
         <run_address>0x20009080</run_address>
         <size>0x4</size>
      </object_component>
      <object_component id="oc-21">
         <name>.stack</name>
         <uninitialized>true</uninitialized>
         <run_address>0x20009098</run_address>
         <size>0x4</size>
         <input_file_ref idref="fl-cb"/>
      </object_component>
      <object_component id="oc-5a0">
         <name>.stack</name>
         <uninitialized>true</uninitialized>
         <run_address>0x20009098</run_address>
         <size>0x0</size>
      </object_component>
      <object_component id="oc-1c4">
         <name>.debug_info</name>
         <load_address>0x0</load_address>
         <run_address>0x0</run_address>
         <size>0x6f1</size>
         <input_file_ref idref="fl-2"/>
      </object_component>
      <object_component id="oc-301">
         <name>.debug_info</name>
         <load_address>0x6f1</load_address>
         <run_address>0x6f1</run_address>
         <size>0xf7</size>
         <input_file_ref idref="fl-2"/>
      </object_component>
      <object_component id="oc-22b">
         <name>.debug_info</name>
         <load_address>0x7e8</load_address>
         <run_address>0x7e8</run_address>
         <size>0x110</size>
         <input_file_ref idref="fl-2"/>
      </object_component>
      <object_component id="oc-227">
         <name>.debug_info</name>
         <load_address>0x8f8</load_address>
         <run_address>0x8f8</run_address>
         <size>0x10ec</size>
         <input_file_ref idref="fl-2"/>
      </object_component>
      <object_component id="oc-183">
         <name>.debug_info</name>
         <load_address>0x19e4</load_address>
         <run_address>0x19e4</run_address>
         <size>0x6bd</size>
         <input_file_ref idref="fl-2"/>
      </object_component>
      <object_component id="oc-133">
         <name>.debug_info</name>
         <load_address>0x20a1</load_address>
         <run_address>0x20a1</run_address>
         <size>0x26b</size>
         <input_file_ref idref="fl-2"/>
      </object_component>
      <object_component id="oc-11a">
         <name>.debug_info</name>
         <load_address>0x230c</load_address>
         <run_address>0x230c</run_address>
         <size>0x8b</size>
         <input_file_ref idref="fl-2"/>
      </object_component>
      <object_component id="oc-1ba">
         <name>.debug_info</name>
         <load_address>0x2397</load_address>
         <run_address>0x2397</run_address>
         <size>0x2a4</size>
         <input_file_ref idref="fl-2"/>
      </object_component>
      <object_component id="oc-1ac">
         <name>.debug_info</name>
         <load_address>0x263b</load_address>
         <run_address>0x263b</run_address>
         <size>0xef</size>
         <input_file_ref idref="fl-2"/>
      </object_component>
      <object_component id="oc-11f">
         <name>.debug_info</name>
         <load_address>0x272a</load_address>
         <run_address>0x272a</run_address>
         <size>0xbb</size>
         <input_file_ref idref="fl-2"/>
      </object_component>
      <object_component id="oc-3c8">
         <name>.debug_info</name>
         <load_address>0x27e5</load_address>
         <run_address>0x27e5</run_address>
         <size>0x6b1</size>
         <input_file_ref idref="fl-3"/>
      </object_component>
      <object_component id="oc-2fb">
         <name>.debug_info</name>
         <load_address>0x2e96</load_address>
         <run_address>0x2e96</run_address>
         <size>0x611</size>
         <input_file_ref idref="fl-3"/>
      </object_component>
      <object_component id="oc-7b">
         <name>.debug_info</name>
         <load_address>0x34a7</load_address>
         <run_address>0x34a7</run_address>
         <size>0x89b</size>
         <input_file_ref idref="fl-4"/>
      </object_component>
      <object_component id="oc-78">
         <name>.debug_info</name>
         <load_address>0x3d42</load_address>
         <run_address>0x3d42</run_address>
         <size>0x126</size>
         <input_file_ref idref="fl-4"/>
      </object_component>
      <object_component id="oc-8a">
         <name>.debug_info</name>
         <load_address>0x3e68</load_address>
         <run_address>0x3e68</run_address>
         <size>0xe2</size>
         <input_file_ref idref="fl-4"/>
      </object_component>
      <object_component id="oc-2c">
         <name>.debug_info</name>
         <load_address>0x3f4a</load_address>
         <run_address>0x3f4a</run_address>
         <size>0x939</size>
         <input_file_ref idref="fl-4"/>
      </object_component>
      <object_component id="oc-ab">
         <name>.debug_info</name>
         <load_address>0x4883</load_address>
         <run_address>0x4883</run_address>
         <size>0xcd8</size>
         <input_file_ref idref="fl-5"/>
      </object_component>
      <object_component id="oc-117">
         <name>.debug_info</name>
         <load_address>0x555b</load_address>
         <run_address>0x555b</run_address>
         <size>0xf0</size>
         <input_file_ref idref="fl-5"/>
      </object_component>
      <object_component id="oc-15a">
         <name>.debug_info</name>
         <load_address>0x564b</load_address>
         <run_address>0x564b</run_address>
         <size>0x721</size>
         <input_file_ref idref="fl-5"/>
      </object_component>
      <object_component id="oc-188">
         <name>.debug_info</name>
         <load_address>0x5d6c</load_address>
         <run_address>0x5d6c</run_address>
         <size>0xcc</size>
         <input_file_ref idref="fl-5"/>
      </object_component>
      <object_component id="oc-361">
         <name>.debug_info</name>
         <load_address>0x5e38</load_address>
         <run_address>0x5e38</run_address>
         <size>0x2c</size>
         <input_file_ref idref="fl-5"/>
      </object_component>
      <object_component id="oc-128">
         <name>.debug_info</name>
         <load_address>0x5e64</load_address>
         <run_address>0x5e64</run_address>
         <size>0x75f</size>
         <input_file_ref idref="fl-6"/>
      </object_component>
      <object_component id="oc-125">
         <name>.debug_info</name>
         <load_address>0x65c3</load_address>
         <run_address>0x65c3</run_address>
         <size>0x114</size>
         <input_file_ref idref="fl-6"/>
      </object_component>
      <object_component id="oc-33">
         <name>.debug_info</name>
         <load_address>0x66d7</load_address>
         <run_address>0x66d7</run_address>
         <size>0x3c9</size>
         <input_file_ref idref="fl-6"/>
      </object_component>
      <object_component id="oc-e6">
         <name>.debug_info</name>
         <load_address>0x6aa0</load_address>
         <run_address>0x6aa0</run_address>
         <size>0x1bb</size>
         <input_file_ref idref="fl-7"/>
      </object_component>
      <object_component id="oc-3f">
         <name>.debug_info</name>
         <load_address>0x6c5b</load_address>
         <run_address>0x6c5b</run_address>
         <size>0x84</size>
         <input_file_ref idref="fl-7"/>
      </object_component>
      <object_component id="oc-38">
         <name>.debug_info</name>
         <load_address>0x6cdf</load_address>
         <run_address>0x6cdf</run_address>
         <size>0x2eb</size>
         <input_file_ref idref="fl-8"/>
      </object_component>
      <object_component id="oc-10">
         <name>.debug_info</name>
         <load_address>0x6fca</load_address>
         <run_address>0x6fca</run_address>
         <size>0xfa</size>
         <input_file_ref idref="fl-8"/>
      </object_component>
      <object_component id="oc-27">
         <name>.debug_info</name>
         <load_address>0x70c4</load_address>
         <run_address>0x70c4</run_address>
         <size>0x279</size>
         <input_file_ref idref="fl-8"/>
      </object_component>
      <object_component id="oc-194">
         <name>.debug_info</name>
         <load_address>0x733d</load_address>
         <run_address>0x733d</run_address>
         <size>0x2b4</size>
         <input_file_ref idref="fl-c4"/>
      </object_component>
      <object_component id="oc-ae">
         <name>.debug_info</name>
         <load_address>0x75f1</load_address>
         <run_address>0x75f1</run_address>
         <size>0x18a</size>
         <input_file_ref idref="fl-c4"/>
      </object_component>
      <object_component id="oc-356">
         <name>.debug_info</name>
         <load_address>0x777b</load_address>
         <run_address>0x777b</run_address>
         <size>0x33b</size>
         <input_file_ref idref="fl-c5"/>
      </object_component>
      <object_component id="oc-26b">
         <name>.debug_info</name>
         <load_address>0x7ab6</load_address>
         <run_address>0x7ab6</run_address>
         <size>0x1ef</size>
         <input_file_ref idref="fl-c5"/>
      </object_component>
      <object_component id="oc-34d">
         <name>.debug_info</name>
         <load_address>0x7ca5</load_address>
         <run_address>0x7ca5</run_address>
         <size>0x1c4</size>
         <input_file_ref idref="fl-c5"/>
      </object_component>
      <object_component id="oc-351">
         <name>.debug_info</name>
         <load_address>0x7e69</load_address>
         <run_address>0x7e69</run_address>
         <size>0x177</size>
         <input_file_ref idref="fl-c5"/>
      </object_component>
      <object_component id="oc-357">
         <name>.debug_info</name>
         <load_address>0x7fe0</load_address>
         <run_address>0x7fe0</run_address>
         <size>0x2c</size>
         <input_file_ref idref="fl-c5"/>
      </object_component>
      <object_component id="oc-35c">
         <name>.debug_info</name>
         <load_address>0x800c</load_address>
         <run_address>0x800c</run_address>
         <size>0x69</size>
         <input_file_ref idref="fl-c5"/>
      </object_component>
      <object_component id="oc-265">
         <name>.debug_info</name>
         <load_address>0x8075</load_address>
         <run_address>0x8075</run_address>
         <size>0x12d</size>
         <input_file_ref idref="fl-c6"/>
      </object_component>
      <object_component id="oc-46">
         <name>.debug_info</name>
         <load_address>0x81a2</load_address>
         <run_address>0x81a2</run_address>
         <size>0x11a</size>
         <input_file_ref idref="fl-c7"/>
      </object_component>
      <object_component id="oc-14c">
         <name>.debug_info</name>
         <load_address>0x82bc</load_address>
         <run_address>0x82bc</run_address>
         <size>0x2d5</size>
         <input_file_ref idref="fl-c8"/>
      </object_component>
      <object_component id="oc-59">
         <name>.debug_info</name>
         <load_address>0x8591</load_address>
         <run_address>0x8591</run_address>
         <size>0x1b6</size>
         <input_file_ref idref="fl-c8"/>
      </object_component>
      <object_component id="oc-147">
         <name>.debug_info</name>
         <load_address>0x8747</load_address>
         <run_address>0x8747</run_address>
         <size>0x46</size>
         <input_file_ref idref="fl-c8"/>
      </object_component>
      <object_component id="oc-1cd">
         <name>.debug_info</name>
         <load_address>0x878d</load_address>
         <run_address>0x878d</run_address>
         <size>0x2c</size>
         <input_file_ref idref="fl-c8"/>
      </object_component>
      <object_component id="oc-4f">
         <name>.debug_info</name>
         <load_address>0x87b9</load_address>
         <run_address>0x87b9</run_address>
         <size>0x2a9</size>
         <input_file_ref idref="fl-c9"/>
      </object_component>
      <object_component id="oc-1b">
         <name>.debug_info</name>
         <load_address>0x8a62</load_address>
         <run_address>0x8a62</run_address>
         <size>0x1eb</size>
         <input_file_ref idref="fl-c9"/>
      </object_component>
      <object_component id="oc-4a">
         <name>.debug_info</name>
         <load_address>0x8c4d</load_address>
         <run_address>0x8c4d</run_address>
         <size>0x46</size>
         <input_file_ref idref="fl-c9"/>
      </object_component>
      <object_component id="oc-13f">
         <name>.debug_info</name>
         <load_address>0x8c93</load_address>
         <run_address>0x8c93</run_address>
         <size>0x2c</size>
         <input_file_ref idref="fl-c9"/>
      </object_component>
      <object_component id="oc-13d">
         <name>.debug_info</name>
         <load_address>0x8cbf</load_address>
         <run_address>0x8cbf</run_address>
         <size>0x29f</size>
         <input_file_ref idref="fl-ca"/>
      </object_component>
      <object_component id="oc-15">
         <name>.debug_info</name>
         <load_address>0x8f5e</load_address>
         <run_address>0x8f5e</run_address>
         <size>0x251</size>
         <input_file_ref idref="fl-ca"/>
      </object_component>
      <object_component id="oc-3a">
         <name>.debug_info</name>
         <load_address>0x91af</load_address>
         <run_address>0x91af</run_address>
         <size>0x60</size>
         <input_file_ref idref="fl-ca"/>
      </object_component>
      <object_component id="oc-1c6">
         <name>.debug_info</name>
         <load_address>0x920f</load_address>
         <run_address>0x920f</run_address>
         <size>0x46</size>
         <input_file_ref idref="fl-ca"/>
      </object_component>
      <object_component id="oc-138">
         <name>.debug_info</name>
         <load_address>0x9255</load_address>
         <run_address>0x9255</run_address>
         <size>0x39</size>
         <input_file_ref idref="fl-ca"/>
      </object_component>
      <object_component id="oc-22">
         <name>.debug_info</name>
         <load_address>0x928e</load_address>
         <run_address>0x928e</run_address>
         <size>0x10c</size>
         <input_file_ref idref="fl-cb"/>
      </object_component>
      <object_component id="oc-66">
         <name>.debug_info</name>
         <load_address>0x939a</load_address>
         <run_address>0x939a</run_address>
         <size>0x1aa</size>
         <input_file_ref idref="fl-cb"/>
      </object_component>
      <object_component id="oc-2ba">
         <name>.debug_info</name>
         <load_address>0x9544</load_address>
         <run_address>0x9544</run_address>
         <size>0x291</size>
         <input_file_ref idref="fl-cc"/>
      </object_component>
      <object_component id="oc-190">
         <name>.debug_info</name>
         <load_address>0x97d5</load_address>
         <run_address>0x97d5</run_address>
         <size>0x183</size>
         <input_file_ref idref="fl-cc"/>
      </object_component>
      <object_component id="oc-388">
         <name>.debug_info</name>
         <load_address>0x9958</load_address>
         <run_address>0x9958</run_address>
         <size>0x46</size>
         <input_file_ref idref="fl-cc"/>
      </object_component>
      <object_component id="oc-2bb">
         <name>.debug_info</name>
         <load_address>0x999e</load_address>
         <run_address>0x999e</run_address>
         <size>0x39</size>
         <input_file_ref idref="fl-cc"/>
      </object_component>
      <object_component id="oc-449">
         <name>.debug_info</name>
         <load_address>0x99d7</load_address>
         <run_address>0x99d7</run_address>
         <size>0x57c</size>
         <input_file_ref idref="fl-cd"/>
      </object_component>
      <object_component id="oc-416">
         <name>.debug_info</name>
         <load_address>0x9f53</load_address>
         <run_address>0x9f53</run_address>
         <size>0x21f</size>
         <input_file_ref idref="fl-cd"/>
      </object_component>
      <object_component id="oc-4ce">
         <name>.debug_info</name>
         <load_address>0xa172</load_address>
         <run_address>0xa172</run_address>
         <size>0x1b4</size>
         <input_file_ref idref="fl-cd"/>
      </object_component>
      <object_component id="oc-4d4">
         <name>.debug_info</name>
         <load_address>0xa326</load_address>
         <run_address>0xa326</run_address>
         <size>0x21c</size>
         <input_file_ref idref="fl-cd"/>
      </object_component>
      <object_component id="oc-421">
         <name>.debug_info</name>
         <load_address>0xa542</load_address>
         <run_address>0xa542</run_address>
         <size>0x3bc</size>
         <input_file_ref idref="fl-cd"/>
      </object_component>
      <object_component id="oc-4db">
         <name>.debug_info</name>
         <load_address>0xa8fe</load_address>
         <run_address>0xa8fe</run_address>
         <size>0x306</size>
         <input_file_ref idref="fl-cd"/>
      </object_component>
      <object_component id="oc-4e1">
         <name>.debug_info</name>
         <load_address>0xac04</load_address>
         <run_address>0xac04</run_address>
         <size>0x216</size>
         <input_file_ref idref="fl-cd"/>
      </object_component>
      <object_component id="oc-427">
         <name>.debug_info</name>
         <load_address>0xae1a</load_address>
         <run_address>0xae1a</run_address>
         <size>0x216</size>
         <input_file_ref idref="fl-cd"/>
      </object_component>
      <object_component id="oc-42d">
         <name>.debug_info</name>
         <load_address>0xb030</load_address>
         <run_address>0xb030</run_address>
         <size>0x305</size>
         <input_file_ref idref="fl-cd"/>
      </object_component>
      <object_component id="oc-433">
         <name>.debug_info</name>
         <load_address>0xb335</load_address>
         <run_address>0xb335</run_address>
         <size>0x4b1</size>
         <input_file_ref idref="fl-cd"/>
      </object_component>
      <object_component id="oc-346">
         <name>.debug_info</name>
         <load_address>0xb7e6</load_address>
         <run_address>0xb7e6</run_address>
         <size>0x5f5</size>
         <input_file_ref idref="fl-cd"/>
      </object_component>
      <object_component id="oc-44a">
         <name>.debug_info</name>
         <load_address>0xbddb</load_address>
         <run_address>0xbddb</run_address>
         <size>0x86</size>
         <input_file_ref idref="fl-cd"/>
      </object_component>
      <object_component id="oc-509">
         <name>.debug_info</name>
         <load_address>0xbe61</load_address>
         <run_address>0xbe61</run_address>
         <size>0x39</size>
         <input_file_ref idref="fl-cd"/>
      </object_component>
      <object_component id="oc-55f">
         <name>.debug_info</name>
         <load_address>0xbe9a</load_address>
         <run_address>0xbe9a</run_address>
         <size>0xb6</size>
         <input_file_ref idref="fl-cd"/>
      </object_component>
      <object_component id="oc-50e">
         <name>.debug_info</name>
         <load_address>0xbf50</load_address>
         <run_address>0xbf50</run_address>
         <size>0x46</size>
         <input_file_ref idref="fl-cd"/>
      </object_component>
      <object_component id="oc-44f">
         <name>.debug_info</name>
         <load_address>0xbf96</load_address>
         <run_address>0xbf96</run_address>
         <size>0x46</size>
         <input_file_ref idref="fl-cd"/>
      </object_component>
      <object_component id="oc-542">
         <name>.debug_info</name>
         <load_address>0xbfdc</load_address>
         <run_address>0xbfdc</run_address>
         <size>0x29b</size>
         <input_file_ref idref="fl-ce"/>
      </object_component>
      <object_component id="oc-4e7">
         <name>.debug_info</name>
         <load_address>0xc277</load_address>
         <run_address>0xc277</run_address>
         <size>0x196</size>
         <input_file_ref idref="fl-ce"/>
      </object_component>
      <object_component id="oc-56b">
         <name>.debug_info</name>
         <load_address>0xc40d</load_address>
         <run_address>0xc40d</run_address>
         <size>0x39</size>
         <input_file_ref idref="fl-ce"/>
      </object_component>
      <object_component id="oc-543">
         <name>.debug_info</name>
         <load_address>0xc446</load_address>
         <run_address>0xc446</run_address>
         <size>0x2c</size>
         <input_file_ref idref="fl-ce"/>
      </object_component>
      <object_component id="oc-54f">
         <name>.debug_info</name>
         <load_address>0xc472</load_address>
         <run_address>0xc472</run_address>
         <size>0x2fe</size>
         <input_file_ref idref="fl-cf"/>
      </object_component>
      <object_component id="oc-4ed">
         <name>.debug_info</name>
         <load_address>0xc770</load_address>
         <run_address>0xc770</run_address>
         <size>0x226</size>
         <input_file_ref idref="fl-cf"/>
      </object_component>
      <object_component id="oc-4a1">
         <name>.debug_info</name>
         <load_address>0xc996</load_address>
         <run_address>0xc996</run_address>
         <size>0x135</size>
         <input_file_ref idref="fl-d0"/>
      </object_component>
      <object_component id="oc-150">
         <name>.debug_info</name>
         <load_address>0xcacb</load_address>
         <run_address>0xcacb</run_address>
         <size>0x148</size>
         <input_file_ref idref="fl-d1"/>
      </object_component>
      <object_component id="oc-4c7">
         <name>.debug_info</name>
         <load_address>0xcc13</load_address>
         <run_address>0xcc13</run_address>
         <size>0x14d</size>
         <input_file_ref idref="fl-d2"/>
      </object_component>
      <object_component id="oc-41c">
         <name>.debug_info</name>
         <load_address>0xcd60</load_address>
         <run_address>0xcd60</run_address>
         <size>0x129</size>
         <input_file_ref idref="fl-d3"/>
      </object_component>
      <object_component id="oc-4b4">
         <name>.debug_info</name>
         <load_address>0xce89</load_address>
         <run_address>0xce89</run_address>
         <size>0x12b</size>
         <input_file_ref idref="fl-d3"/>
[...]
      </symbol>
      <symbol id="sm-198">
         <name>ResetISR</name>
         <value>0x4131</value>
         <object_component_ref idref="oc-24"/>
      </symbol>
      <symbol id="sm-199">
         <name>g_pfnVectors</name>
         <value>0x0</value>
         <object_component_ref idref="oc-f"/>
      </symbol>
      <symbol id="sm-1a8">
         <name>roundf</name>
         <value>0x36ab</value>
         <object_component_ref idref="oc-ad"/>
      </symbol>
      <symbol id="sm-1d7">
         <name>snprintf</name>
         <value>0x3ab9</value>
         <object_component_ref idref="oc-269"/>
      </symbol>
      <symbol id="sm-1e2">
         <name>__aeabi_f2d</name>
         <value>0x3e37</value>
         <object_component_ref idref="oc-264"/>
      </symbol>
      <symbol id="sm-1fd">
         <name>memcpy</name>
         <value>0x3203</value>
         <object_component_ref idref="oc-44"/>
      </symbol>
      <symbol id="sm-1fe">
         <name>__aeabi_memcpy</name>
         <value>0x3203</value>
         <object_component_ref idref="oc-44"/>
      </symbol>
      <symbol id="sm-1ff">
         <name>__aeabi_memcpy8</name>
         <value>0x3203</value>
         <object_component_ref idref="oc-44"/>
      </symbol>
      <symbol id="sm-200">
         <name>__aeabi_memcpy4</name>
         <value>0x3203</value>
         <object_component_ref idref="oc-44"/>
      </symbol>
      <symbol id="sm-217">
         <name>__TI_zero_init</name>
         <value>0x4351</value>
         <object_component_ref idref="oc-56"/>
      </symbol>
      <symbol id="sm-22e">
         <name>__TI_decompress_none</name>
         <value>0x431f</value>
         <object_component_ref idref="oc-18"/>
      </symbol>
      <symbol id="sm-251">
         <name>__TI_decompress_lzss</name>
         <value>0x37e9</value>
         <object_component_ref idref="oc-12"/>
      </symbol>
      <symbol id="sm-264">
         <name>__stack</name>
         <value>0x20009098</value>
         <object_component_ref idref="oc-21"/>
      </symbol>
      <symbol id="sm-265">
         <name>_c_int00_noargs</name>
         <value>0x3ed9</value>
         <object_component_ref idref="oc-62"/>
      </symbol>
      <symbol id="sm-287">
         <name>floorf</name>
         <value>0x34c9</value>
         <object_component_ref idref="oc-18d"/>
      </symbol>
      <symbol id="sm-3ec">
         <name>__TI_printfi</name>
         <value>0x209</value>
         <object_component_ref idref="oc-343"/>
      </symbol>
      <symbol id="sm-40c">
         <name>frexpl</name>
         <value>0x3851</value>
         <object_component_ref idref="oc-4e6"/>
      </symbol>
      <symbol id="sm-40d">
         <name>frexp</name>
         <value>0x3851</value>
         <object_component_ref idref="oc-4e6"/>
      </symbol>
      <symbol id="sm-42a">
         <name>scalbn</name>
         <value>0x2cb9</value>
         <object_component_ref idref="oc-4ec"/>
      </symbol>
      <symbol id="sm-42b">
         <name>scalbnl</name>
         <value>0x2cb9</value>
         <object_component_ref idref="oc-4ec"/>
      </symbol>
      <symbol id="sm-42c">
         <name>ldexpl</name>
         <value>0x2cb9</value>
         <object_component_ref idref="oc-4ec"/>
      </symbol>
      <symbol id="sm-42d">
         <name>ldexp</name>
         <value>0x2cb9</value>
         <object_component_ref idref="oc-4ec"/>
      </symbol>
      <symbol id="sm-43a">
         <name>__aeabi_uldivmod</name>
         <value>0x329f</value>
         <object_component_ref idref="oc-4a0"/>
      </symbol>
      <symbol id="sm-449">
         <name>__aeabi_memset</name>
         <value>0x35c5</value>
         <object_component_ref idref="oc-14d"/>
      </symbol>
      <symbol id="sm-44a">
         <name>memset</name>
         <value>0x35cb</value>
         <object_component_ref idref="oc-14d"/>
      </symbol>
      <symbol id="sm-44b">
         <name>__aeabi_memset8</name>
         <value>0x35c5</value>
         <object_component_ref idref="oc-14d"/>
      </symbol>
      <symbol id="sm-44c">
         <name>__aeabi_memset4</name>
         <value>0x35c5</value>
         <object_component_ref idref="oc-14d"/>
      </symbol>
      <symbol id="sm-44d">
         <name>__aeabi_memclr8</name>
         <value>0x35c3</value>
         <object_component_ref idref="oc-14d"/>
      </symbol>
      <symbol id="sm-44e">
         <name>__aeabi_memclr4</name>
         <value>0x35c3</value>
         <object_component_ref idref="oc-14d"/>
      </symbol>
      <symbol id="sm-44f">
         <name>__aeabi_memclr</name>
         <value>0x35c3</value>
         <object_component_ref idref="oc-14d"/>
      </symbol>
      <symbol id="sm-466">
         <name>__aeabi_dsub</name>
         <value>0x230d</value>
         <object_component_ref idref="oc-4c6"/>
      </symbol>
      <symbol id="sm-467">
         <name>__aeabi_dadd</name>
         <value>0x2317</value>
         <object_component_ref idref="oc-4c6"/>
      </symbol>
      <symbol id="sm-489">
         <name>__aeabi_cdcmpeq</name>
         <value>0x33bb</value>
         <object_component_ref idref="oc-419"/>
      </symbol>
      <symbol id="sm-48a">
         <name>__aeabi_cdcmple</name>
         <value>0x33bb</value>
         <object_component_ref idref="oc-419"/>
      </symbol>
      <symbol id="sm-48b">
         <name>__aeabi_cdrcmple</name>
         <value>0x3441</value>
         <object_component_ref idref="oc-4b1"/>
      </symbol>
      <symbol id="sm-49f">
         <name>__aeabi_ddiv</name>
         <value>0x292d</value>
         <object_component_ref idref="oc-4ac"/>
      </symbol>
      <symbol id="sm-4aa">
         <name>__aeabi_dmul</name>
         <value>0x2ecf</value>
         <object_component_ref idref="oc-4a7"/>
      </symbol>
      <symbol id="sm-4b4">
         <name>__aeabi_d2iz</name>
         <value>0x3c2d</value>
         <object_component_ref idref="oc-4b6"/>
      </symbol>
      <symbol id="sm-4be">
         <name>__aeabi_i2d</name>
         <value>0x3f99</value>
         <object_component_ref idref="oc-4c1"/>
      </symbol>
      <symbol id="sm-4e6">
         <name>__TI_auto_init_nobinit_nopinit</name>
         <value>0x3d01</value>
         <object_component_ref idref="oc-27c"/>
      </symbol>
      <symbol id="sm-4f0">
         <name>_system_pre_init</name>
         <value>0x266d</value>
         <object_component_ref idref="oc-153"/>
      </symbol>
      <symbol id="sm-4fc">
         <name>C$$EXIT</name>
         <value>0x43b7</value>
         <object_component_ref idref="oc-270"/>
      </symbol>
      <symbol id="sm-4fd">
         <name>abort</name>
         <value>0x43b7</value>
         <object_component_ref idref="oc-270"/>
      </symbol>
      <symbol id="sm-515">
         <name>atoi</name>
         <value>0x3a6d</value>
         <object_component_ref idref="oc-40d"/>
      </symbol>
      <symbol id="sm-520">
         <name>_ctypes_</name>
         <value>0x47d4</value>
         <object_component_ref idref="oc-49b"/>
      </symbol>
      <symbol id="sm-52f">
         <name>ltoa</name>
         <value>0x39c5</value>
         <object_component_ref idref="oc-4bb"/>
      </symbol>
      <symbol id="sm-53f">
         <name>memccpy</name>
         <value>0x40f9</value>
         <object_component_ref idref="oc-436"/>
      </symbol>
      <symbol id="sm-54f">
         <name>strchr</name>
         <value>0x41c1</value>
         <object_component_ref idref="oc-4f2"/>
      </symbol>
      <symbol id="sm-55d">
         <name>strlen</name>
         <value>0x4201</value>
         <object_component_ref idref="oc-407"/>
      </symbol>
      <symbol id="sm-573">
         <name>__aeabi_errno_addr</name>
         <value>0x439d</value>
         <object_component_ref idref="oc-442"/>
      </symbol>
      <symbol id="sm-574">
         <name>errno</name>
         <value>0x2000804c</value>
         <object_component_ref idref="oc-502"/>
      </symbol>
      <symbol id="sm-58d">
         <name>wcslen</name>
         <value>0x4281</value>
         <object_component_ref idref="oc-43c"/>
      </symbol>
      <symbol id="sm-597">
         <name>copysign</name>
         <value>0x4115</value>
         <object_component_ref idref="oc-548"/>
      </symbol>
      <symbol id="sm-598">
         <name>copysignl</name>
         <value>0x4115</value>
         <object_component_ref idref="oc-548"/>
      </symbol>
      <symbol id="sm-5a2">
         <name>__aeabi_idiv0</name>
         <value>0xc57</value>
         <object_component_ref idref="oc-52f"/>
      </symbol>
      <symbol id="sm-5a3">
         <name>__aeabi_ldiv0</name>
         <value>0xc57</value>
         <object_component_ref idref="oc-52f"/>
      </symbol>
      <symbol id="sm-5c8">
         <name>GrContextInit</name>
         <value>0x3719</value>
         <object_component_ref idref="oc-22d"/>
      </symbol>
      <symbol id="sm-5c9">
         <name>g_psDefaultCodePointMapTable</name>
         <value>0x4c00</value>
         <object_component_ref idref="oc-313"/>
      </symbol>
      <symbol id="sm-60d">
         <name>GrLineDrawH</name>
         <value>0x3c75</value>
         <object_component_ref idref="oc-24c"/>
      </symbol>
      <symbol id="sm-60e">
         <name>GrLineDrawV</name>
         <value>0x3cbb</value>
         <object_component_ref idref="oc-252"/>
      </symbol>
      <symbol id="sm-60f">
         <name>GrLineDraw</name>
         <value>0x2dc9</value>
         <object_component_ref idref="oc-258"/>
      </symbol>
      <symbol id="sm-61d">
         <name>GrRectFill</name>
         <value>0x3335</value>
         <object_component_ref idref="oc-246"/>
      </symbol>
      <symbol id="sm-6ac">
         <name>GrFontInfoGet</name>
         <value>0x3ff1</value>
         <object_component_ref idref="oc-3cb"/>
      </symbol>
      <symbol id="sm-6ad">
         <name>GrDefaultStringRenderer</name>
         <value>0x2fcb</value>
         <object_component_ref idref="oc-30d"/>
      </symbol>
      <symbol id="sm-6ae">
         <name>GrFontGlyphRender</name>
         <value>0x1ce1</value>
         <object_component_ref idref="oc-3dd"/>
      </symbol>
      <symbol id="sm-6af">
         <name>GrContextFontSet</name>
         <value>0x43ab</value>
         <object_component_ref idref="oc-236"/>
      </symbol>
      <symbol id="sm-6b0">
         <name>GrFontGlyphDataGet</name>
         <value>0x403d</value>
         <object_component_ref idref="oc-3d7"/>
      </symbol>
      <symbol id="sm-6b1">
         <name>GrStringDraw</name>
         <value>0x41ab</value>
         <object_component_ref idref="oc-25e"/>
      </symbol>
      <symbol id="sm-6b2">
         <name>GrFontCodepageGet</name>
         <value>0x409f</value>
         <object_component_ref idref="oc-3f2"/>
      </symbol>
      <symbol id="sm-6b3">
         <name>GrStringNextCharGet</name>
         <value>0x3f6b</value>
         <object_component_ref idref="oc-3d1"/>
      </symbol>
      <symbol id="sm-6c5">
         <name>g_sFontFixed6x8</name>
         <value>0x48d8</value>
         <object_component_ref idref="oc-233"/>
      </symbol>
      <symbol id="sm-6d2">
         <name>GrMapISO8859_1_Unicode</name>
         <value>0x4385</value>
         <object_component_ref idref="oc-3e4"/>
      </symbol>
      <symbol id="sm-72f">
         <name>ADCProcessorTrigger</name>
         <value>0x4163</value>
         <object_component_ref idref="oc-7d"/>
      </symbol>
      <symbol id="sm-730">
         <name>ADCSequenceEnable</name>
         <value>0x4303</value>
         <object_component_ref idref="oc-102"/>
      </symbol>
      <symbol id="sm-731">
         <name>ADCSequenceConfigure</name>
         <value>0x3d45</value>
         <object_component_ref idref="oc-f6"/>
      </symbol>
      <symbol id="sm-732">
         <name>ADCIntEnable</name>
         <value>0x4293</value>
         <object_component_ref idref="oc-12a"/>
      </symbol>
      <symbol id="sm-733">
         <name>ADCSequenceStepConfigure</name>
         <value>0x3549</value>
         <object_component_ref idref="oc-fc"/>
      </symbol>
      <symbol id="sm-734">
         <name>ADCIntClear</name>
         <value>0x435d</value>
         <object_component_ref idref="oc-92"/>
      </symbol>
      <symbol id="sm-735">
         <name>ADCIntStatus</name>
         <value>0x3f3d</value>
         <object_component_ref idref="oc-83"/>
      </symbol>
      <symbol id="sm-736">
         <name>ADCSequenceDisable</name>
         <value>0x42f5</value>
         <object_component_ref idref="oc-f0"/>
      </symbol>
      <symbol id="sm-737">
         <name>ADCClockConfigSet</name>
         <value>0x414b</value>
         <object_component_ref idref="oc-ea"/>
      </symbol>
      <symbol id="sm-738">
         <name>ADCSequenceDataGet</name>
         <value>0x4081</value>
         <object_component_ref idref="oc-8c"/>
      </symbol>
      <symbol id="sm-74e">
         <name>FPULazyStackingEnable</name>
         <value>0x42b5</value>
         <object_component_ref idref="oc-218"/>
      </symbol>
      <symbol id="sm-74f">
         <name>FPUEnable</name>
         <value>0x42a5</value>
         <object_component_ref idref="oc-212"/>
      </symbol>
      <symbol id="sm-7b1">
         <name>GPIOPinTypePWM</name>
         <value>0x4239</value>
         <object_component_ref idref="oc-1d6"/>
      </symbol>
      <symbol id="sm-7b2">
         <name>GPIOPinConfigure</name>
         <value>0x3b9d</value>
         <object_component_ref idref="oc-1dc"/>
      </symbol>
      <symbol id="sm-7b3">
         <name>GPIOPinTypeADC</name>
         <value>0x4215</value>
         <object_component_ref idref="oc-dd"/>
      </symbol>
      <symbol id="sm-7b4">
         <name>GPIOPinTypeGPIOInput</name>
         <value>0x4227</value>
         <object_component_ref idref="oc-d1"/>
      </symbol>
      <symbol id="sm-7b5">
         <name>GPIOPinTypeGPIOOutput</name>
         <value>0x417b</value>
         <object_component_ref idref="oc-3c1"/>
      </symbol>
      <symbol id="sm-7b6">
         <name>GPIOPinRead</name>
         <value>0x24c3</value>
         <object_component_ref idref="oc-110"/>
      </symbol>
      <symbol id="sm-7b7">
         <name>GPIODirModeSet</name>
         <value>0x3fc7</value>
         <object_component_ref idref="oc-1a1"/>
      </symbol>
      <symbol id="sm-7b8">
         <name>GPIOPinWrite</name>
         <value>0x43a5</value>
         <object_component_ref idref="oc-3a9"/>
      </symbol>
      <symbol id="sm-7b9">
         <name>GPIOPadConfigSet</name>
         <value>0x2a63</value>
         <object_component_ref idref="oc-d7"/>
      </symbol>
      <symbol id="sm-7ba">
         <name>GPIOPinTypeSSI</name>
         <value>0x424b</value>
         <object_component_ref idref="oc-3bb"/>
      </symbol>
      <symbol id="sm-804">
         <name>IntPrioritySet</name>
         <value>0x4019</value>
         <object_component_ref idref="oc-c5"/>
      </symbol>
      <symbol id="sm-805">
         <name>IntEnable</name>
         <value>0x3781</value>
         <object_component_ref idref="oc-cb"/>
      </symbol>
      <symbol id="sm-806">
         <name>IntMasterDisable</name>
         <value>0x42c5</value>
         <object_component_ref idref="oc-20c"/>
      </symbol>
      <symbol id="sm-807">
         <name>IntMasterEnable</name>
         <value>0x42d5</value>
         <object_component_ref idref="oc-23d"/>
      </symbol>
      <symbol id="sm-83e">
         <name>PWMGenPeriodSet</name>
         <value>0x42e5</value>
         <object_component_ref idref="oc-1ee"/>
      </symbol>
      <symbol id="sm-83f">
         <name>PWMClockSet</name>
         <value>0x41d9</value>
         <object_component_ref idref="oc-1e2"/>
      </symbol>
      <symbol id="sm-840">
         <name>PWMPulseWidthSet</name>
         <value>0x40bd</value>
         <object_component_ref idref="oc-1f4"/>
      </symbol>
      <symbol id="sm-841">
         <name>PWMOutputState</name>
         <value>0x425d</value>
         <object_component_ref idref="oc-1fa"/>
      </symbol>
      <symbol id="sm-842">
         <name>PWMGenEnable</name>
         <value>0x4345</value>
         <object_component_ref idref="oc-200"/>
      </symbol>
      <symbol id="sm-843">
         <name>PWMGenConfigure</name>
         <value>0x405f</value>
         <object_component_ref idref="oc-1e8"/>
      </symbol>
      <symbol id="sm-86a">
         <name>SSIDataPut</name>
         <value>0x4367</value>
         <object_component_ref idref="oc-39d"/>
      </symbol>
      <symbol id="sm-86b">
         <name>SSIConfigSetExpClk</name>
         <value>0x3dc1</value>
         <object_component_ref idref="oc-3af"/>
      </symbol>
      <symbol id="sm-86c">
         <name>SSIEnable</name>
         <value>0x4371</value>
         <object_component_ref idref="oc-3b5"/>
      </symbol>
      <symbol id="sm-86d">
         <name>SSIBusy</name>
         <value>0x438d</value>
         <object_component_ref idref="oc-3a3"/>
      </symbol>
      <symbol id="sm-8dd">
         <name>SysCtlDelay</name>
         <value>0x43b1</value>
         <object_component_ref idref="oc-303"/>
      </symbol>
      <symbol id="sm-8de">
         <name>SysCtlPeripheralEnable</name>
         <value>0x3ea5</value>
         <object_component_ref idref="oc-98"/>
      </symbol>
      <symbol id="sm-8df">
         <name>SysCtlClockFreqSet</name>
         <value>0x1f39</value>
         <object_component_ref idref="oc-21e"/>
      </symbol>
      <symbol id="sm-925">
         <name>TimerLoadSet</name>
         <value>0x426f</value>
         <object_component_ref idref="oc-b3"/>
      </symbol>
      <symbol id="sm-926">
         <name>TimerDisable</name>
         <value>0x41ed</value>
         <object_component_ref idref="oc-9e"/>
      </symbol>
      <symbol id="sm-927">
         <name>TimerEnable</name>
         <value>0x4311</value>
         <object_component_ref idref="oc-bf"/>
      </symbol>
      <symbol id="sm-928">
         <name>TimerIntStatus</name>
         <value>0x437b</value>
         <object_component_ref idref="oc-206"/>
      </symbol>
      <symbol id="sm-929">
         <name>TimerIntEnable</name>
         <value>0x4395</value>
         <object_component_ref idref="oc-b9"/>
      </symbol>
      <symbol id="sm-92a">
         <name>TimerConfigure</name>
         <value>0x38b5</value>
         <object_component_ref idref="oc-a4"/>
      </symbol>
      <symbol id="sm-92b">
         <name>TimerIntClear</name>
         <value>0x11a5</value>
         <object_component_ref idref="oc-10a"/>
      </symbol>
      <symbol id="sm-93d">
         <name>CPUcpsie</name>
         <value>0x4339</value>
         <object_component_ref idref="oc-329"/>
      </symbol>
      <symbol id="sm-93e">
         <name>CPUcpsid</name>
         <value>0x432d</value>
         <object_component_ref idref="oc-2da"/>
      </symbol>
      <symbol id="sm-93f">
         <name>__TI_static_base__</name>
         <value>0x0</value>
      </symbol>
      <symbol id="sm-942">
         <name>__mpu_init</name>
         <value>0x0</value>
      </symbol>
      <symbol id="sm-943">
         <name>_system_post_cinit</name>
         <value>0x0</value>
      </symbol>
   </symbol_table>
   <title>Link successful</title>
</link_info>
